../Drivers/STM32H5xx_HAL_Driver/Src/stm32h5xx_ll_usb.c:74:26:USB_CoreReset	16	static
../Drivers/STM32H5xx_HAL_Driver/Src/stm32h5xx_ll_usb.c:92:19:USB_CoreInit	24	static
../Drivers/STM32H5xx_HAL_Driver/Src/stm32h5xx_ll_usb.c:117:19:USB_EnableGlobalInt	24	static
../Drivers/STM32H5xx_HAL_Driver/Src/stm32h5xx_ll_usb.c:142:19:USB_DisableGlobalInt	24	static
../Drivers/STM32H5xx_HAL_Driver/Src/stm32h5xx_ll_usb.c:166:19:USB_SetCurrentMode	16	static
../Drivers/STM32H5xx_HAL_Driver/Src/stm32h5xx_ll_usb.c:192:19:USB_DevInit	24	static
../Drivers/STM32H5xx_HAL_Driver/Src/stm32h5xx_ll_usb.c:221:19:USB_ActivateEndpoint	128	static
../Drivers/STM32H5xx_HAL_Driver/Src/stm32h5xx_ll_usb.c:354:19:USB_DeactivateEndpoint	96	static
../Drivers/STM32H5xx_HAL_Driver/Src/stm32h5xx_ll_usb.c:413:19:USB_EPStartXfer	96	static
../Drivers/STM32H5xx_HAL_Driver/Src/stm32h5xx_ll_usb.c:633:19:USB_EPSetStall	24	static
../Drivers/STM32H5xx_HAL_Driver/Src/stm32h5xx_ll_usb.c:653:19:USB_EPClearStall	40	static
../Drivers/STM32H5xx_HAL_Driver/Src/stm32h5xx_ll_usb.c:685:19:USB_EPStopXfer	32	static
../Drivers/STM32H5xx_HAL_Driver/Src/stm32h5xx_ll_usb.c:730:19:USB_StopDevice	16	static
../Drivers/STM32H5xx_HAL_Driver/Src/stm32h5xx_ll_usb.c:751:20:USB_SetDevAddress	16	static
../Drivers/STM32H5xx_HAL_Driver/Src/stm32h5xx_ll_usb.c:767:20:USB_DevConnect	16	static
../Drivers/STM32H5xx_HAL_Driver/Src/stm32h5xx_ll_usb.c:780:20:USB_DevDisconnect	16	static
../Drivers/STM32H5xx_HAL_Driver/Src/stm32h5xx_ll_usb.c:793:10:USB_ReadInterrupts	24	static
../Drivers/STM32H5xx_HAL_Driver/Src/stm32h5xx_ll_usb.c:806:19:USB_ActivateRemoteWakeup	16	static
../Drivers/STM32H5xx_HAL_Driver/Src/stm32h5xx_ll_usb.c:818:19:USB_DeActivateRemoteWakeup	16	static
../Drivers/STM32H5xx_HAL_Driver/Src/stm32h5xx_ll_usb.c:833:6:USB_WritePMA	48	static
../Drivers/STM32H5xx_HAL_Driver/Src/stm32h5xx_ll_usb.c:890:6:USB_ReadPMA	48	static
../Drivers/STM32H5xx_HAL_Driver/Src/stm32h5xx_ll_usb.c:950:19:USB_HostInit	16	static
../Drivers/STM32H5xx_HAL_Driver/Src/stm32h5xx_ll_usb.c:984:19:USB_ResetPort	16	static
../Drivers/STM32H5xx_HAL_Driver/Src/stm32h5xx_ll_usb.c:1004:10:USB_GetHostSpeed	16	static
../Drivers/STM32H5xx_HAL_Driver/Src/stm32h5xx_ll_usb.c:1021:10:USB_GetCurrentFrame	16	static
../Drivers/STM32H5xx_HAL_Driver/Src/stm32h5xx_ll_usb.c:1033:19:USB_HC_DoubleBuffer	24	static
../Drivers/STM32H5xx_HAL_Driver/Src/stm32h5xx_ll_usb.c:1076:19:USB_HC_Init	32	static
../Drivers/STM32H5xx_HAL_Driver/Src/stm32h5xx_ll_usb.c:1137:19:USB_HC_StartXfer	64	static
../Drivers/STM32H5xx_HAL_Driver/Src/stm32h5xx_ll_usb.c:1244:26:USB_HC_ISO_DB_StartXfer	32	static
../Drivers/STM32H5xx_HAL_Driver/Src/stm32h5xx_ll_usb.c:1276:26:USB_HC_BULK_DB_StartXfer	32	static
../Drivers/STM32H5xx_HAL_Driver/Src/stm32h5xx_ll_usb.c:1351:19:USB_HC_IN_Halt	24	static
../Drivers/STM32H5xx_HAL_Driver/Src/stm32h5xx_ll_usb.c:1367:19:USB_HC_OUT_Halt	24	static
../Drivers/STM32H5xx_HAL_Driver/Src/stm32h5xx_ll_usb.c:1380:19:USB_StopHost	16	static
