C:/Users/choua/STM32Cube/Repository/STM32Cube_FW_H5_V1.1.1/Drivers/STM32H5xx_HAL_Driver/Inc/stm32h5xx_ll_bus.h:875:22:LL_AHB2_GRP1_EnableClock	1
C:/Users/choua/STM32Cube/Repository/STM32Cube_FW_H5_V1.1.1/Drivers/STM32H5xx_HAL_Driver/Inc/stm32h5xx_ll_bus.h:1524:22:LL_APB1_GRP2_EnableClock	1
../Core/Src/main.c:100:5:main	2
../Core/Src/main.c:157:6:SystemClock_Config	4
../Core/Src/main.c:215:13:MX_ADC1_Init	3
../Core/Src/main.c:274:13:MX_ETH_Init	2
../Core/Src/main.c:323:13:MX_ICACHE_Init	2
../Core/Src/main.c:351:13:MX_LPUART1_UART_Init	5
../Core/Src/main.c:398:13:MX_TIM14_Init	2
../Core/Src/main.c:429:13:MX_UCPD1_Init	1
../Core/Src/main.c:465:13:MX_USB_PCD_Init	2
../Core/Src/main.c:501:13:MX_GPIO_Init	1
../Core/Src/main.c:557:6:HAL_TIM_PeriodElapsedCallback	5
../Core/Src/main.c:593:6:Error_Handler	1
