02:18:44 **** Incremental Build of configuration Debug for project keypad_lib_test ****
make -j12 all 
arm-none-eabi-gcc "../Core/Src/keypad.c" -mcpu=cortex-m33 -std=gnu11 -g3 -DDEBUG -DUSE_FULL_LL_DRIVER -DUSE_HAL_DRIVER -DSTM32H563xx -c -I../Core/Inc -IC:/Users/choua/STM32Cube/Repository/STM32Cube_FW_H5_V1.1.1/Drivers/STM32H5xx_HAL_Driver/Inc -IC:/Users/choua/STM32Cube/Repository/STM32Cube_FW_H5_V1.1.1/Drivers/STM32H5xx_HAL_Driver/Inc/Legacy -IC:/Users/choua/STM32Cube/Repository/STM32Cube_FW_H5_V1.1.1/Drivers/CMSIS/Device/ST/STM32H5xx/Include -IC:/Users/choua/STM32Cube/Repository/STM32Cube_FW_H5_V1.1.1/Drivers/CMSIS/Include -O0 -ffunction-sections -fdata-sections -Wall -fstack-usage -fcyclomatic-complexity -MMD -MP -MF"Core/Src/keypad.d" -MT"Core/Src/keypad.o" --specs=nano.specs -mfpu=fpv5-sp-d16 -mfloat-abi=hard -mthumb -o "Core/Src/keypad.o"
arm-none-eabi-gcc "../Core/Src/sysmem.c" -mcpu=cortex-m33 -std=gnu11 -g3 -DDEBUG -DUSE_FULL_LL_DRIVER -DUSE_HAL_DRIVER -DSTM32H563xx -c -I../Core/Inc -IC:/Users/choua/STM32Cube/Repository/STM32Cube_FW_H5_V1.1.1/Drivers/STM32H5xx_HAL_Driver/Inc -IC:/Users/choua/STM32Cube/Repository/STM32Cube_FW_H5_V1.1.1/Drivers/STM32H5xx_HAL_Driver/Inc/Legacy -IC:/Users/choua/STM32Cube/Repository/STM32Cube_FW_H5_V1.1.1/Drivers/CMSIS/Device/ST/STM32H5xx/Include -IC:/Users/choua/STM32Cube/Repository/STM32Cube_FW_H5_V1.1.1/Drivers/CMSIS/Include -O0 -ffunction-sections -fdata-sections -Wall -fstack-usage -fcyclomatic-complexity -MMD -MP -MF"Core/Src/sysmem.d" -MT"Core/Src/sysmem.o" --specs=nano.specs -mfpu=fpv5-sp-d16 -mfloat-abi=hard -mthumb -o "Core/Src/sysmem.o"
arm-none-eabi-gcc "../Core/Src/system_stm32h5xx.c" -mcpu=cortex-m33 -std=gnu11 -g3 -DDEBUG -DUSE_FULL_LL_DRIVER -DUSE_HAL_DRIVER -DSTM32H563xx -c -I../Core/Inc -IC:/Users/choua/STM32Cube/Repository/STM32Cube_FW_H5_V1.1.1/Drivers/STM32H5xx_HAL_Driver/Inc -IC:/Users/choua/STM32Cube/Repository/STM32Cube_FW_H5_V1.1.1/Drivers/STM32H5xx_HAL_Driver/Inc/Legacy -IC:/Users/choua/STM32Cube/Repository/STM32Cube_FW_H5_V1.1.1/Drivers/CMSIS/Device/ST/STM32H5xx/Include -IC:/Users/choua/STM32Cube/Repository/STM32Cube_FW_H5_V1.1.1/Drivers/CMSIS/Include -O0 -ffunction-sections -fdata-sections -Wall -fstack-usage -fcyclomatic-complexity -MMD -MP -MF"Core/Src/system_stm32h5xx.d" -MT"Core/Src/system_stm32h5xx.o" --specs=nano.specs -mfpu=fpv5-sp-d16 -mfloat-abi=hard -mthumb -o "Core/Src/system_stm32h5xx.o"
arm-none-eabi-gcc -o "keypad_lib_test.elf" @"objects.list"   -mcpu=cortex-m33 -T"C:\Users\choua\STM32CubeIDE\MakeCutter_ST\H563ZI\keypad_lib_test\STM32H563ZITX_FLASH.ld" --specs=nosys.specs -Wl,-Map="keypad_lib_test.map" -Wl,--gc-sections -static --specs=nano.specs -mfpu=fpv5-sp-d16 -mfloat-abi=hard -mthumb -Wl,--start-group -lc -lm -Wl,--end-group
Finished building target: keypad_lib_test.elf
 
arm-none-eabi-size  keypad_lib_test.elf 
arm-none-eabi-objdump -h -S keypad_lib_test.elf  > "keypad_lib_test.list"
   text	   data	    bss	    dec	    hex	filename
  42332	     20	   3108	  45460	   b194	keypad_lib_test.elf
Finished building: default.size.stdout
 
Finished building: keypad_lib_test.list
 
02:45:44 **** Incremental Build of configuration Debug for project keypad_lib_test ****
make -j12 all 
arm-none-eabi-gcc "../Core/Src/keypad.c" -mcpu=cortex-m33 -std=gnu11 -g3 -DDEBUG -DUSE_FULL_LL_DRIVER -DUSE_HAL_DRIVER -DSTM32H563xx -c -I../Core/Inc -IC:/Users/choua/STM32Cube/Repository/STM32Cube_FW_H5_V1.1.1/Drivers/STM32H5xx_HAL_Driver/Inc -IC:/Users/choua/STM32Cube/Repository/STM32Cube_FW_H5_V1.1.1/Drivers/STM32H5xx_HAL_Driver/Inc/Legacy -IC:/Users/choua/STM32Cube/Repository/STM32Cube_FW_H5_V1.1.1/Drivers/CMSIS/Device/ST/STM32H5xx/Include -IC:/Users/choua/STM32Cube/Repository/STM32Cube_FW_H5_V1.1.1/Drivers/CMSIS/Include -O0 -ffunction-sections -fdata-sections -Wall -fstack-usage -fcyclomatic-complexity -MMD -MP -MF"Core/Src/keypad.d" -MT"Core/Src/keypad.o" --specs=nano.specs -mfpu=fpv5-sp-d16 -mfloat-abi=hard -mthumb -o "Core/Src/keypad.o"
../Core/Src/keypad.c: In function 'Keypad_Rising_EXTI':
../Core/Src/keypad.c:34:17: error: case label does not reduce to an integer constant
   34 |                 case kb->ColPins[0]:
      |                 ^~~~
../Core/Src/keypad.c:37:17: error: case label does not reduce to an integer constant
   37 |                 case kb->ColPins[1]:
      |                 ^~~~
../Core/Src/keypad.c:40:17: error: case label does not reduce to an integer constant
   40 |                 case kb->ColPins[2]:
      |                 ^~~~
../Core/Src/keypad.c:43:17: error: case label does not reduce to an integer constant
   43 |                 case kb->ColPins[3]:
      |                 ^~~~
../Core/Src/keypad.c: In function 'Keypad_Falling_EXTI':
../Core/Src/keypad.c:68:17: error: case label does not reduce to an integer constant
   68 |                 case kb->ColPins[0]:
      |                 ^~~~
../Core/Src/keypad.c:71:17: error: case label does not reduce to an integer constant
   71 |                 case kb->ColPins[1]:
      |                 ^~~~
../Core/Src/keypad.c:75:17: error: case label does not reduce to an integer constant
   75 |                 case kb->ColPins[2]:
      |                 ^~~~
../Core/Src/keypad.c:79:17: error: case label does not reduce to an integer constant
   79 |                 case kb->ColPins[3]:
      |                 ^~~~
make: *** [Core/Src/subdir.mk:37: Core/Src/keypad.o] Error 1
"make -j12 all" terminated with exit code 2. Build might be incomplete.
02:46:49 **** Incremental Build of configuration Debug for project keypad_lib_test ****
make -j12 all 
arm-none-eabi-gcc "../Core/Src/keypad.c" -mcpu=cortex-m33 -std=gnu11 -g3 -DDEBUG -DUSE_FULL_LL_DRIVER -DUSE_HAL_DRIVER -DSTM32H563xx -c -I../Core/Inc -IC:/Users/choua/STM32Cube/Repository/STM32Cube_FW_H5_V1.1.1/Drivers/STM32H5xx_HAL_Driver/Inc -IC:/Users/choua/STM32Cube/Repository/STM32Cube_FW_H5_V1.1.1/Drivers/STM32H5xx_HAL_Driver/Inc/Legacy -IC:/Users/choua/STM32Cube/Repository/STM32Cube_FW_H5_V1.1.1/Drivers/CMSIS/Device/ST/STM32H5xx/Include -IC:/Users/choua/STM32Cube/Repository/STM32Cube_FW_H5_V1.1.1/Drivers/CMSIS/Include -O0 -ffunction-sections -fdata-sections -Wall -fstack-usage -fcyclomatic-complexity -MMD -MP -MF"Core/Src/keypad.d" -MT"Core/Src/keypad.o" --specs=nano.specs -mfpu=fpv5-sp-d16 -mfloat-abi=hard -mthumb -o "Core/Src/keypad.o"
../Core/Src/keypad.c: In function 'Keypad_Rising_EXTI':
../Core/Src/keypad.c:34:17: error: case label does not reduce to an integer constant
   34 |                 case (kb->ColPins[0]):
      |                 ^~~~
../Core/Src/keypad.c:37:17: error: case label does not reduce to an integer constant
   37 |                 case (kb->ColPins[1]):
      |                 ^~~~
../Core/Src/keypad.c:40:17: error: case label does not reduce to an integer constant
   40 |                 case (kb->ColPins[2]):
      |                 ^~~~
../Core/Src/keypad.c:43:17: error: case label does not reduce to an integer constant
   43 |                 case (kb->ColPins[3]):
      |                 ^~~~
../Core/Src/keypad.c: In function 'Keypad_Falling_EXTI':
../Core/Src/keypad.c:68:17: error: case label does not reduce to an integer constant
   68 |                 case (kb->ColPins[0]):
      |                 ^~~~
../Core/Src/keypad.c:71:17: error: case label does not reduce to an integer constant
   71 |                 case (kb->ColPins[1]):
      |                 ^~~~
../Core/Src/keypad.c:75:17: error: case label does not reduce to an integer constant
   75 |                 case (kb->ColPins[2]):
      |                 ^~~~
../Core/Src/keypad.c:79:17: error: case label does not reduce to an integer constant
   79 |                 case (kb->ColPins[3]):
      |                 ^~~~
make: *** [Core/Src/subdir.mk:37: Core/Src/keypad.o] Error 1
"make -j12 all" terminated with exit code 2. Build might be incomplete.
03:02:48 **** Incremental Build of configuration Debug for project keypad_lib_test ****
make -j12 all 
arm-none-eabi-gcc "../Core/Src/keypad.c" -mcpu=cortex-m33 -std=gnu11 -g3 -DDEBUG -DUSE_FULL_LL_DRIVER -DUSE_HAL_DRIVER -DSTM32H563xx -c -I../Core/Inc -IC:/Users/choua/STM32Cube/Repository/STM32Cube_FW_H5_V1.1.1/Drivers/STM32H5xx_HAL_Driver/Inc -IC:/Users/choua/STM32Cube/Repository/STM32Cube_FW_H5_V1.1.1/Drivers/STM32H5xx_HAL_Driver/Inc/Legacy -IC:/Users/choua/STM32Cube/Repository/STM32Cube_FW_H5_V1.1.1/Drivers/CMSIS/Device/ST/STM32H5xx/Include -IC:/Users/choua/STM32Cube/Repository/STM32Cube_FW_H5_V1.1.1/Drivers/CMSIS/Include -O0 -ffunction-sections -fdata-sections -Wall -fstack-usage -fcyclomatic-complexity -MMD -MP -MF"Core/Src/keypad.d" -MT"Core/Src/keypad.o" --specs=nano.specs -mfpu=fpv5-sp-d16 -mfloat-abi=hard -mthumb -o "Core/Src/keypad.o"
arm-none-eabi-gcc -o "keypad_lib_test.elf" @"objects.list"   -mcpu=cortex-m33 -T"C:\Users\choua\STM32CubeIDE\MakeCutter_ST\H563ZI\keypad_lib_test\STM32H563ZITX_FLASH.ld" --specs=nosys.specs -Wl,-Map="keypad_lib_test.map" -Wl,--gc-sections -static --specs=nano.specs -mfpu=fpv5-sp-d16 -mfloat-abi=hard -mthumb -Wl,--start-group -lc -lm -Wl,--end-group
Finished building target: keypad_lib_test.elf
 
arm-none-eabi-size  keypad_lib_test.elf 
arm-none-eabi-objdump -h -S keypad_lib_test.elf  > "keypad_lib_test.list"
   text	   data	    bss	    dec	    hex	filename
  42332	     20	   3108	  45460	   b194	keypad_lib_test.elf
Finished building: default.size.stdout
 
Finished building: keypad_lib_test.list
 
03:16:25 **** Incremental Build of configuration Debug for project keypad_lib_test ****
make -j12 all 
arm-none-eabi-gcc "../Core/Src/main.c" -mcpu=cortex-m33 -std=gnu11 -g3 -DDEBUG -DUSE_FULL_LL_DRIVER -DUSE_HAL_DRIVER -DSTM32H563xx -c -I../Core/Inc -IC:/Users/choua/STM32Cube/Repository/STM32Cube_FW_H5_V1.1.1/Drivers/STM32H5xx_HAL_Driver/Inc -IC:/Users/choua/STM32Cube/Repository/STM32Cube_FW_H5_V1.1.1/Drivers/STM32H5xx_HAL_Driver/Inc/Legacy -IC:/Users/choua/STM32Cube/Repository/STM32Cube_FW_H5_V1.1.1/Drivers/CMSIS/Device/ST/STM32H5xx/Include -IC:/Users/choua/STM32Cube/Repository/STM32Cube_FW_H5_V1.1.1/Drivers/CMSIS/Include -O0 -ffunction-sections -fdata-sections -Wall -fstack-usage -fcyclomatic-complexity -MMD -MP -MF"Core/Src/main.d" -MT"Core/Src/main.o" --specs=nano.specs -mfpu=fpv5-sp-d16 -mfloat-abi=hard -mthumb -o "Core/Src/main.o"
../Core/Src/main.c:96:1: error: unknown type name 'Keypad'
   96 | Keypad myKB;
      | ^~~~~~
../Core/Src/main.c: In function 'main':
../Core/Src/main.c:141:3: warning: implicit declaration of function 'Keypad_Start' [-Wimplicit-function-declaration]
  141 |   Keypad_Start(&myKB, KB_ROW_PORTs, KB_COL_PORTs, KB_ROW_PINs, KB_COL_PINs, keys);
      |   ^~~~~~~~~~~~
make: *** [Core/Src/subdir.mk:37: Core/Src/main.o] Error 1
"make -j12 all" terminated with exit code 2. Build might be incomplete.
03:17:13 **** Incremental Build of configuration Debug for project keypad_lib_test ****
make -j12 all 
arm-none-eabi-gcc "../Core/Src/main.c" -mcpu=cortex-m33 -std=gnu11 -g3 -DDEBUG -DUSE_FULL_LL_DRIVER -DUSE_HAL_DRIVER -DSTM32H563xx -c -I../Core/Inc -IC:/Users/choua/STM32Cube/Repository/STM32Cube_FW_H5_V1.1.1/Drivers/STM32H5xx_HAL_Driver/Inc -IC:/Users/choua/STM32Cube/Repository/STM32Cube_FW_H5_V1.1.1/Drivers/STM32H5xx_HAL_Driver/Inc/Legacy -IC:/Users/choua/STM32Cube/Repository/STM32Cube_FW_H5_V1.1.1/Drivers/CMSIS/Device/ST/STM32H5xx/Include -IC:/Users/choua/STM32Cube/Repository/STM32Cube_FW_H5_V1.1.1/Drivers/CMSIS/Include -O0 -ffunction-sections -fdata-sections -Wall -fstack-usage -fcyclomatic-complexity -MMD -MP -MF"Core/Src/main.d" -MT"Core/Src/main.o" --specs=nano.specs -mfpu=fpv5-sp-d16 -mfloat-abi=hard -mthumb -o "Core/Src/main.o"
arm-none-eabi-gcc -o "keypad_lib_test.elf" @"objects.list"   -mcpu=cortex-m33 -T"C:\Users\choua\STM32CubeIDE\MakeCutter_ST\H563ZI\keypad_lib_test\STM32H563ZITX_FLASH.ld" --specs=nosys.specs -Wl,-Map="keypad_lib_test.map" -Wl,--gc-sections -static --specs=nano.specs -mfpu=fpv5-sp-d16 -mfloat-abi=hard -mthumb -Wl,--start-group -lc -lm -Wl,--end-group
C:/ST/STM32CubeIDE_1.14.1/STM32CubeIDE/plugins/com.st.stm32cube.ide.mcu.externaltools.gnu-tools-for-stm32.11.3.rel1.win32_1.1.100.202309141235/tools/bin/../lib/gcc/arm-none-eabi/11.3.1/../../../../arm-none-eabi/bin/ld.exe: ./Core/Src/main.o:C:/Users/choua/STM32CubeIDE/MakeCutter_ST/H563ZI/keypad_lib_test/Debug/../Core/Inc/keypad.h:14: multiple definition of `Last_Key_Down'; ./Core/Src/keypad.o:C:/Users/choua/STM32CubeIDE/MakeCutter_ST/H563ZI/keypad_lib_test/Debug/../Core/Inc/keypad.h:14: first defined here
collect2.exe: error: ld returned 1 exit status
make: *** [makefile:64: keypad_lib_test.elf] Error 1
"make -j12 all" terminated with exit code 2. Build might be incomplete.
03:19:26 **** Incremental Build of configuration Debug for project keypad_lib_test ****
make -j12 all 
arm-none-eabi-gcc "../Core/Src/keypad.c" -mcpu=cortex-m33 -std=gnu11 -g3 -DDEBUG -DUSE_FULL_LL_DRIVER -DUSE_HAL_DRIVER -DSTM32H563xx -c -I../Core/Inc -IC:/Users/choua/STM32Cube/Repository/STM32Cube_FW_H5_V1.1.1/Drivers/STM32H5xx_HAL_Driver/Inc -IC:/Users/choua/STM32Cube/Repository/STM32Cube_FW_H5_V1.1.1/Drivers/STM32H5xx_HAL_Driver/Inc/Legacy -IC:/Users/choua/STM32Cube/Repository/STM32Cube_FW_H5_V1.1.1/Drivers/CMSIS/Device/ST/STM32H5xx/Include -IC:/Users/choua/STM32Cube/Repository/STM32Cube_FW_H5_V1.1.1/Drivers/CMSIS/Include -O0 -ffunction-sections -fdata-sections -Wall -fstack-usage -fcyclomatic-complexity -MMD -MP -MF"Core/Src/keypad.d" -MT"Core/Src/keypad.o" --specs=nano.specs -mfpu=fpv5-sp-d16 -mfloat-abi=hard -mthumb -o "Core/Src/keypad.o"
arm-none-eabi-gcc "../Core/Src/main.c" -mcpu=cortex-m33 -std=gnu11 -g3 -DDEBUG -DUSE_FULL_LL_DRIVER -DUSE_HAL_DRIVER -DSTM32H563xx -c -I../Core/Inc -IC:/Users/choua/STM32Cube/Repository/STM32Cube_FW_H5_V1.1.1/Drivers/STM32H5xx_HAL_Driver/Inc -IC:/Users/choua/STM32Cube/Repository/STM32Cube_FW_H5_V1.1.1/Drivers/STM32H5xx_HAL_Driver/Inc/Legacy -IC:/Users/choua/STM32Cube/Repository/STM32Cube_FW_H5_V1.1.1/Drivers/CMSIS/Device/ST/STM32H5xx/Include -IC:/Users/choua/STM32Cube/Repository/STM32Cube_FW_H5_V1.1.1/Drivers/CMSIS/Include -O0 -ffunction-sections -fdata-sections -Wall -fstack-usage -fcyclomatic-complexity -MMD -MP -MF"Core/Src/main.d" -MT"Core/Src/main.o" --specs=nano.specs -mfpu=fpv5-sp-d16 -mfloat-abi=hard -mthumb -o "Core/Src/main.o"
../Core/Src/main.c:94:9: error: expected identifier or '(' before 'uint8_t'
   94 | extern *uint8_t Last_Key_Down;
      |         ^~~~~~~
make: *** [Core/Src/subdir.mk:37: Core/Src/main.o] Error 1
make: *** Waiting for unfinished jobs....
"make -j12 all" terminated with exit code 2. Build might be incomplete.
03:19:42 **** Incremental Build of configuration Debug for project keypad_lib_test ****
make -j12 all 
arm-none-eabi-gcc "../Core/Src/main.c" -mcpu=cortex-m33 -std=gnu11 -g3 -DDEBUG -DUSE_FULL_LL_DRIVER -DUSE_HAL_DRIVER -DSTM32H563xx -c -I../Core/Inc -IC:/Users/choua/STM32Cube/Repository/STM32Cube_FW_H5_V1.1.1/Drivers/STM32H5xx_HAL_Driver/Inc -IC:/Users/choua/STM32Cube/Repository/STM32Cube_FW_H5_V1.1.1/Drivers/STM32H5xx_HAL_Driver/Inc/Legacy -IC:/Users/choua/STM32Cube/Repository/STM32Cube_FW_H5_V1.1.1/Drivers/CMSIS/Device/ST/STM32H5xx/Include -IC:/Users/choua/STM32Cube/Repository/STM32Cube_FW_H5_V1.1.1/Drivers/CMSIS/Include -O0 -ffunction-sections -fdata-sections -Wall -fstack-usage -fcyclomatic-complexity -MMD -MP -MF"Core/Src/main.d" -MT"Core/Src/main.o" --specs=nano.specs -mfpu=fpv5-sp-d16 -mfloat-abi=hard -mthumb -o "Core/Src/main.o"
arm-none-eabi-gcc -o "keypad_lib_test.elf" @"objects.list"   -mcpu=cortex-m33 -T"C:\Users\choua\STM32CubeIDE\MakeCutter_ST\H563ZI\keypad_lib_test\STM32H563ZITX_FLASH.ld" --specs=nosys.specs -Wl,-Map="keypad_lib_test.map" -Wl,--gc-sections -static --specs=nano.specs -mfpu=fpv5-sp-d16 -mfloat-abi=hard -mthumb -Wl,--start-group -lc -lm -Wl,--end-group
C:/ST/STM32CubeIDE_1.14.1/STM32CubeIDE/plugins/com.st.stm32cube.ide.mcu.externaltools.gnu-tools-for-stm32.11.3.rel1.win32_1.1.100.202309141235/tools/bin/../lib/gcc/arm-none-eabi/11.3.1/../../../../arm-none-eabi/bin/ld.exe: ./Core/Src/main.o:C:/Users/choua/STM32CubeIDE/MakeCutter_ST/H563ZI/keypad_lib_test/Debug/../Core/Inc/keypad.h:14: multiple definition of `Last_Key_Down'; ./Core/Src/keypad.o:C:/Users/choua/STM32CubeIDE/MakeCutter_ST/H563ZI/keypad_lib_test/Debug/../Core/Inc/keypad.h:14: first defined here
collect2.exe: error: ld returned 1 exit status
make: *** [makefile:64: keypad_lib_test.elf] Error 1
"make -j12 all" terminated with exit code 2. Build might be incomplete.
03:21:10 **** Incremental Build of configuration Debug for project keypad_lib_test ****
make -j12 all 
arm-none-eabi-gcc "../Core/Src/keypad.c" -mcpu=cortex-m33 -std=gnu11 -g3 -DDEBUG -DUSE_FULL_LL_DRIVER -DUSE_HAL_DRIVER -DSTM32H563xx -c -I../Core/Inc -IC:/Users/choua/STM32Cube/Repository/STM32Cube_FW_H5_V1.1.1/Drivers/STM32H5xx_HAL_Driver/Inc -IC:/Users/choua/STM32Cube/Repository/STM32Cube_FW_H5_V1.1.1/Drivers/STM32H5xx_HAL_Driver/Inc/Legacy -IC:/Users/choua/STM32Cube/Repository/STM32Cube_FW_H5_V1.1.1/Drivers/CMSIS/Device/ST/STM32H5xx/Include -IC:/Users/choua/STM32Cube/Repository/STM32Cube_FW_H5_V1.1.1/Drivers/CMSIS/Include -O0 -ffunction-sections -fdata-sections -Wall -fstack-usage -fcyclomatic-complexity -MMD -MP -MF"Core/Src/keypad.d" -MT"Core/Src/keypad.o" --specs=nano.specs -mfpu=fpv5-sp-d16 -mfloat-abi=hard -mthumb -o "Core/Src/keypad.o"
arm-none-eabi-gcc "../Core/Src/main.c" -mcpu=cortex-m33 -std=gnu11 -g3 -DDEBUG -DUSE_FULL_LL_DRIVER -DUSE_HAL_DRIVER -DSTM32H563xx -c -I../Core/Inc -IC:/Users/choua/STM32Cube/Repository/STM32Cube_FW_H5_V1.1.1/Drivers/STM32H5xx_HAL_Driver/Inc -IC:/Users/choua/STM32Cube/Repository/STM32Cube_FW_H5_V1.1.1/Drivers/STM32H5xx_HAL_Driver/Inc/Legacy -IC:/Users/choua/STM32Cube/Repository/STM32Cube_FW_H5_V1.1.1/Drivers/CMSIS/Device/ST/STM32H5xx/Include -IC:/Users/choua/STM32Cube/Repository/STM32Cube_FW_H5_V1.1.1/Drivers/CMSIS/Include -O0 -ffunction-sections -fdata-sections -Wall -fstack-usage -fcyclomatic-complexity -MMD -MP -MF"Core/Src/main.d" -MT"Core/Src/main.o" --specs=nano.specs -mfpu=fpv5-sp-d16 -mfloat-abi=hard -mthumb -o "Core/Src/main.o"
arm-none-eabi-gcc -o "keypad_lib_test.elf" @"objects.list"   -mcpu=cortex-m33 -T"C:\Users\choua\STM32CubeIDE\MakeCutter_ST\H563ZI\keypad_lib_test\STM32H563ZITX_FLASH.ld" --specs=nosys.specs -Wl,-Map="keypad_lib_test.map" -Wl,--gc-sections -static --specs=nano.specs -mfpu=fpv5-sp-d16 -mfloat-abi=hard -mthumb -Wl,--start-group -lc -lm -Wl,--end-group
C:/ST/STM32CubeIDE_1.14.1/STM32CubeIDE/plugins/com.st.stm32cube.ide.mcu.externaltools.gnu-tools-for-stm32.11.3.rel1.win32_1.1.100.202309141235/tools/bin/../lib/gcc/arm-none-eabi/11.3.1/../../../../arm-none-eabi/bin/ld.exe: ./Core/Src/main.o:C:/Users/choua/STM32CubeIDE/MakeCutter_ST/H563ZI/keypad_lib_test/Debug/../Core/Src/main.c:94: multiple definition of `Last_Key_Down'; ./Core/Src/keypad.o:C:/Users/choua/STM32CubeIDE/MakeCutter_ST/H563ZI/keypad_lib_test/Debug/../Core/Src/keypad.c:12: first defined here
collect2.exe: error: ld returned 1 exit status
make: *** [makefile:64: keypad_lib_test.elf] Error 1
"make -j12 all" terminated with exit code 2. Build might be incomplete.
03:21:33 **** Incremental Build of configuration Debug for project keypad_lib_test ****
make -j12 all 
arm-none-eabi-gcc "../Core/Src/keypad.c" -mcpu=cortex-m33 -std=gnu11 -g3 -DDEBUG -DUSE_FULL_LL_DRIVER -DUSE_HAL_DRIVER -DSTM32H563xx -c -I../Core/Inc -IC:/Users/choua/STM32Cube/Repository/STM32Cube_FW_H5_V1.1.1/Drivers/STM32H5xx_HAL_Driver/Inc -IC:/Users/choua/STM32Cube/Repository/STM32Cube_FW_H5_V1.1.1/Drivers/STM32H5xx_HAL_Driver/Inc/Legacy -IC:/Users/choua/STM32Cube/Repository/STM32Cube_FW_H5_V1.1.1/Drivers/CMSIS/Device/ST/STM32H5xx/Include -IC:/Users/choua/STM32Cube/Repository/STM32Cube_FW_H5_V1.1.1/Drivers/CMSIS/Include -O0 -ffunction-sections -fdata-sections -Wall -fstack-usage -fcyclomatic-complexity -MMD -MP -MF"Core/Src/keypad.d" -MT"Core/Src/keypad.o" --specs=nano.specs -mfpu=fpv5-sp-d16 -mfloat-abi=hard -mthumb -o "Core/Src/keypad.o"
arm-none-eabi-gcc "../Core/Src/main.c" -mcpu=cortex-m33 -std=gnu11 -g3 -DDEBUG -DUSE_FULL_LL_DRIVER -DUSE_HAL_DRIVER -DSTM32H563xx -c -I../Core/Inc -IC:/Users/choua/STM32Cube/Repository/STM32Cube_FW_H5_V1.1.1/Drivers/STM32H5xx_HAL_Driver/Inc -IC:/Users/choua/STM32Cube/Repository/STM32Cube_FW_H5_V1.1.1/Drivers/STM32H5xx_HAL_Driver/Inc/Legacy -IC:/Users/choua/STM32Cube/Repository/STM32Cube_FW_H5_V1.1.1/Drivers/CMSIS/Device/ST/STM32H5xx/Include -IC:/Users/choua/STM32Cube/Repository/STM32Cube_FW_H5_V1.1.1/Drivers/CMSIS/Include -O0 -ffunction-sections -fdata-sections -Wall -fstack-usage -fcyclomatic-complexity -MMD -MP -MF"Core/Src/main.d" -MT"Core/Src/main.o" --specs=nano.specs -mfpu=fpv5-sp-d16 -mfloat-abi=hard -mthumb -o "Core/Src/main.o"
arm-none-eabi-gcc -o "keypad_lib_test.elf" @"objects.list"   -mcpu=cortex-m33 -T"C:\Users\choua\STM32CubeIDE\MakeCutter_ST\H563ZI\keypad_lib_test\STM32H563ZITX_FLASH.ld" --specs=nosys.specs -Wl,-Map="keypad_lib_test.map" -Wl,--gc-sections -static --specs=nano.specs -mfpu=fpv5-sp-d16 -mfloat-abi=hard -mthumb -Wl,--start-group -lc -lm -Wl,--end-group
C:/ST/STM32CubeIDE_1.14.1/STM32CubeIDE/plugins/com.st.stm32cube.ide.mcu.externaltools.gnu-tools-for-stm32.11.3.rel1.win32_1.1.100.202309141235/tools/bin/../lib/gcc/arm-none-eabi/11.3.1/../../../../arm-none-eabi/bin/ld.exe: ./Core/Src/keypad.o: in function `Keypad_Start':
C:/Users/choua/STM32CubeIDE/MakeCutter_ST/H563ZI/keypad_lib_test/Debug/../Core/Src/keypad.c:28: undefined reference to `Last_Key_Down'
collect2.exe: error: ld returned 1 exit status
make: *** [makefile:64: keypad_lib_test.elf] Error 1
"make -j12 all" terminated with exit code 2. Build might be incomplete.
03:22:40 **** Incremental Build of configuration Debug for project keypad_lib_test ****
make -j12 all 
arm-none-eabi-gcc "../Core/Src/keypad.c" -mcpu=cortex-m33 -std=gnu11 -g3 -DDEBUG -DUSE_FULL_LL_DRIVER -DUSE_HAL_DRIVER -DSTM32H563xx -c -I../Core/Inc -IC:/Users/choua/STM32Cube/Repository/STM32Cube_FW_H5_V1.1.1/Drivers/STM32H5xx_HAL_Driver/Inc -IC:/Users/choua/STM32Cube/Repository/STM32Cube_FW_H5_V1.1.1/Drivers/STM32H5xx_HAL_Driver/Inc/Legacy -IC:/Users/choua/STM32Cube/Repository/STM32Cube_FW_H5_V1.1.1/Drivers/CMSIS/Device/ST/STM32H5xx/Include -IC:/Users/choua/STM32Cube/Repository/STM32Cube_FW_H5_V1.1.1/Drivers/CMSIS/Include -O0 -ffunction-sections -fdata-sections -Wall -fstack-usage -fcyclomatic-complexity -MMD -MP -MF"Core/Src/keypad.d" -MT"Core/Src/keypad.o" --specs=nano.specs -mfpu=fpv5-sp-d16 -mfloat-abi=hard -mthumb -o "Core/Src/keypad.o"
arm-none-eabi-gcc "../Core/Src/main.c" -mcpu=cortex-m33 -std=gnu11 -g3 -DDEBUG -DUSE_FULL_LL_DRIVER -DUSE_HAL_DRIVER -DSTM32H563xx -c -I../Core/Inc -IC:/Users/choua/STM32Cube/Repository/STM32Cube_FW_H5_V1.1.1/Drivers/STM32H5xx_HAL_Driver/Inc -IC:/Users/choua/STM32Cube/Repository/STM32Cube_FW_H5_V1.1.1/Drivers/STM32H5xx_HAL_Driver/Inc/Legacy -IC:/Users/choua/STM32Cube/Repository/STM32Cube_FW_H5_V1.1.1/Drivers/CMSIS/Device/ST/STM32H5xx/Include -IC:/Users/choua/STM32Cube/Repository/STM32Cube_FW_H5_V1.1.1/Drivers/CMSIS/Include -O0 -ffunction-sections -fdata-sections -Wall -fstack-usage -fcyclomatic-complexity -MMD -MP -MF"Core/Src/main.d" -MT"Core/Src/main.o" --specs=nano.specs -mfpu=fpv5-sp-d16 -mfloat-abi=hard -mthumb -o "Core/Src/main.o"
arm-none-eabi-gcc -o "keypad_lib_test.elf" @"objects.list"   -mcpu=cortex-m33 -T"C:\Users\choua\STM32CubeIDE\MakeCutter_ST\H563ZI\keypad_lib_test\STM32H563ZITX_FLASH.ld" --specs=nosys.specs -Wl,-Map="keypad_lib_test.map" -Wl,--gc-sections -static --specs=nano.specs -mfpu=fpv5-sp-d16 -mfloat-abi=hard -mthumb -Wl,--start-group -lc -lm -Wl,--end-group
Finished building target: keypad_lib_test.elf
 
arm-none-eabi-size  keypad_lib_test.elf 
arm-none-eabi-objdump -h -S keypad_lib_test.elf  > "keypad_lib_test.list"
   text	   data	    bss	    dec	    hex	filename
  42548	     68	   3140	  45756	   b2bc	keypad_lib_test.elf
Finished building: default.size.stdout
 
Finished building: keypad_lib_test.list
 
03:31:33 **** Incremental Build of configuration Debug for project keypad_lib_test ****
make -j12 all 
arm-none-eabi-gcc "../Core/Src/main.c" -mcpu=cortex-m33 -std=gnu11 -g3 -DDEBUG -DUSE_FULL_LL_DRIVER -DUSE_HAL_DRIVER -DSTM32H563xx -c -I../Core/Inc -IC:/Users/choua/STM32Cube/Repository/STM32Cube_FW_H5_V1.1.1/Drivers/STM32H5xx_HAL_Driver/Inc -IC:/Users/choua/STM32Cube/Repository/STM32Cube_FW_H5_V1.1.1/Drivers/STM32H5xx_HAL_Driver/Inc/Legacy -IC:/Users/choua/STM32Cube/Repository/STM32Cube_FW_H5_V1.1.1/Drivers/CMSIS/Device/ST/STM32H5xx/Include -IC:/Users/choua/STM32Cube/Repository/STM32Cube_FW_H5_V1.1.1/Drivers/CMSIS/Include -O0 -ffunction-sections -fdata-sections -Wall -fstack-usage -fcyclomatic-complexity -MMD -MP -MF"Core/Src/main.d" -MT"Core/Src/main.o" --specs=nano.specs -mfpu=fpv5-sp-d16 -mfloat-abi=hard -mthumb -o "Core/Src/main.o"
arm-none-eabi-gcc "../Core/Src/stm32h5xx_it.c" -mcpu=cortex-m33 -std=gnu11 -g3 -DDEBUG -DUSE_FULL_LL_DRIVER -DUSE_HAL_DRIVER -DSTM32H563xx -c -I../Core/Inc -IC:/Users/choua/STM32Cube/Repository/STM32Cube_FW_H5_V1.1.1/Drivers/STM32H5xx_HAL_Driver/Inc -IC:/Users/choua/STM32Cube/Repository/STM32Cube_FW_H5_V1.1.1/Drivers/STM32H5xx_HAL_Driver/Inc/Legacy -IC:/Users/choua/STM32Cube/Repository/STM32Cube_FW_H5_V1.1.1/Drivers/CMSIS/Device/ST/STM32H5xx/Include -IC:/Users/choua/STM32Cube/Repository/STM32Cube_FW_H5_V1.1.1/Drivers/CMSIS/Include -O0 -ffunction-sections -fdata-sections -Wall -fstack-usage -fcyclomatic-complexity -MMD -MP -MF"Core/Src/stm32h5xx_it.d" -MT"Core/Src/stm32h5xx_it.o" --specs=nano.specs -mfpu=fpv5-sp-d16 -mfloat-abi=hard -mthumb -o "Core/Src/stm32h5xx_it.o"
arm-none-eabi-gcc -o "keypad_lib_test.elf" @"objects.list"   -mcpu=cortex-m33 -T"C:\Users\choua\STM32CubeIDE\MakeCutter_ST\H563ZI\keypad_lib_test\STM32H563ZITX_FLASH.ld" --specs=nosys.specs -Wl,-Map="keypad_lib_test.map" -Wl,--gc-sections -static --specs=nano.specs -mfpu=fpv5-sp-d16 -mfloat-abi=hard -mthumb -Wl,--start-group -lc -lm -Wl,--end-group
Finished building target: keypad_lib_test.elf
 
arm-none-eabi-size  keypad_lib_test.elf 
arm-none-eabi-objdump -h -S keypad_lib_test.elf  > "keypad_lib_test.list"
   text	   data	    bss	    dec	    hex	filename
  43304	     68	   3140	  46512	   b5b0	keypad_lib_test.elf
Finished building: default.size.stdout
 
Finished building: keypad_lib_test.list
 
03:37:15 **** Incremental Build of configuration Debug for project keypad_lib_test ****
make -j12 all 
arm-none-eabi-size  keypad_lib_test.elf 
   text	   data	    bss	    dec	    hex	filename
  43304	     68	   3140	  46512	   b5b0	keypad_lib_test.elf
Finished building: default.size.stdout
 
03:40:36 **** Incremental Build of configuration Debug for project keypad_lib_test ****
make -j12 all 
arm-none-eabi-gcc "../Core/Src/keypad.c" -mcpu=cortex-m33 -std=gnu11 -g3 -DDEBUG -DUSE_FULL_LL_DRIVER -DUSE_HAL_DRIVER -DSTM32H563xx -c -I../Core/Inc -IC:/Users/choua/STM32Cube/Repository/STM32Cube_FW_H5_V1.1.1/Drivers/STM32H5xx_HAL_Driver/Inc -IC:/Users/choua/STM32Cube/Repository/STM32Cube_FW_H5_V1.1.1/Drivers/STM32H5xx_HAL_Driver/Inc/Legacy -IC:/Users/choua/STM32Cube/Repository/STM32Cube_FW_H5_V1.1.1/Drivers/CMSIS/Device/ST/STM32H5xx/Include -IC:/Users/choua/STM32Cube/Repository/STM32Cube_FW_H5_V1.1.1/Drivers/CMSIS/Include -O0 -ffunction-sections -fdata-sections -Wall -fstack-usage -fcyclomatic-complexity -MMD -MP -MF"Core/Src/keypad.d" -MT"Core/Src/keypad.o" --specs=nano.specs -mfpu=fpv5-sp-d16 -mfloat-abi=hard -mthumb -o "Core/Src/keypad.o"
arm-none-eabi-gcc -o "keypad_lib_test.elf" @"objects.list"   -mcpu=cortex-m33 -T"C:\Users\choua\STM32CubeIDE\MakeCutter_ST\H563ZI\keypad_lib_test\STM32H563ZITX_FLASH.ld" --specs=nosys.specs -Wl,-Map="keypad_lib_test.map" -Wl,--gc-sections -static --specs=nano.specs -mfpu=fpv5-sp-d16 -mfloat-abi=hard -mthumb -Wl,--start-group -lc -lm -Wl,--end-group
Finished building target: keypad_lib_test.elf
 
arm-none-eabi-size  keypad_lib_test.elf 
arm-none-eabi-objdump -h -S keypad_lib_test.elf  > "keypad_lib_test.list"
   text	   data	    bss	    dec	    hex	filename
  43204	     68	   3140	  46412	   b54c	keypad_lib_test.elf
Finished building: default.size.stdout
 
Finished building: keypad_lib_test.list
 
03:41:37 **** Incremental Build of configuration Debug for project keypad_lib_test ****
make -j12 all 
arm-none-eabi-gcc "../Core/Src/keypad.c" -mcpu=cortex-m33 -std=gnu11 -g3 -DDEBUG -DUSE_FULL_LL_DRIVER -DUSE_HAL_DRIVER -DSTM32H563xx -c -I../Core/Inc -IC:/Users/choua/STM32Cube/Repository/STM32Cube_FW_H5_V1.1.1/Drivers/STM32H5xx_HAL_Driver/Inc -IC:/Users/choua/STM32Cube/Repository/STM32Cube_FW_H5_V1.1.1/Drivers/STM32H5xx_HAL_Driver/Inc/Legacy -IC:/Users/choua/STM32Cube/Repository/STM32Cube_FW_H5_V1.1.1/Drivers/CMSIS/Device/ST/STM32H5xx/Include -IC:/Users/choua/STM32Cube/Repository/STM32Cube_FW_H5_V1.1.1/Drivers/CMSIS/Include -O0 -ffunction-sections -fdata-sections -Wall -fstack-usage -fcyclomatic-complexity -MMD -MP -MF"Core/Src/keypad.d" -MT"Core/Src/keypad.o" --specs=nano.specs -mfpu=fpv5-sp-d16 -mfloat-abi=hard -mthumb -o "Core/Src/keypad.o"
arm-none-eabi-gcc -o "keypad_lib_test.elf" @"objects.list"   -mcpu=cortex-m33 -T"C:\Users\choua\STM32CubeIDE\MakeCutter_ST\H563ZI\keypad_lib_test\STM32H563ZITX_FLASH.ld" --specs=nosys.specs -Wl,-Map="keypad_lib_test.map" -Wl,--gc-sections -static --specs=nano.specs -mfpu=fpv5-sp-d16 -mfloat-abi=hard -mthumb -Wl,--start-group -lc -lm -Wl,--end-group
Finished building target: keypad_lib_test.elf
 
arm-none-eabi-size  keypad_lib_test.elf 
arm-none-eabi-objdump -h -S keypad_lib_test.elf  > "keypad_lib_test.list"
   text	   data	    bss	    dec	    hex	filename
  43216	     68	   3140	  46424	   b558	keypad_lib_test.elf
Finished building: default.size.stdout
 
Finished building: keypad_lib_test.list
 
03:46:36 **** Incremental Build of configuration Debug for project keypad_lib_test ****
make -j12 all 
arm-none-eabi-gcc "../Core/Src/keypad.c" -mcpu=cortex-m33 -std=gnu11 -g3 -DDEBUG -DUSE_FULL_LL_DRIVER -DUSE_HAL_DRIVER -DSTM32H563xx -c -I../Core/Inc -IC:/Users/choua/STM32Cube/Repository/STM32Cube_FW_H5_V1.1.1/Drivers/STM32H5xx_HAL_Driver/Inc -IC:/Users/choua/STM32Cube/Repository/STM32Cube_FW_H5_V1.1.1/Drivers/STM32H5xx_HAL_Driver/Inc/Legacy -IC:/Users/choua/STM32Cube/Repository/STM32Cube_FW_H5_V1.1.1/Drivers/CMSIS/Device/ST/STM32H5xx/Include -IC:/Users/choua/STM32Cube/Repository/STM32Cube_FW_H5_V1.1.1/Drivers/CMSIS/Include -O0 -ffunction-sections -fdata-sections -Wall -fstack-usage -fcyclomatic-complexity -MMD -MP -MF"Core/Src/keypad.d" -MT"Core/Src/keypad.o" --specs=nano.specs -mfpu=fpv5-sp-d16 -mfloat-abi=hard -mthumb -o "Core/Src/keypad.o"
arm-none-eabi-gcc "../Core/Src/main.c" -mcpu=cortex-m33 -std=gnu11 -g3 -DDEBUG -DUSE_FULL_LL_DRIVER -DUSE_HAL_DRIVER -DSTM32H563xx -c -I../Core/Inc -IC:/Users/choua/STM32Cube/Repository/STM32Cube_FW_H5_V1.1.1/Drivers/STM32H5xx_HAL_Driver/Inc -IC:/Users/choua/STM32Cube/Repository/STM32Cube_FW_H5_V1.1.1/Drivers/STM32H5xx_HAL_Driver/Inc/Legacy -IC:/Users/choua/STM32Cube/Repository/STM32Cube_FW_H5_V1.1.1/Drivers/CMSIS/Device/ST/STM32H5xx/Include -IC:/Users/choua/STM32Cube/Repository/STM32Cube_FW_H5_V1.1.1/Drivers/CMSIS/Include -O0 -ffunction-sections -fdata-sections -Wall -fstack-usage -fcyclomatic-complexity -MMD -MP -MF"Core/Src/main.d" -MT"Core/Src/main.o" --specs=nano.specs -mfpu=fpv5-sp-d16 -mfloat-abi=hard -mthumb -o "Core/Src/main.o"
arm-none-eabi-gcc -o "keypad_lib_test.elf" @"objects.list"   -mcpu=cortex-m33 -T"C:\Users\choua\STM32CubeIDE\MakeCutter_ST\H563ZI\keypad_lib_test\STM32H563ZITX_FLASH.ld" --specs=nosys.specs -Wl,-Map="keypad_lib_test.map" -Wl,--gc-sections -static --specs=nano.specs -mfpu=fpv5-sp-d16 -mfloat-abi=hard -mthumb -Wl,--start-group -lc -lm -Wl,--end-group
C:/ST/STM32CubeIDE_1.14.1/STM32CubeIDE/plugins/com.st.stm32cube.ide.mcu.externaltools.gnu-tools-for-stm32.11.3.rel1.win32_1.1.100.202309141235/tools/bin/../lib/gcc/arm-none-eabi/11.3.1/../../../../arm-none-eabi/bin/ld.exe: ./Core/Src/keypad.o: in function `Keypad_Start':
C:/Users/choua/STM32CubeIDE/MakeCutter_ST/H563ZI/keypad_lib_test/Debug/../Core/Src/keypad.c:31: undefined reference to `Last_Key_Down'
collect2.exe: error: ld returned 1 exit status
make: *** [makefile:64: keypad_lib_test.elf] Error 1
"make -j12 all" terminated with exit code 2. Build might be incomplete.
03:49:36 **** Incremental Build of configuration Debug for project keypad_lib_test ****
make -j12 all 
arm-none-eabi-gcc "../Core/Src/keypad.c" -mcpu=cortex-m33 -std=gnu11 -g3 -DDEBUG -DUSE_FULL_LL_DRIVER -DUSE_HAL_DRIVER -DSTM32H563xx -c -I../Core/Inc -IC:/Users/choua/STM32Cube/Repository/STM32Cube_FW_H5_V1.1.1/Drivers/STM32H5xx_HAL_Driver/Inc -IC:/Users/choua/STM32Cube/Repository/STM32Cube_FW_H5_V1.1.1/Drivers/STM32H5xx_HAL_Driver/Inc/Legacy -IC:/Users/choua/STM32Cube/Repository/STM32Cube_FW_H5_V1.1.1/Drivers/CMSIS/Device/ST/STM32H5xx/Include -IC:/Users/choua/STM32Cube/Repository/STM32Cube_FW_H5_V1.1.1/Drivers/CMSIS/Include -O0 -ffunction-sections -fdata-sections -Wall -fstack-usage -fcyclomatic-complexity -MMD -MP -MF"Core/Src/keypad.d" -MT"Core/Src/keypad.o" --specs=nano.specs -mfpu=fpv5-sp-d16 -mfloat-abi=hard -mthumb -o "Core/Src/keypad.o"
arm-none-eabi-gcc "../Core/Src/main.c" -mcpu=cortex-m33 -std=gnu11 -g3 -DDEBUG -DUSE_FULL_LL_DRIVER -DUSE_HAL_DRIVER -DSTM32H563xx -c -I../Core/Inc -IC:/Users/choua/STM32Cube/Repository/STM32Cube_FW_H5_V1.1.1/Drivers/STM32H5xx_HAL_Driver/Inc -IC:/Users/choua/STM32Cube/Repository/STM32Cube_FW_H5_V1.1.1/Drivers/STM32H5xx_HAL_Driver/Inc/Legacy -IC:/Users/choua/STM32Cube/Repository/STM32Cube_FW_H5_V1.1.1/Drivers/CMSIS/Device/ST/STM32H5xx/Include -IC:/Users/choua/STM32Cube/Repository/STM32Cube_FW_H5_V1.1.1/Drivers/CMSIS/Include -O0 -ffunction-sections -fdata-sections -Wall -fstack-usage -fcyclomatic-complexity -MMD -MP -MF"Core/Src/main.d" -MT"Core/Src/main.o" --specs=nano.specs -mfpu=fpv5-sp-d16 -mfloat-abi=hard -mthumb -o "Core/Src/main.o"
arm-none-eabi-gcc -o "keypad_lib_test.elf" @"objects.list"   -mcpu=cortex-m33 -T"C:\Users\choua\STM32CubeIDE\MakeCutter_ST\H563ZI\keypad_lib_test\STM32H563ZITX_FLASH.ld" --specs=nosys.specs -Wl,-Map="keypad_lib_test.map" -Wl,--gc-sections -static --specs=nano.specs -mfpu=fpv5-sp-d16 -mfloat-abi=hard -mthumb -Wl,--start-group -lc -lm -Wl,--end-group
C:/ST/STM32CubeIDE_1.14.1/STM32CubeIDE/plugins/com.st.stm32cube.ide.mcu.externaltools.gnu-tools-for-stm32.11.3.rel1.win32_1.1.100.202309141235/tools/bin/../lib/gcc/arm-none-eabi/11.3.1/../../../../arm-none-eabi/bin/ld.exe: ./Core/Src/keypad.o: in function `Keypad_Start':
C:/Users/choua/STM32CubeIDE/MakeCutter_ST/H563ZI/keypad_lib_test/Debug/../Core/Src/keypad.c:31: undefined reference to `Last_Key_Down'
collect2.exe: error: ld returned 1 exit status
make: *** [makefile:64: keypad_lib_test.elf] Error 1
"make -j12 all" terminated with exit code 2. Build might be incomplete.
03:50:44 **** Incremental Build of configuration Debug for project keypad_lib_test ****
make -j12 all 
arm-none-eabi-gcc "../Core/Src/keypad.c" -mcpu=cortex-m33 -std=gnu11 -g3 -DDEBUG -DUSE_FULL_LL_DRIVER -DUSE_HAL_DRIVER -DSTM32H563xx -c -I../Core/Inc -IC:/Users/choua/STM32Cube/Repository/STM32Cube_FW_H5_V1.1.1/Drivers/STM32H5xx_HAL_Driver/Inc -IC:/Users/choua/STM32Cube/Repository/STM32Cube_FW_H5_V1.1.1/Drivers/STM32H5xx_HAL_Driver/Inc/Legacy -IC:/Users/choua/STM32Cube/Repository/STM32Cube_FW_H5_V1.1.1/Drivers/CMSIS/Device/ST/STM32H5xx/Include -IC:/Users/choua/STM32Cube/Repository/STM32Cube_FW_H5_V1.1.1/Drivers/CMSIS/Include -O0 -ffunction-sections -fdata-sections -Wall -fstack-usage -fcyclomatic-complexity -MMD -MP -MF"Core/Src/keypad.d" -MT"Core/Src/keypad.o" --specs=nano.specs -mfpu=fpv5-sp-d16 -mfloat-abi=hard -mthumb -o "Core/Src/keypad.o"
arm-none-eabi-gcc "../Core/Src/main.c" -mcpu=cortex-m33 -std=gnu11 -g3 -DDEBUG -DUSE_FULL_LL_DRIVER -DUSE_HAL_DRIVER -DSTM32H563xx -c -I../Core/Inc -IC:/Users/choua/STM32Cube/Repository/STM32Cube_FW_H5_V1.1.1/Drivers/STM32H5xx_HAL_Driver/Inc -IC:/Users/choua/STM32Cube/Repository/STM32Cube_FW_H5_V1.1.1/Drivers/STM32H5xx_HAL_Driver/Inc/Legacy -IC:/Users/choua/STM32Cube/Repository/STM32Cube_FW_H5_V1.1.1/Drivers/CMSIS/Device/ST/STM32H5xx/Include -IC:/Users/choua/STM32Cube/Repository/STM32Cube_FW_H5_V1.1.1/Drivers/CMSIS/Include -O0 -ffunction-sections -fdata-sections -Wall -fstack-usage -fcyclomatic-complexity -MMD -MP -MF"Core/Src/main.d" -MT"Core/Src/main.o" --specs=nano.specs -mfpu=fpv5-sp-d16 -mfloat-abi=hard -mthumb -o "Core/Src/main.o"
arm-none-eabi-gcc -o "keypad_lib_test.elf" @"objects.list"   -mcpu=cortex-m33 -T"C:\Users\choua\STM32CubeIDE\MakeCutter_ST\H563ZI\keypad_lib_test\STM32H563ZITX_FLASH.ld" --specs=nosys.specs -Wl,-Map="keypad_lib_test.map" -Wl,--gc-sections -static --specs=nano.specs -mfpu=fpv5-sp-d16 -mfloat-abi=hard -mthumb -Wl,--start-group -lc -lm -Wl,--end-group
Finished building target: keypad_lib_test.elf
 
arm-none-eabi-size  keypad_lib_test.elf 
arm-none-eabi-objdump -h -S keypad_lib_test.elf  > "keypad_lib_test.list"
   text	   data	    bss	    dec	    hex	filename
  43216	     68	   3140	  46424	   b558	keypad_lib_test.elf
Finished building: default.size.stdout
 
Finished building: keypad_lib_test.list
 
03:56:00 **** Incremental Build of configuration Debug for project keypad_lib_test ****
make -j12 all 
arm-none-eabi-gcc "../Core/Src/keypad.c" -mcpu=cortex-m33 -std=gnu11 -g3 -DDEBUG -DUSE_FULL_LL_DRIVER -DUSE_HAL_DRIVER -DSTM32H563xx -c -I../Core/Inc -IC:/Users/choua/STM32Cube/Repository/STM32Cube_FW_H5_V1.1.1/Drivers/STM32H5xx_HAL_Driver/Inc -IC:/Users/choua/STM32Cube/Repository/STM32Cube_FW_H5_V1.1.1/Drivers/STM32H5xx_HAL_Driver/Inc/Legacy -IC:/Users/choua/STM32Cube/Repository/STM32Cube_FW_H5_V1.1.1/Drivers/CMSIS/Device/ST/STM32H5xx/Include -IC:/Users/choua/STM32Cube/Repository/STM32Cube_FW_H5_V1.1.1/Drivers/CMSIS/Include -O0 -ffunction-sections -fdata-sections -Wall -fstack-usage -fcyclomatic-complexity -MMD -MP -MF"Core/Src/keypad.d" -MT"Core/Src/keypad.o" --specs=nano.specs -mfpu=fpv5-sp-d16 -mfloat-abi=hard -mthumb -o "Core/Src/keypad.o"
arm-none-eabi-gcc "../Core/Src/main.c" -mcpu=cortex-m33 -std=gnu11 -g3 -DDEBUG -DUSE_FULL_LL_DRIVER -DUSE_HAL_DRIVER -DSTM32H563xx -c -I../Core/Inc -IC:/Users/choua/STM32Cube/Repository/STM32Cube_FW_H5_V1.1.1/Drivers/STM32H5xx_HAL_Driver/Inc -IC:/Users/choua/STM32Cube/Repository/STM32Cube_FW_H5_V1.1.1/Drivers/STM32H5xx_HAL_Driver/Inc/Legacy -IC:/Users/choua/STM32Cube/Repository/STM32Cube_FW_H5_V1.1.1/Drivers/CMSIS/Device/ST/STM32H5xx/Include -IC:/Users/choua/STM32Cube/Repository/STM32Cube_FW_H5_V1.1.1/Drivers/CMSIS/Include -O0 -ffunction-sections -fdata-sections -Wall -fstack-usage -fcyclomatic-complexity -MMD -MP -MF"Core/Src/main.d" -MT"Core/Src/main.o" --specs=nano.specs -mfpu=fpv5-sp-d16 -mfloat-abi=hard -mthumb -o "Core/Src/main.o"
arm-none-eabi-gcc -o "keypad_lib_test.elf" @"objects.list"   -mcpu=cortex-m33 -T"C:\Users\choua\STM32CubeIDE\MakeCutter_ST\H563ZI\keypad_lib_test\STM32H563ZITX_FLASH.ld" --specs=nosys.specs -Wl,-Map="keypad_lib_test.map" -Wl,--gc-sections -static --specs=nano.specs -mfpu=fpv5-sp-d16 -mfloat-abi=hard -mthumb -Wl,--start-group -lc -lm -Wl,--end-group
Finished building target: keypad_lib_test.elf
 
arm-none-eabi-size  keypad_lib_test.elf 
arm-none-eabi-objdump -h -S keypad_lib_test.elf  > "keypad_lib_test.list"
   text	   data	    bss	    dec	    hex	filename
  43212	     68	   3140	  46420	   b554	keypad_lib_test.elf
Finished building: default.size.stdout
 
Finished building: keypad_lib_test.list
 
03:58:02 **** Incremental Build of configuration Debug for project keypad_lib_test ****
make -j12 all 
arm-none-eabi-gcc "../Core/Src/keypad.c" -mcpu=cortex-m33 -std=gnu11 -g3 -DDEBUG -DUSE_FULL_LL_DRIVER -DUSE_HAL_DRIVER -DSTM32H563xx -c -I../Core/Inc -IC:/Users/choua/STM32Cube/Repository/STM32Cube_FW_H5_V1.1.1/Drivers/STM32H5xx_HAL_Driver/Inc -IC:/Users/choua/STM32Cube/Repository/STM32Cube_FW_H5_V1.1.1/Drivers/STM32H5xx_HAL_Driver/Inc/Legacy -IC:/Users/choua/STM32Cube/Repository/STM32Cube_FW_H5_V1.1.1/Drivers/CMSIS/Device/ST/STM32H5xx/Include -IC:/Users/choua/STM32Cube/Repository/STM32Cube_FW_H5_V1.1.1/Drivers/CMSIS/Include -O0 -ffunction-sections -fdata-sections -Wall -fstack-usage -fcyclomatic-complexity -MMD -MP -MF"Core/Src/keypad.d" -MT"Core/Src/keypad.o" --specs=nano.specs -mfpu=fpv5-sp-d16 -mfloat-abi=hard -mthumb -o "Core/Src/keypad.o"
arm-none-eabi-gcc -o "keypad_lib_test.elf" @"objects.list"   -mcpu=cortex-m33 -T"C:\Users\choua\STM32CubeIDE\MakeCutter_ST\H563ZI\keypad_lib_test\STM32H563ZITX_FLASH.ld" --specs=nosys.specs -Wl,-Map="keypad_lib_test.map" -Wl,--gc-sections -static --specs=nano.specs -mfpu=fpv5-sp-d16 -mfloat-abi=hard -mthumb -Wl,--start-group -lc -lm -Wl,--end-group
Finished building target: keypad_lib_test.elf
 
arm-none-eabi-size  keypad_lib_test.elf 
arm-none-eabi-objdump -h -S keypad_lib_test.elf  > "keypad_lib_test.list"
   text	   data	    bss	    dec	    hex	filename
  43300	     68	   3140	  46508	   b5ac	keypad_lib_test.elf
Finished building: default.size.stdout
 
Finished building: keypad_lib_test.list
 
04:03:11 **** Incremental Build of configuration Debug for project keypad_lib_test ****
make -j12 all 
arm-none-eabi-gcc "../Core/Src/keypad.c" -mcpu=cortex-m33 -std=gnu11 -g3 -DDEBUG -DUSE_FULL_LL_DRIVER -DUSE_HAL_DRIVER -DSTM32H563xx -c -I../Core/Inc -IC:/Users/choua/STM32Cube/Repository/STM32Cube_FW_H5_V1.1.1/Drivers/STM32H5xx_HAL_Driver/Inc -IC:/Users/choua/STM32Cube/Repository/STM32Cube_FW_H5_V1.1.1/Drivers/STM32H5xx_HAL_Driver/Inc/Legacy -IC:/Users/choua/STM32Cube/Repository/STM32Cube_FW_H5_V1.1.1/Drivers/CMSIS/Device/ST/STM32H5xx/Include -IC:/Users/choua/STM32Cube/Repository/STM32Cube_FW_H5_V1.1.1/Drivers/CMSIS/Include -O0 -ffunction-sections -fdata-sections -Wall -fstack-usage -fcyclomatic-complexity -MMD -MP -MF"Core/Src/keypad.d" -MT"Core/Src/keypad.o" --specs=nano.specs -mfpu=fpv5-sp-d16 -mfloat-abi=hard -mthumb -o "Core/Src/keypad.o"
arm-none-eabi-gcc "../Core/Src/main.c" -mcpu=cortex-m33 -std=gnu11 -g3 -DDEBUG -DUSE_FULL_LL_DRIVER -DUSE_HAL_DRIVER -DSTM32H563xx -c -I../Core/Inc -IC:/Users/choua/STM32Cube/Repository/STM32Cube_FW_H5_V1.1.1/Drivers/STM32H5xx_HAL_Driver/Inc -IC:/Users/choua/STM32Cube/Repository/STM32Cube_FW_H5_V1.1.1/Drivers/STM32H5xx_HAL_Driver/Inc/Legacy -IC:/Users/choua/STM32Cube/Repository/STM32Cube_FW_H5_V1.1.1/Drivers/CMSIS/Device/ST/STM32H5xx/Include -IC:/Users/choua/STM32Cube/Repository/STM32Cube_FW_H5_V1.1.1/Drivers/CMSIS/Include -O0 -ffunction-sections -fdata-sections -Wall -fstack-usage -fcyclomatic-complexity -MMD -MP -MF"Core/Src/main.d" -MT"Core/Src/main.o" --specs=nano.specs -mfpu=fpv5-sp-d16 -mfloat-abi=hard -mthumb -o "Core/Src/main.o"
../Core/Src/keypad.c: In function 'Keypad_Start':
../Core/Src/keypad.c:16:22: error: assignment to expression with array type
   16 |         kb->RowPorts = _RowPorts;
      |                      ^
../Core/Src/keypad.c:17:22: error: assignment to expression with array type
   17 |         kb->ColPorts = _ColPorts;
      |                      ^
../Core/Src/keypad.c:18:21: error: assignment to expression with array type
   18 |         kb->RowPins = _RowPins;
      |                     ^
../Core/Src/keypad.c:19:21: error: assignment to expression with array type
   19 |         kb->ColPins = _ColPins;
      |                     ^
make: *** [Core/Src/subdir.mk:37: Core/Src/keypad.o] Error 1
make: *** Waiting for unfinished jobs....
"make -j12 all" terminated with exit code 2. Build might be incomplete.
04:04:30 **** Incremental Build of configuration Debug for project keypad_lib_test ****
make -j12 all 
arm-none-eabi-gcc "../Core/Src/keypad.c" -mcpu=cortex-m33 -std=gnu11 -g3 -DDEBUG -DUSE_FULL_LL_DRIVER -DUSE_HAL_DRIVER -DSTM32H563xx -c -I../Core/Inc -IC:/Users/choua/STM32Cube/Repository/STM32Cube_FW_H5_V1.1.1/Drivers/STM32H5xx_HAL_Driver/Inc -IC:/Users/choua/STM32Cube/Repository/STM32Cube_FW_H5_V1.1.1/Drivers/STM32H5xx_HAL_Driver/Inc/Legacy -IC:/Users/choua/STM32Cube/Repository/STM32Cube_FW_H5_V1.1.1/Drivers/CMSIS/Device/ST/STM32H5xx/Include -IC:/Users/choua/STM32Cube/Repository/STM32Cube_FW_H5_V1.1.1/Drivers/CMSIS/Include -O0 -ffunction-sections -fdata-sections -Wall -fstack-usage -fcyclomatic-complexity -MMD -MP -MF"Core/Src/keypad.d" -MT"Core/Src/keypad.o" --specs=nano.specs -mfpu=fpv5-sp-d16 -mfloat-abi=hard -mthumb -o "Core/Src/keypad.o"
arm-none-eabi-gcc -o "keypad_lib_test.elf" @"objects.list"   -mcpu=cortex-m33 -T"C:\Users\choua\STM32CubeIDE\MakeCutter_ST\H563ZI\keypad_lib_test\STM32H563ZITX_FLASH.ld" --specs=nosys.specs -Wl,-Map="keypad_lib_test.map" -Wl,--gc-sections -static --specs=nano.specs -mfpu=fpv5-sp-d16 -mfloat-abi=hard -mthumb -Wl,--start-group -lc -lm -Wl,--end-group
Finished building target: keypad_lib_test.elf
 
arm-none-eabi-size  keypad_lib_test.elf 
arm-none-eabi-objdump -h -S keypad_lib_test.elf  > "keypad_lib_test.list"
   text	   data	    bss	    dec	    hex	filename
  43300	     68	   3172	  46540	   b5cc	keypad_lib_test.elf
Finished building: default.size.stdout
 
Finished building: keypad_lib_test.list
 
04:07:21 **** Incremental Build of configuration Debug for project keypad_lib_test ****
make -j12 all 
arm-none-eabi-gcc "../Core/Src/keypad.c" -mcpu=cortex-m33 -std=gnu11 -g3 -DDEBUG -DUSE_FULL_LL_DRIVER -DUSE_HAL_DRIVER -DSTM32H563xx -c -I../Core/Inc -IC:/Users/choua/STM32Cube/Repository/STM32Cube_FW_H5_V1.1.1/Drivers/STM32H5xx_HAL_Driver/Inc -IC:/Users/choua/STM32Cube/Repository/STM32Cube_FW_H5_V1.1.1/Drivers/STM32H5xx_HAL_Driver/Inc/Legacy -IC:/Users/choua/STM32Cube/Repository/STM32Cube_FW_H5_V1.1.1/Drivers/CMSIS/Device/ST/STM32H5xx/Include -IC:/Users/choua/STM32Cube/Repository/STM32Cube_FW_H5_V1.1.1/Drivers/CMSIS/Include -O0 -ffunction-sections -fdata-sections -Wall -fstack-usage -fcyclomatic-complexity -MMD -MP -MF"Core/Src/keypad.d" -MT"Core/Src/keypad.o" --specs=nano.specs -mfpu=fpv5-sp-d16 -mfloat-abi=hard -mthumb -o "Core/Src/keypad.o"
arm-none-eabi-gcc "../Core/Src/main.c" -mcpu=cortex-m33 -std=gnu11 -g3 -DDEBUG -DUSE_FULL_LL_DRIVER -DUSE_HAL_DRIVER -DSTM32H563xx -c -I../Core/Inc -IC:/Users/choua/STM32Cube/Repository/STM32Cube_FW_H5_V1.1.1/Drivers/STM32H5xx_HAL_Driver/Inc -IC:/Users/choua/STM32Cube/Repository/STM32Cube_FW_H5_V1.1.1/Drivers/STM32H5xx_HAL_Driver/Inc/Legacy -IC:/Users/choua/STM32Cube/Repository/STM32Cube_FW_H5_V1.1.1/Drivers/CMSIS/Device/ST/STM32H5xx/Include -IC:/Users/choua/STM32Cube/Repository/STM32Cube_FW_H5_V1.1.1/Drivers/CMSIS/Include -O0 -ffunction-sections -fdata-sections -Wall -fstack-usage -fcyclomatic-complexity -MMD -MP -MF"Core/Src/main.d" -MT"Core/Src/main.o" --specs=nano.specs -mfpu=fpv5-sp-d16 -mfloat-abi=hard -mthumb -o "Core/Src/main.o"
arm-none-eabi-gcc -o "keypad_lib_test.elf" @"objects.list"   -mcpu=cortex-m33 -T"C:\Users\choua\STM32CubeIDE\MakeCutter_ST\H563ZI\keypad_lib_test\STM32H563ZITX_FLASH.ld" --specs=nosys.specs -Wl,-Map="keypad_lib_test.map" -Wl,--gc-sections -static --specs=nano.specs -mfpu=fpv5-sp-d16 -mfloat-abi=hard -mthumb -Wl,--start-group -lc -lm -Wl,--end-group
Finished building target: keypad_lib_test.elf
 
arm-none-eabi-size  keypad_lib_test.elf 
arm-none-eabi-objdump -h -S keypad_lib_test.elf  > "keypad_lib_test.list"
   text	   data	    bss	    dec	    hex	filename
  43372	     68	   3180	  46620	   b61c	keypad_lib_test.elf
Finished building: default.size.stdout
 
Finished building: keypad_lib_test.list
 
04:10:41 **** Incremental Build of configuration Debug for project keypad_lib_test ****
make -j12 all 
arm-none-eabi-size  keypad_lib_test.elf 
   text	   data	    bss	    dec	    hex	filename
  43372	     68	   3180	  46620	   b61c	keypad_lib_test.elf
Finished building: default.size.stdout
 
