C:/Users/choua/STM32Cube/Repository/STM32Cube_FW_H5_V1.1.1/Drivers/STM32H5xx_HAL_Driver/Inc/stm32h5xx_ll_bus.h:875:22:LL_AHB2_GRP1_EnableClock	1
C:/Users/choua/STM32Cube/Repository/STM32Cube_FW_H5_V1.1.1/Drivers/STM32H5xx_HAL_Driver/Inc/stm32h5xx_ll_bus.h:1524:22:LL_APB1_GRP2_EnableClock	1
../Core/Src/main.c:108:5:main	1
../Core/Src/main.c:162:6:SystemClock_Config	4
../Core/Src/main.c:220:13:MX_ADC1_Init	3
../Core/Src/main.c:279:13:MX_ETH_Init	2
../Core/Src/main.c:328:13:MX_ICACHE_Init	2
../Core/Src/main.c:356:13:MX_LPUART1_UART_Init	5
../Core/Src/main.c:403:13:MX_TIM3_Init	3
../Core/Src/main.c:442:13:MX_UCPD1_Init	1
../Core/Src/main.c:478:13:MX_USB_PCD_Init	2
../Core/Src/main.c:514:13:MX_GPIO_Init	1
../Core/Src/main.c:575:6:HAL_GPIO_EXTI_Rising_Callback	1
../Core/Src/main.c:582:6:HAL_GPIO_EXTI_Falling_Callback	1
../Core/Src/main.c:593:6:Error_Handler	1
