C:/Users/choua/STM32Cube/Repository/STM32Cube_FW_H5_V1.1.1/Drivers/STM32H5xx_HAL_Driver/Inc/stm32h5xx_ll_bus.h:875:22:LL_AHB2_GRP1_EnableClock	1
C:/Users/choua/STM32Cube/Repository/STM32Cube_FW_H5_V1.1.1/Drivers/STM32H5xx_HAL_Driver/Inc/stm32h5xx_ll_bus.h:1524:22:LL_APB1_GRP2_EnableClock	1
../Core/Src/main.c:83:5:main	1
../Core/Src/main.c:132:6:SystemClock_Config	4
../Core/Src/main.c:190:13:MX_ADC1_Init	3
../Core/Src/main.c:249:13:MX_ETH_Init	2
../Core/Src/main.c:298:13:MX_ICACHE_Init	2
../Core/Src/main.c:326:13:MX_LPUART1_UART_Init	5
../Core/Src/main.c:373:13:MX_UCPD1_Init	1
../Core/Src/main.c:409:13:MX_USB_PCD_Init	2
../Core/Src/main.c:445:13:MX_GPIO_Init	1
../Core/Src/main.c:491:6:HAL_GPIO_EXTI_Rising_Callback	2
../Core/Src/main.c:504:6:Error_Handler	1
