Archive member included to satisfy reference by file (symbol)

C:/ST/STM32CubeIDE_1.14.1/STM32CubeIDE/plugins/com.st.stm32cube.ide.mcu.externaltools.gnu-tools-for-stm32.11.3.rel1.win32_1.1.100.202309141235/tools/bin/../lib/gcc/arm-none-eabi/11.3.1/../../../../arm-none-eabi/lib/thumb/v8-m.main+fp/hard\libc_nano.a(libc_a-exit.o)
                              C:/ST/STM32CubeIDE_1.14.1/STM32CubeIDE/plugins/com.st.stm32cube.ide.mcu.externaltools.gnu-tools-for-stm32.11.3.rel1.win32_1.1.100.202309141235/tools/bin/../lib/gcc/arm-none-eabi/11.3.1/../../../../arm-none-eabi/lib/thumb/v8-m.main+fp/hard/crt0.o (exit)
C:/ST/STM32CubeIDE_1.14.1/STM32CubeIDE/plugins/com.st.stm32cube.ide.mcu.externaltools.gnu-tools-for-stm32.11.3.rel1.win32_1.1.100.202309141235/tools/bin/../lib/gcc/arm-none-eabi/11.3.1/../../../../arm-none-eabi/lib/thumb/v8-m.main+fp/hard\libc_nano.a(libc_a-findfp.o)
                              C:/ST/STM32CubeIDE_1.14.1/STM32CubeIDE/plugins/com.st.stm32cube.ide.mcu.externaltools.gnu-tools-for-stm32.11.3.rel1.win32_1.1.100.202309141235/tools/bin/../lib/gcc/arm-none-eabi/11.3.1/../../../../arm-none-eabi/lib/thumb/v8-m.main+fp/hard\libc_nano.a(libc_a-exit.o) (__stdio_exit_handler)
C:/ST/STM32CubeIDE_1.14.1/STM32CubeIDE/plugins/com.st.stm32cube.ide.mcu.externaltools.gnu-tools-for-stm32.11.3.rel1.win32_1.1.100.202309141235/tools/bin/../lib/gcc/arm-none-eabi/11.3.1/../../../../arm-none-eabi/lib/thumb/v8-m.main+fp/hard\libc_nano.a(libc_a-fwalk.o)
                              C:/ST/STM32CubeIDE_1.14.1/STM32CubeIDE/plugins/com.st.stm32cube.ide.mcu.externaltools.gnu-tools-for-stm32.11.3.rel1.win32_1.1.100.202309141235/tools/bin/../lib/gcc/arm-none-eabi/11.3.1/../../../../arm-none-eabi/lib/thumb/v8-m.main+fp/hard\libc_nano.a(libc_a-findfp.o) (_fwalk_sglue)
C:/ST/STM32CubeIDE_1.14.1/STM32CubeIDE/plugins/com.st.stm32cube.ide.mcu.externaltools.gnu-tools-for-stm32.11.3.rel1.win32_1.1.100.202309141235/tools/bin/../lib/gcc/arm-none-eabi/11.3.1/../../../../arm-none-eabi/lib/thumb/v8-m.main+fp/hard\libc_nano.a(libc_a-stdio.o)
                              C:/ST/STM32CubeIDE_1.14.1/STM32CubeIDE/plugins/com.st.stm32cube.ide.mcu.externaltools.gnu-tools-for-stm32.11.3.rel1.win32_1.1.100.202309141235/tools/bin/../lib/gcc/arm-none-eabi/11.3.1/../../../../arm-none-eabi/lib/thumb/v8-m.main+fp/hard\libc_nano.a(libc_a-findfp.o) (__sread)
C:/ST/STM32CubeIDE_1.14.1/STM32CubeIDE/plugins/com.st.stm32cube.ide.mcu.externaltools.gnu-tools-for-stm32.11.3.rel1.win32_1.1.100.202309141235/tools/bin/../lib/gcc/arm-none-eabi/11.3.1/../../../../arm-none-eabi/lib/thumb/v8-m.main+fp/hard\libc_nano.a(libc_a-memset.o)
                              C:/ST/STM32CubeIDE_1.14.1/STM32CubeIDE/plugins/com.st.stm32cube.ide.mcu.externaltools.gnu-tools-for-stm32.11.3.rel1.win32_1.1.100.202309141235/tools/bin/../lib/gcc/arm-none-eabi/11.3.1/../../../../arm-none-eabi/lib/thumb/v8-m.main+fp/hard/crt0.o (memset)
C:/ST/STM32CubeIDE_1.14.1/STM32CubeIDE/plugins/com.st.stm32cube.ide.mcu.externaltools.gnu-tools-for-stm32.11.3.rel1.win32_1.1.100.202309141235/tools/bin/../lib/gcc/arm-none-eabi/11.3.1/../../../../arm-none-eabi/lib/thumb/v8-m.main+fp/hard\libc_nano.a(libc_a-closer.o)
                              C:/ST/STM32CubeIDE_1.14.1/STM32CubeIDE/plugins/com.st.stm32cube.ide.mcu.externaltools.gnu-tools-for-stm32.11.3.rel1.win32_1.1.100.202309141235/tools/bin/../lib/gcc/arm-none-eabi/11.3.1/../../../../arm-none-eabi/lib/thumb/v8-m.main+fp/hard\libc_nano.a(libc_a-stdio.o) (_close_r)
C:/ST/STM32CubeIDE_1.14.1/STM32CubeIDE/plugins/com.st.stm32cube.ide.mcu.externaltools.gnu-tools-for-stm32.11.3.rel1.win32_1.1.100.202309141235/tools/bin/../lib/gcc/arm-none-eabi/11.3.1/../../../../arm-none-eabi/lib/thumb/v8-m.main+fp/hard\libc_nano.a(libc_a-reent.o)
                              C:/ST/STM32CubeIDE_1.14.1/STM32CubeIDE/plugins/com.st.stm32cube.ide.mcu.externaltools.gnu-tools-for-stm32.11.3.rel1.win32_1.1.100.202309141235/tools/bin/../lib/gcc/arm-none-eabi/11.3.1/../../../../arm-none-eabi/lib/thumb/v8-m.main+fp/hard\libc_nano.a(libc_a-closer.o) (errno)
C:/ST/STM32CubeIDE_1.14.1/STM32CubeIDE/plugins/com.st.stm32cube.ide.mcu.externaltools.gnu-tools-for-stm32.11.3.rel1.win32_1.1.100.202309141235/tools/bin/../lib/gcc/arm-none-eabi/11.3.1/../../../../arm-none-eabi/lib/thumb/v8-m.main+fp/hard\libc_nano.a(libc_a-impure.o)
                              C:/ST/STM32CubeIDE_1.14.1/STM32CubeIDE/plugins/com.st.stm32cube.ide.mcu.externaltools.gnu-tools-for-stm32.11.3.rel1.win32_1.1.100.202309141235/tools/bin/../lib/gcc/arm-none-eabi/11.3.1/../../../../arm-none-eabi/lib/thumb/v8-m.main+fp/hard\libc_nano.a(libc_a-reent.o) (_impure_ptr)
C:/ST/STM32CubeIDE_1.14.1/STM32CubeIDE/plugins/com.st.stm32cube.ide.mcu.externaltools.gnu-tools-for-stm32.11.3.rel1.win32_1.1.100.202309141235/tools/bin/../lib/gcc/arm-none-eabi/11.3.1/../../../../arm-none-eabi/lib/thumb/v8-m.main+fp/hard\libc_nano.a(libc_a-lseekr.o)
[...]
Memory Configuration

Name             Origin             Length             Attributes
RAM              0x0000000020000000 0x00000000000a0000 xrw
FLASH            0x0000000008000000 0x0000000000200000 xr
*default*        0x0000000000000000 0xffffffffffffffff

Linker script and memory map

LOAD C:/ST/STM32CubeIDE_1.14.1/STM32CubeIDE/plugins/com.st.stm32cube.ide.mcu.externaltools.gnu-tools-for-stm32.11.3.rel1.win32_1.1.100.202309141235/tools/bin/../lib/gcc/arm-none-eabi/11.3.1/thumb/v8-m.main+fp/hard/crti.o
LOAD C:/ST/STM32CubeIDE_1.14.1/STM32CubeIDE/plugins/com.st.stm32cube.ide.mcu.externaltools.gnu-tools-for-stm32.11.3.rel1.win32_1.1.100.202309141235/tools/bin/../lib/gcc/arm-none-eabi/11.3.1/thumb/v8-m.main+fp/hard/crtbegin.o
LOAD C:/ST/STM32CubeIDE_1.14.1/STM32CubeIDE/plugins/com.st.stm32cube.ide.mcu.externaltools.gnu-tools-for-stm32.11.3.rel1.win32_1.1.100.202309141235/tools/bin/../lib/gcc/arm-none-eabi/11.3.1/../../../../arm-none-eabi/lib/thumb/v8-m.main+fp/hard/crt0.o
LOAD ./Core/Src/main.o
LOAD ./Core/Src/servo.o
LOAD ./Core/Src/stm32h5xx_hal_msp.o
LOAD ./Core/Src/stm32h5xx_it.o
LOAD ./Core/Src/syscalls.o
LOAD ./Core/Src/sysmem.o
LOAD ./Core/Src/system_stm32h5xx.o
LOAD ./Core/Startup/startup_stm32h563zitx.o
LOAD ./Drivers/STM32H5xx_HAL_Driver/stm32h5xx_hal.o
LOAD ./Drivers/STM32H5xx_HAL_Driver/stm32h5xx_hal_adc.o
LOAD ./Drivers/STM32H5xx_HAL_Driver/stm32h5xx_hal_adc_ex.o
LOAD ./Drivers/STM32H5xx_HAL_Driver/stm32h5xx_hal_cortex.o
LOAD ./Drivers/STM32H5xx_HAL_Driver/stm32h5xx_hal_dma.o
LOAD ./Drivers/STM32H5xx_HAL_Driver/stm32h5xx_hal_dma_ex.o
LOAD ./Drivers/STM32H5xx_HAL_Driver/stm32h5xx_hal_eth.o
LOAD ./Drivers/STM32H5xx_HAL_Driver/stm32h5xx_hal_eth_ex.o
LOAD ./Drivers/STM32H5xx_HAL_Driver/stm32h5xx_hal_exti.o
LOAD ./Drivers/STM32H5xx_HAL_Driver/stm32h5xx_hal_flash.o
LOAD ./Drivers/STM32H5xx_HAL_Driver/stm32h5xx_hal_flash_ex.o
LOAD ./Drivers/STM32H5xx_HAL_Driver/stm32h5xx_hal_gpio.o
LOAD ./Drivers/STM32H5xx_HAL_Driver/stm32h5xx_hal_icache.o
LOAD ./Drivers/STM32H5xx_HAL_Driver/stm32h5xx_hal_pcd.o
LOAD ./Drivers/STM32H5xx_HAL_Driver/stm32h5xx_hal_pcd_ex.o
LOAD ./Drivers/STM32H5xx_HAL_Driver/stm32h5xx_hal_pwr.o
LOAD ./Drivers/STM32H5xx_HAL_Driver/stm32h5xx_hal_pwr_ex.o
LOAD ./Drivers/STM32H5xx_HAL_Driver/stm32h5xx_hal_rcc.o
LOAD ./Drivers/STM32H5xx_HAL_Driver/stm32h5xx_hal_rcc_ex.o
LOAD ./Drivers/STM32H5xx_HAL_Driver/stm32h5xx_hal_tim.o
LOAD ./Drivers/STM32H5xx_HAL_Driver/stm32h5xx_hal_tim_ex.o
LOAD ./Drivers/STM32H5xx_HAL_Driver/stm32h5xx_hal_uart.o
LOAD ./Drivers/STM32H5xx_HAL_Driver/stm32h5xx_hal_uart_ex.o
LOAD ./Drivers/STM32H5xx_HAL_Driver/stm32h5xx_ll_dma.o
LOAD ./Drivers/STM32H5xx_HAL_Driver/stm32h5xx_ll_exti.o
LOAD ./Drivers/STM32H5xx_HAL_Driver/stm32h5xx_ll_gpio.o
LOAD ./Drivers/STM32H5xx_HAL_Driver/stm32h5xx_ll_rcc.o
LOAD ./Drivers/STM32H5xx_HAL_Driver/stm32h5xx_ll_ucpd.o
LOAD ./Drivers/STM32H5xx_HAL_Driver/stm32h5xx_ll_usb.o
LOAD ./Drivers/STM32H5xx_HAL_Driver/stm32h5xx_ll_utils.o
START GROUP
LOAD C:/ST/STM32CubeIDE_1.14.1/STM32CubeIDE/plugins/com.st.stm32cube.ide.mcu.externaltools.gnu-tools-for-stm32.11.3.rel1.win32_1.1.100.202309141235/tools/bin/../lib/gcc/arm-none-eabi/11.3.1/../../../../arm-none-eabi/lib/thumb/v8-m.main+fp/hard\libc_nano.a
LOAD C:/ST/STM32CubeIDE_1.14.1/STM32CubeIDE/plugins/com.st.stm32cube.ide.mcu.externaltools.gnu-tools-for-stm32.11.3.rel1.win32_1.1.100.202309141235/tools/bin/../lib/gcc/arm-none-eabi/11.3.1/../../../../arm-none-eabi/lib/thumb/v8-m.main+fp/hard\libm.a
END GROUP
START GROUP
LOAD C:/ST/STM32CubeIDE_1.14.1/STM32CubeIDE/plugins/com.st.stm32cube.ide.mcu.externaltools.gnu-tools-for-stm32.11.3.rel1.win32_1.1.100.202309141235/tools/bin/../lib/gcc/arm-none-eabi/11.3.1/thumb/v8-m.main+fp/hard\libgcc.a
LOAD C:/ST/STM32CubeIDE_1.14.1/STM32CubeIDE/plugins/com.st.stm32cube.ide.mcu.externaltools.gnu-tools-for-stm32.11.3.rel1.win32_1.1.100.202309141235/tools/bin/../lib/gcc/arm-none-eabi/11.3.1/../../../../arm-none-eabi/lib/thumb/v8-m.main+fp/hard\libc_nano.a
END GROUP
START GROUP
LOAD C:/ST/STM32CubeIDE_1.14.1/STM32CubeIDE/plugins/com.st.stm32cube.ide.mcu.externaltools.gnu-tools-for-stm32.11.3.rel1.win32_1.1.100.202309141235/tools/bin/../lib/gcc/arm-none-eabi/11.3.1/thumb/v8-m.main+fp/hard\libgcc.a
LOAD C:/ST/STM32CubeIDE_1.14.1/STM32CubeIDE/plugins/com.st.stm32cube.ide.mcu.externaltools.gnu-tools-for-stm32.11.3.rel1.win32_1.1.100.202309141235/tools/bin/../lib/gcc/arm-none-eabi/11.3.1/../../../../arm-none-eabi/lib/thumb/v8-m.main+fp/hard\libc_nano.a
LOAD C:/ST/STM32CubeIDE_1.14.1/STM32CubeIDE/plugins/com.st.stm32cube.ide.mcu.externaltools.gnu-tools-for-stm32.11.3.rel1.win32_1.1.100.202309141235/tools/bin/../lib/gcc/arm-none-eabi/11.3.1/../../../../arm-none-eabi/lib/thumb/v8-m.main+fp/hard\libnosys.a
END GROUP
START GROUP
LOAD C:/ST/STM32CubeIDE_1.14.1/STM32CubeIDE/plugins/com.st.stm32cube.ide.mcu.externaltools.gnu-tools-for-stm32.11.3.rel1.win32_1.1.100.202309141235/tools/bin/../lib/gcc/arm-none-eabi/11.3.1/thumb/v8-m.main+fp/hard\libgcc.a
LOAD C:/ST/STM32CubeIDE_1.14.1/STM32CubeIDE/plugins/com.st.stm32cube.ide.mcu.externaltools.gnu-tools-for-stm32.11.3.rel1.win32_1.1.100.202309141235/tools/bin/../lib/gcc/arm-none-eabi/11.3.1/../../../../arm-none-eabi/lib/thumb/v8-m.main+fp/hard\libc_nano.a
LOAD C:/ST/STM32CubeIDE_1.14.1/STM32CubeIDE/plugins/com.st.stm32cube.ide.mcu.externaltools.gnu-tools-for-stm32.11.3.rel1.win32_1.1.100.202309141235/tools/bin/../lib/gcc/arm-none-eabi/11.3.1/../../../../arm-none-eabi/lib/thumb/v8-m.main+fp/hard\libnosys.a
END GROUP
LOAD C:/ST/STM32CubeIDE_1.14.1/STM32CubeIDE/plugins/com.st.stm32cube.ide.mcu.externaltools.gnu-tools-for-stm32.11.3.rel1.win32_1.1.100.202309141235/tools/bin/../lib/gcc/arm-none-eabi/11.3.1/thumb/v8-m.main+fp/hard/crtend.o
LOAD C:/ST/STM32CubeIDE_1.14.1/STM32CubeIDE/plugins/com.st.stm32cube.ide.mcu.externaltools.gnu-tools-for-stm32.11.3.rel1.win32_1.1.100.202309141235/tools/bin/../lib/gcc/arm-none-eabi/11.3.1/thumb/v8-m.main+fp/hard/crtn.o
                0x00000000200a0000                _estack = (ORIGIN (RAM) + LENGTH (RAM))
                0x0000000000000200                _Min_Heap_Size = 0x200
                0x0000000000000400                _Min_Stack_Size = 0x400

.isr_vector     0x0000000008000000      0x24c
                0x0000000008000000                . = ALIGN (0x4)
 *(.isr_vector)
 .isr_vector    0x0000000008000000      0x24c ./Core/Startup/startup_stm32h563zitx.o
                0x0000000008000000                g_pfnVectors
                0x000000000800024c                . = ALIGN (0x4)

.text           0x000000000800024c     0xb7dc
                0x000000000800024c                . = ALIGN (0x4)
 *(.text)
 .text          0x000000000800024c       0x40 C:/ST/STM32CubeIDE_1.14.1/STM32CubeIDE/plugins/com.st.stm32cube.ide.mcu.externaltools.gnu-tools-for-stm32.11.3.rel1.win32_1.1.100.202309141235/tools/bin/../lib/gcc/arm-none-eabi/11.3.1/thumb/v8-m.main+fp/hard/crtbegin.o
 .text          0x000000000800028c       0x30 C:/ST/STM32CubeIDE_1.14.1/STM32CubeIDE/plugins/com.st.stm32cube.ide.mcu.externaltools.gnu-tools-for-stm32.11.3.rel1.win32_1.1.100.202309141235/tools/bin/../lib/gcc/arm-none-eabi/11.3.1/thumb/v8-m.main+fp/hard\libgcc.a(_aeabi_uldivmod.o)
                0x000000000800028c                __aeabi_uldivmod
 .text          0x00000000080002bc      0x2ec C:/ST/STM32CubeIDE_1.14.1/STM32CubeIDE/plugins/com.st.stm32cube.ide.mcu.externaltools.gnu-tools-for-stm32.11.3.rel1.win32_1.1.100.202309141235/tools/bin/../lib/gcc/arm-none-eabi/11.3.1/thumb/v8-m.main+fp/hard\libgcc.a(_udivmoddi4.o)
                0x00000000080002bc                __udivmoddi4
 .text          0x00000000080005a8        0x4 C:/ST/STM32CubeIDE_1.14.1/STM32CubeIDE/plugins/com.st.stm32cube.ide.mcu.externaltools.gnu-tools-for-stm32.11.3.rel1.win32_1.1.100.202309141235/tools/bin/../lib/gcc/arm-none-eabi/11.3.1/thumb/v8-m.main+fp/hard\libgcc.a(_dvmd_tls.o)
                0x00000000080005a8                __aeabi_idiv0
                0x00000000080005a8                __aeabi_ldiv0
 *(.text*)
 .text.LL_AHB2_GRP1_EnableClock
                0x00000000080005ac       0x38 ./Core/Src/main.o
 .text.LL_APB1_GRP2_EnableClock
                0x00000000080005e4       0x38 ./Core/Src/main.o
 .text.main     0x000000000800061c       0x7c ./Core/Src/main.o
                0x000000000800061c                main
 .text.SystemClock_Config
                0x0000000008000698       0xe0 ./Core/Src/main.o
                0x0000000008000698                SystemClock_Config
 .text.MX_ADC1_Init
                0x0000000008000778       0xc8 ./Core/Src/main.o
 .text.MX_ETH_Init
                0x0000000008000840       0x98 ./Core/Src/main.o
 .text.MX_ICACHE_Init
                0x00000000080008d8       0x16 ./Core/Src/main.o
 *fill*         0x00000000080008ee        0x2 
 .text.MX_LPUART1_UART_Init
                0x00000000080008f0       0x94 ./Core/Src/main.o
 .text.MX_TIM1_Init
                0x0000000008000984      0x178 ./Core/Src/main.o
 .text.MX_UCPD1_Init
                0x0000000008000afc       0x48 ./Core/Src/main.o
 .text.MX_USB_PCD_Init
                0x0000000008000b44       0x64 ./Core/Src/main.o
 .text.MX_GPIO_Init
                0x0000000008000ba8       0xf8 ./Core/Src/main.o
 .text.Error_Handler
                0x0000000008000ca0        0xa ./Core/Src/main.o
                0x0000000008000ca0                Error_Handler
 .text.SERVO_INIT
                0x0000000008000caa       0x22 ./Core/Src/servo.o
                0x0000000008000caa                SERVO_INIT
 .text.SERVO_SET_TIM
                0x0000000008000ccc       0x20 ./Core/Src/servo.o
                0x0000000008000ccc                SERVO_SET_TIM
 .text.SERVO_SET_DUTY_CYCLE
                0x0000000008000cec       0x3c ./Core/Src/servo.o
                0x0000000008000cec                SERVO_SET_DUTY_CYCLE
 .text.Servo_Start
                0x0000000008000d28       0x2c ./Core/Src/servo.o
                0x0000000008000d28                Servo_Start
 .text.Servo_Write
                0x0000000008000d54       0xa4 ./Core/Src/servo.o
                0x0000000008000d54                Servo_Write
 .text.HAL_MspInit
                0x0000000008000df8        0xe ./Core/Src/stm32h5xx_hal_msp.o
                0x0000000008000df8                HAL_MspInit
 *fill*         0x0000000008000e06        0x2 
 .text.HAL_ADC_MspInit
                0x0000000008000e08      0x110 ./Core/Src/stm32h5xx_hal_msp.o
                0x0000000008000e08                HAL_ADC_MspInit
 .text.HAL_ETH_MspInit
                0x0000000008000f18      0x19c ./Core/Src/stm32h5xx_hal_msp.o
                0x0000000008000f18                HAL_ETH_MspInit
 .text.HAL_UART_MspInit
                0x00000000080010b4      0x11c ./Core/Src/stm32h5xx_hal_msp.o
                0x00000000080010b4                HAL_UART_MspInit
 .text.HAL_TIM_Base_MspInit
                0x00000000080011d0       0x44 ./Core/Src/stm32h5xx_hal_msp.o
                0x00000000080011d0                HAL_TIM_Base_MspInit
 .text.HAL_TIM_MspPostInit
                0x0000000008001214       0x78 ./Core/Src/stm32h5xx_hal_msp.o
                0x0000000008001214                HAL_TIM_MspPostInit
 .text.HAL_PCD_MspInit
                0x000000000800128c      0x11c ./Core/Src/stm32h5xx_hal_msp.o
                0x000000000800128c                HAL_PCD_MspInit
 .text.NMI_Handler
                0x00000000080013a8        0x6 ./Core/Src/stm32h5xx_it.o
                0x00000000080013a8                NMI_Handler
 .text.HardFault_Handler
                0x00000000080013ae        0x6 ./Core/Src/stm32h5xx_it.o
                0x00000000080013ae                HardFault_Handler
 .text.MemManage_Handler
                0x00000000080013b4        0x6 ./Core/Src/stm32h5xx_it.o
                0x00000000080013b4                MemManage_Handler
 .text.BusFault_Handler
                0x00000000080013ba        0x6 ./Core/Src/stm32h5xx_it.o
                0x00000000080013ba                BusFault_Handler
 .text.UsageFault_Handler
                0x00000000080013c0        0x6 ./Core/Src/stm32h5xx_it.o
                0x00000000080013c0                UsageFault_Handler
 .text.SVC_Handler
                0x00000000080013c6        0xe ./Core/Src/stm32h5xx_it.o
                0x00000000080013c6                SVC_Handler
 .text.DebugMon_Handler
                0x00000000080013d4        0xe ./Core/Src/stm32h5xx_it.o
                0x00000000080013d4                DebugMon_Handler
 .text.PendSV_Handler
                0x00000000080013e2        0xe ./Core/Src/stm32h5xx_it.o
                0x00000000080013e2                PendSV_Handler
 .text.SysTick_Handler
                0x00000000080013f0        0xc ./Core/Src/stm32h5xx_it.o
                0x00000000080013f0                SysTick_Handler
 .text.SystemInit
                0x00000000080013fc       0xf8 ./Core/Src/system_stm32h5xx.o
                0x00000000080013fc                SystemInit
 .text.Reset_Handler
                0x00000000080014f4       0x50 ./Core/Startup/startup_stm32h563zitx.o
                0x00000000080014f4                Reset_Handler
 .text.Default_Handler
                0x0000000008001544        0x2 ./Core/Startup/startup_stm32h563zitx.o
                0x0000000008001544                EXTI2_IRQHandler
                0x0000000008001544                TIM8_TRG_COM_IRQHandler
                0x0000000008001544                TIM8_CC_IRQHandler
                0x0000000008001544                EXTI5_IRQHandler
                0x0000000008001544                I3C1_ER_IRQHandler
                0x0000000008001544                UART8_IRQHandler
                0x0000000008001544                SPI4_IRQHandler
                0x0000000008001544                GPDMA2_Channel1_IRQHandler
                0x0000000008001544                FLASH_S_IRQHandler
                0x0000000008001544                EXTI13_IRQHandler
                0x0000000008001544                TIM1_CC_IRQHandler
                0x0000000008001544                GPDMA2_Channel3_IRQHandler
                0x0000000008001544                TAMP_IRQHandler
                0x0000000008001544                TIM6_IRQHandler
                0x0000000008001544                EXTI12_IRQHandler
                0x0000000008001544                CORDIC_IRQHandler
                0x0000000008001544                USB_DRD_FS_IRQHandler
                0x0000000008001544                EXTI3_IRQHandler
                0x0000000008001544                LPTIM4_IRQHandler
                0x0000000008001544                GPDMA1_Channel5_IRQHandler
                0x0000000008001544                EXTI8_IRQHandler
                0x0000000008001544                GPDMA2_Channel5_IRQHandler
                0x0000000008001544                LPTIM2_IRQHandler
                0x0000000008001544                I2C3_ER_IRQHandler
                0x0000000008001544                GPDMA2_Channel2_IRQHandler
                0x0000000008001544                USART10_IRQHandler
                0x0000000008001544                LPTIM3_IRQHandler
                0x0000000008001544                EXTI0_IRQHandler
                0x0000000008001544                I2C2_EV_IRQHandler
                0x0000000008001544                FPU_IRQHandler
                0x0000000008001544                GPDMA1_Channel3_IRQHandler
                0x0000000008001544                GPDMA1_Channel7_IRQHandler
                0x0000000008001544                FDCAN1_IT1_IRQHandler
                0x0000000008001544                RAMCFG_IRQHandler
                0x0000000008001544                DCACHE1_IRQHandler
                0x0000000008001544                SPI1_IRQHandler
                0x0000000008001544                OCTOSPI1_IRQHandler
                0x0000000008001544                GPDMA1_Channel2_IRQHandler
                0x0000000008001544                TIM8_UP_IRQHandler
                0x0000000008001544                RCC_S_IRQHandler
                0x0000000008001544                SAI2_IRQHandler
                0x0000000008001544                ADC1_IRQHandler
                0x0000000008001544                USART6_IRQHandler
                0x0000000008001544                EXTI15_IRQHandler
                0x0000000008001544                TIM17_IRQHandler
                0x0000000008001544                USART3_IRQHandler
                0x0000000008001544                RTC_IRQHandler
                0x0000000008001544                EXTI9_IRQHandler
                0x0000000008001544                LPTIM5_IRQHandler
                0x0000000008001544                UART5_IRQHandler
                0x0000000008001544                TIM4_IRQHandler
                0x0000000008001544                I2C1_EV_IRQHandler
                0x0000000008001544                GPDMA1_Channel1_IRQHandler
                0x0000000008001544                TIM16_IRQHandler
                0x0000000008001544                UART4_IRQHandler
                0x0000000008001544                SecureFault_Handler
                0x0000000008001544                TIM3_IRQHandler
                0x0000000008001544                RCC_IRQHandler
                0x0000000008001544                UART9_IRQHandler
                0x0000000008001544                TIM1_TRG_COM_IRQHandler
                0x0000000008001544                Default_Handler
                0x0000000008001544                FMAC_IRQHandler
                0x0000000008001544                CEC_IRQHandler
                0x0000000008001544                USART11_IRQHandler
                0x0000000008001544                TIM14_IRQHandler
                0x0000000008001544                TIM13_IRQHandler
                0x0000000008001544                GPDMA2_Channel4_IRQHandler
                0x0000000008001544                SPI5_IRQHandler
                0x0000000008001544                TIM12_IRQHandler
                0x0000000008001544                TIM7_IRQHandler
                0x0000000008001544                SDMMC1_IRQHandler
                0x0000000008001544                TIM5_IRQHandler
                0x0000000008001544                UCPD1_IRQHandler
                0x0000000008001544                GPDMA1_Channel0_IRQHandler
                0x0000000008001544                I3C1_EV_IRQHandler
                0x0000000008001544                TIM15_IRQHandler
                0x0000000008001544                PVD_AVD_IRQHandler
                0x0000000008001544                I2C3_EV_IRQHandler
                0x0000000008001544                ETH_WKUP_IRQHandler
                0x0000000008001544                ADC2_IRQHandler
                0x0000000008001544                SPI2_IRQHandler
                0x0000000008001544                EXTI14_IRQHandler
                0x0000000008001544                EXTI11_IRQHandler
                0x0000000008001544                CRS_IRQHandler
                0x0000000008001544                EXTI4_IRQHandler
                0x0000000008001544                GPDMA2_Channel0_IRQHandler
                0x0000000008001544                RTC_S_IRQHandler
                0x0000000008001544                RNG_IRQHandler
                0x0000000008001544                FDCAN2_IT1_IRQHandler
                0x0000000008001544                ETH_IRQHandler
                0x0000000008001544                GPDMA2_Channel6_IRQHandler
                0x0000000008001544                TIM1_UP_IRQHandler
                0x0000000008001544                UART12_IRQHandler
                0x0000000008001544                WWDG_IRQHandler
                0x0000000008001544                SPI6_IRQHandler
                0x0000000008001544                I2C4_EV_IRQHandler
                0x0000000008001544                FDCAN2_IT0_IRQHandler
                0x0000000008001544                IWDG_IRQHandler
                0x0000000008001544                LPUART1_IRQHandler
                0x0000000008001544                FDCAN1_IT0_IRQHandler
                0x0000000008001544                TIM2_IRQHandler
                0x0000000008001544                GPDMA1_Channel4_IRQHandler
                0x0000000008001544                EXTI7_IRQHandler
                0x0000000008001544                TIM1_BRK_IRQHandler
                0x0000000008001544                EXTI1_IRQHandler
                0x0000000008001544                SDMMC2_IRQHandler
                0x0000000008001544                LPTIM6_IRQHandler
                0x0000000008001544                DAC1_IRQHandler
                0x0000000008001544                DTS_IRQHandler
                0x0000000008001544                UART7_IRQHandler
                0x0000000008001544                GTZC_IRQHandler
                0x0000000008001544                USART2_IRQHandler
                0x0000000008001544                GPDMA1_Channel6_IRQHandler
                0x0000000008001544                GPDMA2_Channel7_IRQHandler
                0x0000000008001544                I2C2_ER_IRQHandler
                0x0000000008001544                TIM8_BRK_IRQHandler
                0x0000000008001544                FLASH_IRQHandler
                0x0000000008001544                USART1_IRQHandler
                0x0000000008001544                EXTI10_IRQHandler
                0x0000000008001544                SPI3_IRQHandler
                0x0000000008001544                I2C1_ER_IRQHandler
                0x0000000008001544                FMC_IRQHandler
                0x0000000008001544                EXTI6_IRQHandler
                0x0000000008001544                LPTIM1_IRQHandler
                0x0000000008001544                DCMI_PSSI_IRQHandler
                0x0000000008001544                I2C4_ER_IRQHandler
                0x0000000008001544                ICACHE_IRQHandler
                0x0000000008001544                SAI1_IRQHandler
                0x0000000008001544                HASH_IRQHandler
 *fill*         0x0000000008001546        0x2 
 .text.HAL_Init
                0x0000000008001548       0x4c ./Drivers/STM32H5xx_HAL_Driver/stm32h5xx_hal.o
                0x0000000008001548                HAL_Init
 .text.HAL_InitTick
                0x0000000008001594       0x6c ./Drivers/STM32H5xx_HAL_Driver/stm32h5xx_hal.o
                0x0000000008001594                HAL_InitTick
 .text.HAL_IncTick
                0x0000000008001600       0x28 ./Drivers/STM32H5xx_HAL_Driver/stm32h5xx_hal.o
                0x0000000008001600                HAL_IncTick
 .text.HAL_GetTick
                0x0000000008001628       0x18 ./Drivers/STM32H5xx_HAL_Driver/stm32h5xx_hal.o
                0x0000000008001628                HAL_GetTick
 .text.HAL_SBS_ETHInterfaceSelect
                0x0000000008001640       0x2c ./Drivers/STM32H5xx_HAL_Driver/stm32h5xx_hal.o
                0x0000000008001640                HAL_SBS_ETHInterfaceSelect
 .text.LL_ADC_SetCommonClock
                0x000000000800166c       0x26 ./Drivers/STM32H5xx_HAL_Driver/stm32h5xx_hal_adc.o
 .text.LL_ADC_SetCommonPathInternalCh
                0x0000000008001692       0x26 ./Drivers/STM32H5xx_HAL_Driver/stm32h5xx_hal_adc.o
 .text.LL_ADC_GetCommonPathInternalCh
                0x00000000080016b8       0x1c ./Drivers/STM32H5xx_HAL_Driver/stm32h5xx_hal_adc.o
 .text.LL_ADC_EnableChannelVDDcore
                0x00000000080016d4       0x24 ./Drivers/STM32H5xx_HAL_Driver/stm32h5xx_hal_adc.o
 .text.LL_ADC_EnableChannel0_GPIO
                0x00000000080016f8       0x28 ./Drivers/STM32H5xx_HAL_Driver/stm32h5xx_hal_adc.o
 .text.LL_ADC_SetOffset
                0x0000000008001720       0x48 ./Drivers/STM32H5xx_HAL_Driver/stm32h5xx_hal_adc.o
 .text.LL_ADC_GetOffsetChannel
                0x0000000008001768       0x2c ./Drivers/STM32H5xx_HAL_Driver/stm32h5xx_hal_adc.o
 .text.LL_ADC_SetOffsetState
                0x0000000008001794       0x36 ./Drivers/STM32H5xx_HAL_Driver/stm32h5xx_hal_adc.o
 .text.LL_ADC_SetOffsetSign
                0x00000000080017ca       0x36 ./Drivers/STM32H5xx_HAL_Driver/stm32h5xx_hal_adc.o
 .text.LL_ADC_SetOffsetSaturation
                0x0000000008001800       0x36 ./Drivers/STM32H5xx_HAL_Driver/stm32h5xx_hal_adc.o
 .text.LL_ADC_SetSamplingTimeCommonConfig
                0x0000000008001836       0x26 ./Drivers/STM32H5xx_HAL_Driver/stm32h5xx_hal_adc.o
 .text.LL_ADC_REG_SetSequencerRanks
                0x000000000800185c       0x58 ./Drivers/STM32H5xx_HAL_Driver/stm32h5xx_hal_adc.o
 .text.LL_ADC_SetChannelSamplingTime
                0x00000000080018b4       0x56 ./Drivers/STM32H5xx_HAL_Driver/stm32h5xx_hal_adc.o
 *fill*         0x000000000800190a        0x2 
 .text.LL_ADC_SetChannelSingleDiff
                0x000000000800190c       0x48 ./Drivers/STM32H5xx_HAL_Driver/stm32h5xx_hal_adc.o
 .text.LL_ADC_DisableDeepPowerDown
                0x0000000008001954       0x24 ./Drivers/STM32H5xx_HAL_Driver/stm32h5xx_hal_adc.o
 .text.LL_ADC_IsDeepPowerDownEnabled
                0x0000000008001978       0x28 ./Drivers/STM32H5xx_HAL_Driver/stm32h5xx_hal_adc.o
 .text.LL_ADC_EnableInternalRegulator
                0x00000000080019a0       0x28 ./Drivers/STM32H5xx_HAL_Driver/stm32h5xx_hal_adc.o
 .text.LL_ADC_IsInternalRegulatorEnabled
                0x00000000080019c8       0x28 ./Drivers/STM32H5xx_HAL_Driver/stm32h5xx_hal_adc.o
 .text.LL_ADC_IsEnabled
                0x00000000080019f0       0x26 ./Drivers/STM32H5xx_HAL_Driver/stm32h5xx_hal_adc.o
 .text.LL_ADC_REG_IsConversionOngoing
                0x0000000008001a16       0x26 ./Drivers/STM32H5xx_HAL_Driver/stm32h5xx_hal_adc.o
 .text.LL_ADC_INJ_IsConversionOngoing
                0x0000000008001a3c       0x26 ./Drivers/STM32H5xx_HAL_Driver/stm32h5xx_hal_adc.o
 *fill*         0x0000000008001a62        0x2 
 .text.HAL_ADC_Init
                0x0000000008001a64      0x2a8 ./Drivers/STM32H5xx_HAL_Driver/stm32h5xx_hal_adc.o
                0x0000000008001a64                HAL_ADC_Init
 .text.HAL_ADC_ConfigChannel
                0x0000000008001d0c      0x804 ./Drivers/STM32H5xx_HAL_Driver/stm32h5xx_hal_adc.o
                0x0000000008001d0c                HAL_ADC_ConfigChannel
 .text.__NVIC_SetPriorityGrouping
                0x0000000008002510       0x48 ./Drivers/STM32H5xx_HAL_Driver/stm32h5xx_hal_cortex.o
 .text.__NVIC_GetPriorityGrouping
                0x0000000008002558       0x1c ./Drivers/STM32H5xx_HAL_Driver/stm32h5xx_hal_cortex.o
 .text.__NVIC_SetPriority
                0x0000000008002574       0x54 ./Drivers/STM32H5xx_HAL_Driver/stm32h5xx_hal_cortex.o
 .text.NVIC_EncodePriority
                0x00000000080025c8       0x66 ./Drivers/STM32H5xx_HAL_Driver/stm32h5xx_hal_cortex.o
 *fill*         0x000000000800262e        0x2 
 .text.SysTick_Config
                0x0000000008002630       0x44 ./Drivers/STM32H5xx_HAL_Driver/stm32h5xx_hal_cortex.o
 .text.HAL_NVIC_SetPriorityGrouping
                0x0000000008002674       0x16 ./Drivers/STM32H5xx_HAL_Driver/stm32h5xx_hal_cortex.o
                0x0000000008002674                HAL_NVIC_SetPriorityGrouping
 .text.HAL_NVIC_SetPriority
                0x000000000800268a       0x34 ./Drivers/STM32H5xx_HAL_Driver/stm32h5xx_hal_cortex.o
                0x000000000800268a                HAL_NVIC_SetPriority
 .text.HAL_SYSTICK_Config
                0x00000000080026be       0x18 ./Drivers/STM32H5xx_HAL_Driver/stm32h5xx_hal_cortex.o
                0x00000000080026be                HAL_SYSTICK_Config
 *fill*         0x00000000080026d6        0x2 
 .text.HAL_ETH_Init
                0x00000000080026d8      0x1cc ./Drivers/STM32H5xx_HAL_Driver/stm32h5xx_hal_eth.o
                0x00000000080026d8                HAL_ETH_Init
 .text.HAL_ETH_SetMDIOClockRange
                0x00000000080028a4       0xd0 ./Drivers/STM32H5xx_HAL_Driver/stm32h5xx_hal_eth.o
                0x00000000080028a4                HAL_ETH_SetMDIOClockRange
 .text.ETH_SetMACConfig
                0x0000000008002974      0x238 ./Drivers/STM32H5xx_HAL_Driver/stm32h5xx_hal_eth.o
 .text.ETH_SetDMAConfig
                0x0000000008002bac      0x10c ./Drivers/STM32H5xx_HAL_Driver/stm32h5xx_hal_eth.o
 .text.ETH_MACDMAConfig
                0x0000000008002cb8      0x13a ./Drivers/STM32H5xx_HAL_Driver/stm32h5xx_hal_eth.o
 .text.ETH_DMATxDescListInit
                0x0000000008002df2       0x92 ./Drivers/STM32H5xx_HAL_Driver/stm32h5xx_hal_eth.o
 .text.ETH_DMARxDescListInit
                0x0000000008002e84       0xba ./Drivers/STM32H5xx_HAL_Driver/stm32h5xx_hal_eth.o
 *fill*         0x0000000008002f3e        0x2 
 .text.HAL_GPIO_Init
                0x0000000008002f40      0x2a4 ./Drivers/STM32H5xx_HAL_Driver/stm32h5xx_hal_gpio.o
                0x0000000008002f40                HAL_GPIO_Init
 .text.HAL_ICACHE_Enable
                0x00000000080031e4       0x20 ./Drivers/STM32H5xx_HAL_Driver/stm32h5xx_hal_icache.o
                0x00000000080031e4                HAL_ICACHE_Enable
 .text.HAL_PCD_Init
                0x0000000008003204      0x1b6 ./Drivers/STM32H5xx_HAL_Driver/stm32h5xx_hal_pcd.o
                0x0000000008003204                HAL_PCD_Init
 .text.HAL_PCDEx_ActivateLPM
                0x00000000080033ba       0x44 ./Drivers/STM32H5xx_HAL_Driver/stm32h5xx_hal_pcd_ex.o
                0x00000000080033ba                HAL_PCDEx_ActivateLPM
 *fill*         0x00000000080033fe        0x2 
 .text.HAL_RCC_OscConfig
                0x0000000008003400      0x870 ./Drivers/STM32H5xx_HAL_Driver/stm32h5xx_hal_rcc.o
                0x0000000008003400                HAL_RCC_OscConfig
 .text.HAL_RCC_ClockConfig
                0x0000000008003c70      0x370 ./Drivers/STM32H5xx_HAL_Driver/stm32h5xx_hal_rcc.o
                0x0000000008003c70                HAL_RCC_ClockConfig
 .text.HAL_RCC_GetSysClockFreq
                0x0000000008003fe0      0x258 ./Drivers/STM32H5xx_HAL_Driver/stm32h5xx_hal_rcc.o
                0x0000000008003fe0                HAL_RCC_GetSysClockFreq
 .text.HAL_RCC_GetHCLKFreq
                0x0000000008004238       0x38 ./Drivers/STM32H5xx_HAL_Driver/stm32h5xx_hal_rcc.o
                0x0000000008004238                HAL_RCC_GetHCLKFreq
 .text.HAL_RCC_GetPCLK1Freq
                0x0000000008004270       0x2c ./Drivers/STM32H5xx_HAL_Driver/stm32h5xx_hal_rcc.o
                0x0000000008004270                HAL_RCC_GetPCLK1Freq
 .text.HAL_RCC_GetPCLK2Freq
                0x000000000800429c       0x2c ./Drivers/STM32H5xx_HAL_Driver/stm32h5xx_hal_rcc.o
                0x000000000800429c                HAL_RCC_GetPCLK2Freq
 .text.HAL_RCC_GetPCLK3Freq
                0x00000000080042c8       0x2c ./Drivers/STM32H5xx_HAL_Driver/stm32h5xx_hal_rcc.o
                0x00000000080042c8                HAL_RCC_GetPCLK3Freq
 .text.HAL_RCCEx_PeriphCLKConfig
                0x00000000080042f4     0x1f14 ./Drivers/STM32H5xx_HAL_Driver/stm32h5xx_hal_rcc_ex.o
                0x00000000080042f4                HAL_RCCEx_PeriphCLKConfig
 .text.HAL_RCCEx_GetPLL1ClockFreq
                0x0000000008006208      0x2d4 ./Drivers/STM32H5xx_HAL_Driver/stm32h5xx_hal_rcc_ex.o
                0x0000000008006208                HAL_RCCEx_GetPLL1ClockFreq
 .text.HAL_RCCEx_GetPLL2ClockFreq
                0x00000000080064dc      0x2d4 ./Drivers/STM32H5xx_HAL_Driver/stm32h5xx_hal_rcc_ex.o
                0x00000000080064dc                HAL_RCCEx_GetPLL2ClockFreq
 .text.HAL_RCCEx_GetPLL3ClockFreq
                0x00000000080067b0      0x2d4 ./Drivers/STM32H5xx_HAL_Driver/stm32h5xx_hal_rcc_ex.o
                0x00000000080067b0                HAL_RCCEx_GetPLL3ClockFreq
 .text.HAL_RCCEx_GetPeriphCLKFreq
                0x0000000008006a84     0x26b4 ./Drivers/STM32H5xx_HAL_Driver/stm32h5xx_hal_rcc_ex.o
                0x0000000008006a84                HAL_RCCEx_GetPeriphCLKFreq
 .text.RCCEx_PLL2_Config
                0x0000000008009138      0x130 ./Drivers/STM32H5xx_HAL_Driver/stm32h5xx_hal_rcc_ex.o
 .text.RCCEx_PLL3_Config
                0x0000000008009268      0x130 ./Drivers/STM32H5xx_HAL_Driver/stm32h5xx_hal_rcc_ex.o
 .text.HAL_TIM_Base_Init
                0x0000000008009398       0xae ./Drivers/STM32H5xx_HAL_Driver/stm32h5xx_hal_tim.o
                0x0000000008009398                HAL_TIM_Base_Init
 .text.HAL_TIM_PWM_Init
                0x0000000008009446       0xae ./Drivers/STM32H5xx_HAL_Driver/stm32h5xx_hal_tim.o
                0x0000000008009446                HAL_TIM_PWM_Init
 .text.HAL_TIM_PWM_MspInit
                0x00000000080094f4       0x14 ./Drivers/STM32H5xx_HAL_Driver/stm32h5xx_hal_tim.o
                0x00000000080094f4                HAL_TIM_PWM_MspInit
 .text.HAL_TIM_PWM_Start
                0x0000000008009508      0x2c0 ./Drivers/STM32H5xx_HAL_Driver/stm32h5xx_hal_tim.o
                0x0000000008009508                HAL_TIM_PWM_Start
 .text.HAL_TIM_PWM_ConfigChannel
                0x00000000080097c8      0x228 ./Drivers/STM32H5xx_HAL_Driver/stm32h5xx_hal_tim.o
                0x00000000080097c8                HAL_TIM_PWM_ConfigChannel
 .text.HAL_TIM_ConfigClockSource
                0x00000000080099f0      0x23c ./Drivers/STM32H5xx_HAL_Driver/stm32h5xx_hal_tim.o
                0x00000000080099f0                HAL_TIM_ConfigClockSource
 .text.TIM_Base_SetConfig
                0x0000000008009c2c      0x23c ./Drivers/STM32H5xx_HAL_Driver/stm32h5xx_hal_tim.o
                0x0000000008009c2c                TIM_Base_SetConfig
 .text.TIM_OC1_SetConfig
                0x0000000008009e68      0x184 ./Drivers/STM32H5xx_HAL_Driver/stm32h5xx_hal_tim.o
 .text.TIM_OC2_SetConfig
                0x0000000008009fec      0x160 ./Drivers/STM32H5xx_HAL_Driver/stm32h5xx_hal_tim.o
                0x0000000008009fec                TIM_OC2_SetConfig
 .text.TIM_OC3_SetConfig
                0x000000000800a14c      0x15c ./Drivers/STM32H5xx_HAL_Driver/stm32h5xx_hal_tim.o
 .text.TIM_OC4_SetConfig
                0x000000000800a2a8      0x160 ./Drivers/STM32H5xx_HAL_Driver/stm32h5xx_hal_tim.o
 .text.TIM_OC5_SetConfig
                0x000000000800a408      0x104 ./Drivers/STM32H5xx_HAL_Driver/stm32h5xx_hal_tim.o
 .text.TIM_OC6_SetConfig
                0x000000000800a50c      0x108 ./Drivers/STM32H5xx_HAL_Driver/stm32h5xx_hal_tim.o
 .text.TIM_TI1_ConfigInputStage
                0x000000000800a614       0x5e ./Drivers/STM32H5xx_HAL_Driver/stm32h5xx_hal_tim.o
 .text.TIM_TI2_ConfigInputStage
                0x000000000800a672       0x60 ./Drivers/STM32H5xx_HAL_Driver/stm32h5xx_hal_tim.o
 .text.TIM_ITRx_SetConfig
                0x000000000800a6d2       0x3a ./Drivers/STM32H5xx_HAL_Driver/stm32h5xx_hal_tim.o
 .text.TIM_ETR_SetConfig
                0x000000000800a70c       0x40 ./Drivers/STM32H5xx_HAL_Driver/stm32h5xx_hal_tim.o
                0x000000000800a70c                TIM_ETR_SetConfig
 .text.TIM_CCxChannelCmd
                0x000000000800a74c       0x4a ./Drivers/STM32H5xx_HAL_Driver/stm32h5xx_hal_tim.o
                0x000000000800a74c                TIM_CCxChannelCmd
 *fill*         0x000000000800a796        0x2 
 .text.HAL_TIMEx_MasterConfigSynchronization
                0x000000000800a798      0x1a0 ./Drivers/STM32H5xx_HAL_Driver/stm32h5xx_hal_tim_ex.o
                0x000000000800a798                HAL_TIMEx_MasterConfigSynchronization
 .text.HAL_TIMEx_ConfigBreakDeadTime
                0x000000000800a938      0x184 ./Drivers/STM32H5xx_HAL_Driver/stm32h5xx_hal_tim_ex.o
                0x000000000800a938                HAL_TIMEx_ConfigBreakDeadTime
 .text.HAL_UART_Init
                0x000000000800aabc       0xa0 ./Drivers/STM32H5xx_HAL_Driver/stm32h5xx_hal_uart.o
                0x000000000800aabc                HAL_UART_Init
 .text.UART_SetConfig
                0x000000000800ab5c      0x3dc ./Drivers/STM32H5xx_HAL_Driver/stm32h5xx_hal_uart.o
                0x000000000800ab5c                UART_SetConfig
 .text.UART_AdvFeatureConfig
                0x000000000800af38      0x144 ./Drivers/STM32H5xx_HAL_Driver/stm32h5xx_hal_uart.o
                0x000000000800af38                UART_AdvFeatureConfig
 .text.UART_CheckIdleState
                0x000000000800b07c      0x154 ./Drivers/STM32H5xx_HAL_Driver/stm32h5xx_hal_uart.o
                0x000000000800b07c                UART_CheckIdleState
 .text.UART_WaitOnFlagUntilTimeout
                0x000000000800b1d0       0xce ./Drivers/STM32H5xx_HAL_Driver/stm32h5xx_hal_uart.o
                0x000000000800b1d0                UART_WaitOnFlagUntilTimeout
 .text.UART_EndRxTransfer
                0x000000000800b29e       0xcc ./Drivers/STM32H5xx_HAL_Driver/stm32h5xx_hal_uart.o
 .text.HAL_UARTEx_DisableFifoMode
                0x000000000800b36a       0x72 ./Drivers/STM32H5xx_HAL_Driver/stm32h5xx_hal_uart_ex.o
                0x000000000800b36a                HAL_UARTEx_DisableFifoMode
 .text.HAL_UARTEx_SetTxFifoThreshold
                0x000000000800b3dc       0x7c ./Drivers/STM32H5xx_HAL_Driver/stm32h5xx_hal_uart_ex.o
                0x000000000800b3dc                HAL_UARTEx_SetTxFifoThreshold
 .text.HAL_UARTEx_SetRxFifoThreshold
                0x000000000800b458       0x7c ./Drivers/STM32H5xx_HAL_Driver/stm32h5xx_hal_uart_ex.o
                0x000000000800b458                HAL_UARTEx_SetRxFifoThreshold
 .text.UARTEx_SetNbDataToProcess
                0x000000000800b4d4       0x9c ./Drivers/STM32H5xx_HAL_Driver/stm32h5xx_hal_uart_ex.o
 .text.LL_GPIO_SetPinMode
                0x000000000800b570       0x7a ./Drivers/STM32H5xx_HAL_Driver/stm32h5xx_ll_gpio.o
 .text.LL_GPIO_SetPinOutputType
                0x000000000800b5ea       0x30 ./Drivers/STM32H5xx_HAL_Driver/stm32h5xx_ll_gpio.o
 .text.LL_GPIO_SetPinSpeed
                0x000000000800b61a       0x7a ./Drivers/STM32H5xx_HAL_Driver/stm32h5xx_ll_gpio.o
 .text.LL_GPIO_SetPinPull
                0x000000000800b694       0x7a ./Drivers/STM32H5xx_HAL_Driver/stm32h5xx_ll_gpio.o
 .text.LL_GPIO_SetAFPin_0_7
                0x000000000800b70e       0x7a ./Drivers/STM32H5xx_HAL_Driver/stm32h5xx_ll_gpio.o
 .text.LL_GPIO_SetAFPin_8_15
                0x000000000800b788       0x7e ./Drivers/STM32H5xx_HAL_Driver/stm32h5xx_ll_gpio.o
 .text.LL_GPIO_Init
                0x000000000800b806       0xfc ./Drivers/STM32H5xx_HAL_Driver/stm32h5xx_ll_gpio.o
                0x000000000800b806                LL_GPIO_Init
 .text.USB_DisableGlobalInt
                0x000000000800b902       0x2a ./Drivers/STM32H5xx_HAL_Driver/stm32h5xx_ll_usb.o
                0x000000000800b902                USB_DisableGlobalInt
 .text.USB_SetCurrentMode
                0x000000000800b92c       0x46 ./Drivers/STM32H5xx_HAL_Driver/stm32h5xx_ll_usb.o
                0x000000000800b92c                USB_SetCurrentMode
 .text.USB_DevInit
                0x000000000800b972       0x46 ./Drivers/STM32H5xx_HAL_Driver/stm32h5xx_ll_usb.o
                0x000000000800b972                USB_DevInit
 .text.memset   0x000000000800b9b8       0x10 C:/ST/STM32CubeIDE_1.14.1/STM32CubeIDE/plugins/com.st.stm32cube.ide.mcu.externaltools.gnu-tools-for-stm32.11.3.rel1.win32_1.1.100.202309141235/tools/bin/../lib/gcc/arm-none-eabi/11.3.1/../../../../arm-none-eabi/lib/thumb/v8-m.main+fp/hard\libc_nano.a(libc_a-memset.o)
                0x000000000800b9b8                memset
 .text.__libc_init_array
                0x000000000800b9c8       0x48 C:/ST/STM32CubeIDE_1.14.1/STM32CubeIDE/plugins/com.st.stm32cube.ide.mcu.externaltools.gnu-tools-for-stm32.11.3.rel1.win32_1.1.100.202309141235/tools/bin/../lib/gcc/arm-none-eabi/11.3.1/../../../../arm-none-eabi/lib/thumb/v8-m.main+fp/hard\libc_nano.a(libc_a-init.o)
                0x000000000800b9c8                __libc_init_array
 *(.glue_7)
 .glue_7        0x000000000800ba10        0x0 linker stubs
 *(.glue_7t)
 .glue_7t       0x000000000800ba10        0x0 linker stubs
 *(.eh_frame)
 .eh_frame      0x000000000800ba10        0x0 C:/ST/STM32CubeIDE_1.14.1/STM32CubeIDE/plugins/com.st.stm32cube.ide.mcu.externaltools.gnu-tools-for-stm32.11.3.rel1.win32_1.1.100.202309141235/tools/bin/../lib/gcc/arm-none-eabi/11.3.1/thumb/v8-m.main+fp/hard/crtbegin.o
 *(.init)
 .init          0x000000000800ba10        0x4 C:/ST/STM32CubeIDE_1.14.1/STM32CubeIDE/plugins/com.st.stm32cube.ide.mcu.externaltools.gnu-tools-for-stm32.11.3.rel1.win32_1.1.100.202309141235/tools/bin/../lib/gcc/arm-none-eabi/11.3.1/thumb/v8-m.main+fp/hard/crti.o
                0x000000000800ba10                _init
 .init          0x000000000800ba14        0x8 C:/ST/STM32CubeIDE_1.14.1/STM32CubeIDE/plugins/com.st.stm32cube.ide.mcu.externaltools.gnu-tools-for-stm32.11.3.rel1.win32_1.1.100.202309141235/tools/bin/../lib/gcc/arm-none-eabi/11.3.1/thumb/v8-m.main+fp/hard/crtn.o
 *(.fini)
 .fini          0x000000000800ba1c        0x4 C:/ST/STM32CubeIDE_1.14.1/STM32CubeIDE/plugins/com.st.stm32cube.ide.mcu.externaltools.gnu-tools-for-stm32.11.3.rel1.win32_1.1.100.202309141235/tools/bin/../lib/gcc/arm-none-eabi/11.3.1/thumb/v8-m.main+fp/hard/crti.o
                0x000000000800ba1c                _fini
 .fini          0x000000000800ba20        0x8 C:/ST/STM32CubeIDE_1.14.1/STM32CubeIDE/plugins/com.st.stm32cube.ide.mcu.externaltools.gnu-tools-for-stm32.11.3.rel1.win32_1.1.100.202309141235/tools/bin/../lib/gcc/arm-none-eabi/11.3.1/thumb/v8-m.main+fp/hard/crtn.o
                0x000000000800ba28                . = ALIGN (0x4)
                0x000000000800ba28                _etext = .

.vfp11_veneer   0x000000000800ba28        0x0
 .vfp11_veneer  0x000000000800ba28        0x0 linker stubs

.v4_bx          0x000000000800ba28        0x0
 .v4_bx         0x000000000800ba28        0x0 linker stubs

.iplt           0x000000000800ba28        0x0
 .iplt          0x000000000800ba28        0x0 C:/ST/STM32CubeIDE_1.14.1/STM32CubeIDE/plugins/com.st.stm32cube.ide.mcu.externaltools.gnu-tools-for-stm32.11.3.rel1.win32_1.1.100.202309141235/tools/bin/../lib/gcc/arm-none-eabi/11.3.1/thumb/v8-m.main+fp/hard/crtbegin.o

.rodata         0x000000000800ba28       0x40
                0x000000000800ba28                . = ALIGN (0x4)
 *(.rodata)
 *(.rodata*)
 .rodata.AHBPrescTable
                0x000000000800ba28       0x10 ./Core/Src/system_stm32h5xx.o
                0x000000000800ba28                AHBPrescTable
 .rodata.APBPrescTable
                0x000000000800ba38        0x8 ./Core/Src/system_stm32h5xx.o
                0x000000000800ba38                APBPrescTable
 .rodata.UARTPrescTable
                0x000000000800ba40       0x18 ./Drivers/STM32H5xx_HAL_Driver/stm32h5xx_hal_uart.o
                0x000000000800ba40                UARTPrescTable
 .rodata.numerator.1
                0x000000000800ba58        0x8 ./Drivers/STM32H5xx_HAL_Driver/stm32h5xx_hal_uart_ex.o
 .rodata.denominator.0
                0x000000000800ba60        0x8 ./Drivers/STM32H5xx_HAL_Driver/stm32h5xx_hal_uart_ex.o
                0x000000000800ba68                . = ALIGN (0x4)

.ARM.extab      0x000000000800ba68        0x0
                0x000000000800ba68                . = ALIGN (0x4)
 *(.ARM.extab* .gnu.linkonce.armextab.*)
                0x000000000800ba68                . = ALIGN (0x4)

.ARM            0x000000000800ba68        0x8
                0x000000000800ba68                . = ALIGN (0x4)
                0x000000000800ba68                __exidx_start = .
 *(.ARM.exidx*)
 .ARM.exidx     0x000000000800ba68        0x8 C:/ST/STM32CubeIDE_1.14.1/STM32CubeIDE/plugins/com.st.stm32cube.ide.mcu.externaltools.gnu-tools-for-stm32.11.3.rel1.win32_1.1.100.202309141235/tools/bin/../lib/gcc/arm-none-eabi/11.3.1/thumb/v8-m.main+fp/hard\libgcc.a(_udivmoddi4.o)
                0x000000000800ba70                __exidx_end = .
                0x000000000800ba70                . = ALIGN (0x4)

.rel.dyn        0x000000000800ba70        0x0
 .rel.iplt      0x000000000800ba70        0x0 C:/ST/STM32CubeIDE_1.14.1/STM32CubeIDE/plugins/com.st.stm32cube.ide.mcu.externaltools.gnu-tools-for-stm32.11.3.rel1.win32_1.1.100.202309141235/tools/bin/../lib/gcc/arm-none-eabi/11.3.1/thumb/v8-m.main+fp/hard/crtbegin.o

.preinit_array  0x000000000800ba70        0x0
                0x000000000800ba70                . = ALIGN (0x4)
                0x000000000800ba70                PROVIDE (__preinit_array_start = .)
 *(.preinit_array*)
                0x000000000800ba70                PROVIDE (__preinit_array_end = .)
                0x000000000800ba70                . = ALIGN (0x4)

.init_array     0x000000000800ba70        0x4
                0x000000000800ba70                . = ALIGN (0x4)
                0x000000000800ba70                PROVIDE (__init_array_start = .)
 *(SORT_BY_NAME(.init_array.*))
 *(.init_array*)
 .init_array    0x000000000800ba70        0x4 C:/ST/STM32CubeIDE_1.14.1/STM32CubeIDE/plugins/com.st.stm32cube.ide.mcu.externaltools.gnu-tools-for-stm32.11.3.rel1.win32_1.1.100.202309141235/tools/bin/../lib/gcc/arm-none-eabi/11.3.1/thumb/v8-m.main+fp/hard/crtbegin.o
                0x000000000800ba74                PROVIDE (__init_array_end = .)
                0x000000000800ba74                . = ALIGN (0x4)

.fini_array     0x000000000800ba74        0x4
                0x000000000800ba74                . = ALIGN (0x4)
                [!provide]                        PROVIDE (__fini_array_start = .)
 *(SORT_BY_NAME(.fini_array.*))
 *(.fini_array*)
 .fini_array    0x000000000800ba74        0x4 C:/ST/STM32CubeIDE_1.14.1/STM32CubeIDE/plugins/com.st.stm32cube.ide.mcu.externaltools.gnu-tools-for-stm32.11.3.rel1.win32_1.1.100.202309141235/tools/bin/../lib/gcc/arm-none-eabi/11.3.1/thumb/v8-m.main+fp/hard/crtbegin.o
                [!provide]                        PROVIDE (__fini_array_end = .)
                0x000000000800ba78                . = ALIGN (0x4)
                0x000000000800ba78                _sidata = LOADADDR (.data)

.data           0x0000000020000000       0x10 load address 0x000000000800ba78
                0x0000000020000000                . = ALIGN (0x4)
                0x0000000020000000                _sdata = .
 *(.data)
 *(.data*)
 .data.cycle    0x0000000020000000        0x2 ./Core/Src/main.o
                0x0000000020000000                cycle
 *fill*         0x0000000020000002        0x2 
 .data.SystemCoreClock
                0x0000000020000004        0x4 ./Core/Src/system_stm32h5xx.o
                0x0000000020000004                SystemCoreClock
 .data.uwTickPrio
                0x0000000020000008        0x4 ./Drivers/STM32H5xx_HAL_Driver/stm32h5xx_hal.o
                0x0000000020000008                uwTickPrio
 .data.uwTickFreq
                0x000000002000000c        0x1 ./Drivers/STM32H5xx_HAL_Driver/stm32h5xx_hal.o
                0x000000002000000c                uwTickFreq
 *(.RamFunc)
 *(.RamFunc*)
                0x0000000020000010                . = ALIGN (0x4)
 *fill*         0x000000002000000d        0x3 
                0x0000000020000010                _edata = .

.igot.plt       0x0000000020000010        0x0 load address 0x000000000800ba88
 .igot.plt      0x0000000020000010        0x0 C:/ST/STM32CubeIDE_1.14.1/STM32CubeIDE/plugins/com.st.stm32cube.ide.mcu.externaltools.gnu-tools-for-stm32.11.3.rel1.win32_1.1.100.202309141235/tools/bin/../lib/gcc/arm-none-eabi/11.3.1/thumb/v8-m.main+fp/hard/crtbegin.o
                0x0000000020000010                . = ALIGN (0x4)

.bss            0x0000000020000010      0x638 load address 0x000000000800ba88
                0x0000000020000010                _sbss = .
                0x0000000020000010                __bss_start__ = _sbss
 *(.bss)
 .bss           0x0000000020000010       0x1c C:/ST/STM32CubeIDE_1.14.1/STM32CubeIDE/plugins/com.st.stm32cube.ide.mcu.externaltools.gnu-tools-for-stm32.11.3.rel1.win32_1.1.100.202309141235/tools/bin/../lib/gcc/arm-none-eabi/11.3.1/thumb/v8-m.main+fp/hard/crtbegin.o
 *(.bss*)
 .bss.TxConfig  0x000000002000002c       0x38 ./Core/Src/main.o
                0x000000002000002c                TxConfig
 .bss.DMARxDscrTab
                0x0000000020000064       0x60 ./Core/Src/main.o
                0x0000000020000064                DMARxDscrTab
 .bss.DMATxDscrTab
                0x00000000200000c4       0x60 ./Core/Src/main.o
                0x00000000200000c4                DMATxDscrTab
 .bss.hadc1     0x0000000020000124       0x68 ./Core/Src/main.o
                0x0000000020000124                hadc1
 .bss.heth      0x000000002000018c       0xb0 ./Core/Src/main.o
                0x000000002000018c                heth
 .bss.hlpuart1  0x000000002000023c       0x94 ./Core/Src/main.o
                0x000000002000023c                hlpuart1
 .bss.htim1     0x00000000200002d0       0x4c ./Core/Src/main.o
                0x00000000200002d0                htim1
 .bss.hpcd_USB_DRD_FS
                0x000000002000031c      0x308 ./Core/Src/main.o
                0x000000002000031c                hpcd_USB_DRD_FS
 .bss.pwm1      0x0000000020000624        0x2 ./Core/Src/main.o
                0x0000000020000624                pwm1
 .bss.pwm2      0x0000000020000626        0x2 ./Core/Src/main.o
                0x0000000020000626                pwm2
 .bss.servo1    0x0000000020000628        0x8 ./Core/Src/main.o
                0x0000000020000628                servo1
 .bss.servo2    0x0000000020000630        0x8 ./Core/Src/main.o
                0x0000000020000630                servo2
 .bss.MACAddr.0
                0x0000000020000638        0x6 ./Core/Src/main.o
 .bss.denomi    0x000000002000063e        0x2 ./Core/Src/servo.o
                0x000000002000063e                denomi
 .bss.htim      0x0000000020000640        0x4 ./Core/Src/servo.o
                0x0000000020000640                htim
 .bss.uwTick    0x0000000020000644        0x4 ./Drivers/STM32H5xx_HAL_Driver/stm32h5xx_hal.o
                0x0000000020000644                uwTick
 *(COMMON)
                0x0000000020000648                . = ALIGN (0x4)
                0x0000000020000648                _ebss = .
                0x0000000020000648                __bss_end__ = _ebss

._user_heap_stack
                0x0000000020000648      0x600 load address 0x000000000800ba88
                0x0000000020000648                . = ALIGN (0x8)
                [!provide]                        PROVIDE (end = .)
                0x0000000020000648                PROVIDE (_end = .)
                0x0000000020000848                . = (. + _Min_Heap_Size)
 *fill*         0x0000000020000648      0x200 
                0x0000000020000c48                . = (. + _Min_Stack_Size)
 *fill*         0x0000000020000848      0x400 
                0x0000000020000c48                . = ALIGN (0x8)

/DISCARD/
 libc.a(*)
 libm.a(*)
 libgcc.a(*)

.ARM.attributes
                0x0000000000000000       0x36
 *(.ARM.attributes)
 .ARM.attributes
                0x0000000000000000       0x22 C:/ST/STM32CubeIDE_1.14.1/STM32CubeIDE/plugins/com.st.stm32cube.ide.mcu.externaltools.gnu-tools-for-stm32.11.3.rel1.win32_1.1.100.202309141235/tools/bin/../lib/gcc/arm-none-eabi/11.3.1/thumb/v8-m.main+fp/hard/crti.o
 .ARM.attributes
                0x0000000000000022       0x38 C:/ST/STM32CubeIDE_1.14.1/STM32CubeIDE/plugins/com.st.stm32cube.ide.mcu.externaltools.gnu-tools-for-stm32.11.3.rel1.win32_1.1.100.202309141235/tools/bin/../lib/gcc/arm-none-eabi/11.3.1/thumb/v8-m.main+fp/hard/crtbegin.o
 .ARM.attributes
                0x000000000000005a       0x3a ./Core/Src/main.o
 .ARM.attributes
                0x0000000000000094       0x3a ./Core/Src/servo.o
 .ARM.attributes
                0x00000000000000ce       0x3a ./Core/Src/stm32h5xx_hal_msp.o
 .ARM.attributes
                0x0000000000000108       0x3a ./Core/Src/stm32h5xx_it.o
 .ARM.attributes
                0x0000000000000142       0x3a ./Core/Src/system_stm32h5xx.o
 .ARM.attributes
                0x000000000000017c       0x24 ./Core/Startup/startup_stm32h563zitx.o
 .ARM.attributes
                0x00000000000001a0       0x3a ./Drivers/STM32H5xx_HAL_Driver/stm32h5xx_hal.o
 .ARM.attributes
                0x00000000000001da       0x3a ./Drivers/STM32H5xx_HAL_Driver/stm32h5xx_hal_adc.o
 .ARM.attributes
                0x0000000000000214       0x3a ./Drivers/STM32H5xx_HAL_Driver/stm32h5xx_hal_cortex.o
 .ARM.attributes
                0x000000000000024e       0x3a ./Drivers/STM32H5xx_HAL_Driver/stm32h5xx_hal_eth.o
 .ARM.attributes
                0x0000000000000288       0x3a ./Drivers/STM32H5xx_HAL_Driver/stm32h5xx_hal_gpio.o
 .ARM.attributes
                0x00000000000002c2       0x3a ./Drivers/STM32H5xx_HAL_Driver/stm32h5xx_hal_icache.o
 .ARM.attributes
                0x00000000000002fc       0x3a ./Drivers/STM32H5xx_HAL_Driver/stm32h5xx_hal_pcd.o
 .ARM.attributes
                0x0000000000000336       0x3a ./Drivers/STM32H5xx_HAL_Driver/stm32h5xx_hal_pcd_ex.o
 .ARM.attributes
                0x0000000000000370       0x3a ./Drivers/STM32H5xx_HAL_Driver/stm32h5xx_hal_rcc.o
 .ARM.attributes
                0x00000000000003aa       0x3a ./Drivers/STM32H5xx_HAL_Driver/stm32h5xx_hal_rcc_ex.o
 .ARM.attributes
                0x00000000000003e4       0x3a ./Drivers/STM32H5xx_HAL_Driver/stm32h5xx_hal_tim.o
 .ARM.attributes
                0x000000000000041e       0x3a ./Drivers/STM32H5xx_HAL_Driver/stm32h5xx_hal_tim_ex.o
 .ARM.attributes
                0x0000000000000458       0x3a ./Drivers/STM32H5xx_HAL_Driver/stm32h5xx_hal_uart.o
 .ARM.attributes
                0x0000000000000492       0x3a ./Drivers/STM32H5xx_HAL_Driver/stm32h5xx_hal_uart_ex.o
 .ARM.attributes
                0x00000000000004cc       0x3a ./Drivers/STM32H5xx_HAL_Driver/stm32h5xx_ll_gpio.o
 .ARM.attributes
                0x0000000000000506       0x3a ./Drivers/STM32H5xx_HAL_Driver/stm32h5xx_ll_usb.o
 .ARM.attributes
                0x0000000000000540       0x38 C:/ST/STM32CubeIDE_1.14.1/STM32CubeIDE/plugins/com.st.stm32cube.ide.mcu.externaltools.gnu-tools-for-stm32.11.3.rel1.win32_1.1.100.202309141235/tools/bin/../lib/gcc/arm-none-eabi/11.3.1/../../../../arm-none-eabi/lib/thumb/v8-m.main+fp/hard\libc_nano.a(libc_a-memset.o)
 .ARM.attributes
                0x0000000000000578       0x38 C:/ST/STM32CubeIDE_1.14.1/STM32CubeIDE/plugins/com.st.stm32cube.ide.mcu.externaltools.gnu-tools-for-stm32.11.3.rel1.win32_1.1.100.202309141235/tools/bin/../lib/gcc/arm-none-eabi/11.3.1/../../../../arm-none-eabi/lib/thumb/v8-m.main+fp/hard\libc_nano.a(libc_a-init.o)
 .ARM.attributes
                0x00000000000005b0       0x22 C:/ST/STM32CubeIDE_1.14.1/STM32CubeIDE/plugins/com.st.stm32cube.ide.mcu.externaltools.gnu-tools-for-stm32.11.3.rel1.win32_1.1.100.202309141235/tools/bin/../lib/gcc/arm-none-eabi/11.3.1/thumb/v8-m.main+fp/hard\libgcc.a(_aeabi_uldivmod.o)
 .ARM.attributes
                0x00000000000005d2       0x38 C:/ST/STM32CubeIDE_1.14.1/STM32CubeIDE/plugins/com.st.stm32cube.ide.mcu.externaltools.gnu-tools-for-stm32.11.3.rel1.win32_1.1.100.202309141235/tools/bin/../lib/gcc/arm-none-eabi/11.3.1/thumb/v8-m.main+fp/hard\libgcc.a(_udivmoddi4.o)
 .ARM.attributes
                0x000000000000060a       0x22 C:/ST/STM32CubeIDE_1.14.1/STM32CubeIDE/plugins/com.st.stm32cube.ide.mcu.externaltools.gnu-tools-for-stm32.11.3.rel1.win32_1.1.100.202309141235/tools/bin/../lib/gcc/arm-none-eabi/11.3.1/thumb/v8-m.main+fp/hard\libgcc.a(_dvmd_tls.o)
 .ARM.attributes
                0x000000000000062c       0x22 C:/ST/STM32CubeIDE_1.14.1/STM32CubeIDE/plugins/com.st.stm32cube.ide.mcu.externaltools.gnu-tools-for-stm32.11.3.rel1.win32_1.1.100.202309141235/tools/bin/../lib/gcc/arm-none-eabi/11.3.1/thumb/v8-m.main+fp/hard/crtn.o
OUTPUT(servo_test.elf elf32-littlearm)
LOAD linker stubs
LOAD C:/ST/STM32CubeIDE_1.14.1/STM32CubeIDE/plugins/com.st.stm32cube.ide.mcu.externaltools.gnu-tools-for-stm32.11.3.rel1.win32_1.1.100.202309141235/tools/bin/../lib/gcc/arm-none-eabi/11.3.1/../../../../arm-none-eabi/lib/thumb/v8-m.main+fp/hard\libc.a
LOAD C:/ST/STM32CubeIDE_1.14.1/STM32CubeIDE/plugins/com.st.stm32cube.ide.mcu.externaltools.gnu-tools-for-stm32.11.3.rel1.win32_1.1.100.202309141235/tools/bin/../lib/gcc/arm-none-eabi/11.3.1/../../../../arm-none-eabi/lib/thumb/v8-m.main+fp/hard\libm.a
LOAD C:/ST/STM32CubeIDE_1.14.1/STM32CubeIDE/plugins/com.st.stm32cube.ide.mcu.externaltools.gnu-tools-for-stm32.11.3.rel1.win32_1.1.100.202309141235/tools/bin/../lib/gcc/arm-none-eabi/11.3.1/thumb/v8-m.main+fp/hard\libgcc.a

.comment        0x0000000000000000       0x43
 .comment       0x0000000000000000       0x43 C:/ST/STM32CubeIDE_1.14.1/STM32CubeIDE/plugins/com.st.stm32cube.ide.mcu.externaltools.gnu-tools-for-stm32.11.3.rel1.win32_1.1.100.202309141235/tools/bin/../lib/gcc/arm-none-eabi/11.3.1/thumb/v8-m.main+fp/hard/crtbegin.o
                                         0x44 (size before relaxing)
 .comment       0x0000000000000043       0x44 ./Core/Src/main.o
 .comment       0x0000000000000043       0x44 ./Core/Src/servo.o
 .comment       0x0000000000000043       0x44 ./Core/Src/stm32h5xx_hal_msp.o
 .comment       0x0000000000000043       0x44 ./Core/Src/stm32h5xx_it.o
 .comment       0x0000000000000043       0x44 ./Core/Src/system_stm32h5xx.o
 .comment       0x0000000000000043       0x44 ./Drivers/STM32H5xx_HAL_Driver/stm32h5xx_hal.o
 .comment       0x0000000000000043       0x44 ./Drivers/STM32H5xx_HAL_Driver/stm32h5xx_hal_adc.o
 .comment       0x0000000000000043       0x44 ./Drivers/STM32H5xx_HAL_Driver/stm32h5xx_hal_cortex.o
 .comment       0x0000000000000043       0x44 ./Drivers/STM32H5xx_HAL_Driver/stm32h5xx_hal_eth.o
 .comment       0x0000000000000043       0x44 ./Drivers/STM32H5xx_HAL_Driver/stm32h5xx_hal_gpio.o
 .comment       0x0000000000000043       0x44 ./Drivers/STM32H5xx_HAL_Driver/stm32h5xx_hal_icache.o
 .comment       0x0000000000000043       0x44 ./Drivers/STM32H5xx_HAL_Driver/stm32h5xx_hal_pcd.o
 .comment       0x0000000000000043       0x44 ./Drivers/STM32H5xx_HAL_Driver/stm32h5xx_hal_pcd_ex.o
 .comment       0x0000000000000043       0x44 ./Drivers/STM32H5xx_HAL_Driver/stm32h5xx_hal_rcc.o
 .comment       0x0000000000000043       0x44 ./Drivers/STM32H5xx_HAL_Driver/stm32h5xx_hal_rcc_ex.o
 .comment       0x0000000000000043       0x44 ./Drivers/STM32H5xx_HAL_Driver/stm32h5xx_hal_tim.o
 .comment       0x0000000000000043       0x44 ./Drivers/STM32H5xx_HAL_Driver/stm32h5xx_hal_tim_ex.o
 .comment       0x0000000000000043       0x44 ./Drivers/STM32H5xx_HAL_Driver/stm32h5xx_hal_uart.o
 .comment       0x0000000000000043       0x44 ./Drivers/STM32H5xx_HAL_Driver/stm32h5xx_hal_uart_ex.o
 .comment       0x0000000000000043       0x44 ./Drivers/STM32H5xx_HAL_Driver/stm32h5xx_ll_gpio.o
 .comment       0x0000000000000043       0x44 ./Drivers/STM32H5xx_HAL_Driver/stm32h5xx_ll_usb.o

.debug_info     0x0000000000000000    0x20245
 .debug_info    0x0000000000000000     0x350f ./Core/Src/main.o
 .debug_info    0x000000000000350f      0xa99 ./Core/Src/servo.o
 .debug_info    0x0000000000003fa8     0x3073 ./Core/Src/stm32h5xx_hal_msp.o
 .debug_info    0x000000000000701b      0x16c ./Core/Src/stm32h5xx_it.o
 .debug_info    0x0000000000007187      0xd8e ./Core/Src/system_stm32h5xx.o
 .debug_info    0x0000000000007f15       0x23 ./Core/Startup/startup_stm32h563zitx.o
 .debug_info    0x0000000000007f38     0x1361 ./Drivers/STM32H5xx_HAL_Driver/stm32h5xx_hal.o
 .debug_info    0x0000000000009299     0x237e ./Drivers/STM32H5xx_HAL_Driver/stm32h5xx_hal_adc.o
 .debug_info    0x000000000000b617     0x15f8 ./Drivers/STM32H5xx_HAL_Driver/stm32h5xx_hal_cortex.o
 .debug_info    0x000000000000cc0f     0x295f ./Drivers/STM32H5xx_HAL_Driver/stm32h5xx_hal_eth.o
 .debug_info    0x000000000000f56e      0x6b6 ./Drivers/STM32H5xx_HAL_Driver/stm32h5xx_hal_gpio.o
 .debug_info    0x000000000000fc24      0x4e9 ./Drivers/STM32H5xx_HAL_Driver/stm32h5xx_hal_icache.o
 .debug_info    0x000000000001010d     0x1433 ./Drivers/STM32H5xx_HAL_Driver/stm32h5xx_hal_pcd.o
 .debug_info    0x0000000000011540      0x7cb ./Drivers/STM32H5xx_HAL_Driver/stm32h5xx_hal_pcd_ex.o
 .debug_info    0x0000000000011d0b     0x109f ./Drivers/STM32H5xx_HAL_Driver/stm32h5xx_hal_rcc.o
 .debug_info    0x0000000000012daa     0x12d7 ./Drivers/STM32H5xx_HAL_Driver/stm32h5xx_hal_rcc_ex.o
 .debug_info    0x0000000000014081     0x2e48 ./Drivers/STM32H5xx_HAL_Driver/stm32h5xx_hal_tim.o
 .debug_info    0x0000000000016ec9     0x1e9e ./Drivers/STM32H5xx_HAL_Driver/stm32h5xx_hal_tim_ex.o
 .debug_info    0x0000000000018d67     0x4030 ./Drivers/STM32H5xx_HAL_Driver/stm32h5xx_hal_uart.o
 .debug_info    0x000000000001cd97     0x10ed ./Drivers/STM32H5xx_HAL_Driver/stm32h5xx_hal_uart_ex.o
 .debug_info    0x000000000001de84      0xb0f ./Drivers/STM32H5xx_HAL_Driver/stm32h5xx_ll_gpio.o
 .debug_info    0x000000000001e993     0x18b2 ./Drivers/STM32H5xx_HAL_Driver/stm32h5xx_ll_usb.o

.debug_abbrev   0x0000000000000000     0x33ca
 .debug_abbrev  0x0000000000000000      0x349 ./Core/Src/main.o
 .debug_abbrev  0x0000000000000349      0x22c ./Core/Src/servo.o
 .debug_abbrev  0x0000000000000575      0x29a ./Core/Src/stm32h5xx_hal_msp.o
 .debug_abbrev  0x000000000000080f       0xac ./Core/Src/stm32h5xx_it.o
 .debug_abbrev  0x00000000000008bb      0x13a ./Core/Src/system_stm32h5xx.o
 .debug_abbrev  0x00000000000009f5       0x12 ./Core/Startup/startup_stm32h563zitx.o
 .debug_abbrev  0x0000000000000a07      0x29c ./Drivers/STM32H5xx_HAL_Driver/stm32h5xx_hal.o
 .debug_abbrev  0x0000000000000ca3      0x2b9 ./Drivers/STM32H5xx_HAL_Driver/stm32h5xx_hal_adc.o
 .debug_abbrev  0x0000000000000f5c      0x30d ./Drivers/STM32H5xx_HAL_Driver/stm32h5xx_hal_cortex.o
 .debug_abbrev  0x0000000000001269      0x2ba ./Drivers/STM32H5xx_HAL_Driver/stm32h5xx_hal_eth.o
 .debug_abbrev  0x0000000000001523      0x1db ./Drivers/STM32H5xx_HAL_Driver/stm32h5xx_hal_gpio.o
 .debug_abbrev  0x00000000000016fe      0x228 ./Drivers/STM32H5xx_HAL_Driver/stm32h5xx_hal_icache.o
 .debug_abbrev  0x0000000000001926      0x307 ./Drivers/STM32H5xx_HAL_Driver/stm32h5xx_hal_pcd.o
 .debug_abbrev  0x0000000000001c2d      0x228 ./Drivers/STM32H5xx_HAL_Driver/stm32h5xx_hal_pcd_ex.o
 .debug_abbrev  0x0000000000001e55      0x290 ./Drivers/STM32H5xx_HAL_Driver/stm32h5xx_hal_rcc.o
 .debug_abbrev  0x00000000000020e5      0x269 ./Drivers/STM32H5xx_HAL_Driver/stm32h5xx_hal_rcc_ex.o
 .debug_abbrev  0x000000000000234e      0x2bd ./Drivers/STM32H5xx_HAL_Driver/stm32h5xx_hal_tim.o
 .debug_abbrev  0x000000000000260b      0x2c7 ./Drivers/STM32H5xx_HAL_Driver/stm32h5xx_hal_tim_ex.o
 .debug_abbrev  0x00000000000028d2      0x305 ./Drivers/STM32H5xx_HAL_Driver/stm32h5xx_hal_uart.o
 .debug_abbrev  0x0000000000002bd7      0x2d4 ./Drivers/STM32H5xx_HAL_Driver/stm32h5xx_hal_uart_ex.o
 .debug_abbrev  0x0000000000002eab      0x25d ./Drivers/STM32H5xx_HAL_Driver/stm32h5xx_ll_gpio.o
 .debug_abbrev  0x0000000000003108      0x2c2 ./Drivers/STM32H5xx_HAL_Driver/stm32h5xx_ll_usb.o

.debug_aranges  0x0000000000000000     0x1870
 .debug_aranges
                0x0000000000000000       0x80 ./Core/Src/main.o
 .debug_aranges
                0x0000000000000080       0x50 ./Core/Src/servo.o
 .debug_aranges
                0x00000000000000d0       0x78 ./Core/Src/stm32h5xx_hal_msp.o
 .debug_aranges
                0x0000000000000148       0x60 ./Core/Src/stm32h5xx_it.o
 .debug_aranges
                0x00000000000001a8       0x28 ./Core/Src/system_stm32h5xx.o
 .debug_aranges
                0x00000000000001d0       0x28 ./Core/Startup/startup_stm32h563zitx.o
 .debug_aranges
                0x00000000000001f8      0x200 ./Drivers/STM32H5xx_HAL_Driver/stm32h5xx_hal.o
 .debug_aranges
                0x00000000000003f8      0x258 ./Drivers/STM32H5xx_HAL_Driver/stm32h5xx_hal_adc.o
 .debug_aranges
                0x0000000000000650      0x130 ./Drivers/STM32H5xx_HAL_Driver/stm32h5xx_hal_cortex.o
 .debug_aranges
                0x0000000000000780      0x1d8 ./Drivers/STM32H5xx_HAL_Driver/stm32h5xx_hal_eth.o
 .debug_aranges
                0x0000000000000958       0x78 ./Drivers/STM32H5xx_HAL_Driver/stm32h5xx_hal_gpio.o
 .debug_aranges
                0x00000000000009d0       0xa8 ./Drivers/STM32H5xx_HAL_Driver/stm32h5xx_hal_icache.o
 .debug_aranges
                0x0000000000000a78      0x150 ./Drivers/STM32H5xx_HAL_Driver/stm32h5xx_hal_pcd.o
 .debug_aranges
                0x0000000000000bc8       0x58 ./Drivers/STM32H5xx_HAL_Driver/stm32h5xx_hal_pcd_ex.o
 .debug_aranges
                0x0000000000000c20       0xa0 ./Drivers/STM32H5xx_HAL_Driver/stm32h5xx_hal_rcc.o
 .debug_aranges
                0x0000000000000cc0      0x108 ./Drivers/STM32H5xx_HAL_Driver/stm32h5xx_hal_rcc_ex.o
 .debug_aranges
                0x0000000000000dc8      0x3e8 ./Drivers/STM32H5xx_HAL_Driver/stm32h5xx_hal_tim.o
 .debug_aranges
                0x00000000000011b0      0x240 ./Drivers/STM32H5xx_HAL_Driver/stm32h5xx_hal_tim_ex.o
 .debug_aranges
                0x00000000000013f0      0x248 ./Drivers/STM32H5xx_HAL_Driver/stm32h5xx_hal_uart.o
 .debug_aranges
                0x0000000000001638       0xa8 ./Drivers/STM32H5xx_HAL_Driver/stm32h5xx_hal_uart_ex.o
 .debug_aranges
                0x00000000000016e0       0x70 ./Drivers/STM32H5xx_HAL_Driver/stm32h5xx_ll_gpio.o
 .debug_aranges
                0x0000000000001750      0x120 ./Drivers/STM32H5xx_HAL_Driver/stm32h5xx_ll_usb.o

.debug_rnglists
                0x0000000000000000     0x1305
 .debug_rnglists
                0x0000000000000000       0x61 ./Core/Src/main.o
 .debug_rnglists
                0x0000000000000061       0x38 ./Core/Src/servo.o
 .debug_rnglists
                0x0000000000000099       0x5a ./Core/Src/stm32h5xx_hal_msp.o
 .debug_rnglists
                0x00000000000000f3       0x43 ./Core/Src/stm32h5xx_it.o
 .debug_rnglists
                0x0000000000000136       0x1b ./Core/Src/system_stm32h5xx.o
 .debug_rnglists
                0x0000000000000151       0x19 ./Core/Startup/startup_stm32h563zitx.o
 .debug_rnglists
                0x000000000000016a      0x17c ./Drivers/STM32H5xx_HAL_Driver/stm32h5xx_hal.o
 .debug_rnglists
                0x00000000000002e6      0x1cc ./Drivers/STM32H5xx_HAL_Driver/stm32h5xx_hal_adc.o
 .debug_rnglists
                0x00000000000004b2       0xe0 ./Drivers/STM32H5xx_HAL_Driver/stm32h5xx_hal_cortex.o
 .debug_rnglists
                0x0000000000000592      0x176 ./Drivers/STM32H5xx_HAL_Driver/stm32h5xx_hal_eth.o
 .debug_rnglists
                0x0000000000000708       0x57 ./Drivers/STM32H5xx_HAL_Driver/stm32h5xx_hal_gpio.o
 .debug_rnglists
                0x000000000000075f       0x7a ./Drivers/STM32H5xx_HAL_Driver/stm32h5xx_hal_icache.o
 .debug_rnglists
                0x00000000000007d9      0x100 ./Drivers/STM32H5xx_HAL_Driver/stm32h5xx_hal_pcd.o
 .debug_rnglists
                0x00000000000008d9       0x3f ./Drivers/STM32H5xx_HAL_Driver/stm32h5xx_hal_pcd_ex.o
 .debug_rnglists
                0x0000000000000918       0x79 ./Drivers/STM32H5xx_HAL_Driver/stm32h5xx_hal_rcc.o
 .debug_rnglists
                0x0000000000000991       0xcf ./Drivers/STM32H5xx_HAL_Driver/stm32h5xx_hal_rcc_ex.o
 .debug_rnglists
                0x0000000000000a60      0x330 ./Drivers/STM32H5xx_HAL_Driver/stm32h5xx_hal_tim.o
 .debug_rnglists
                0x0000000000000d90      0x1cb ./Drivers/STM32H5xx_HAL_Driver/stm32h5xx_hal_tim_ex.o
 .debug_rnglists
                0x0000000000000f5b      0x1fb ./Drivers/STM32H5xx_HAL_Driver/stm32h5xx_hal_uart.o
 .debug_rnglists
                0x0000000000001156       0x7f ./Drivers/STM32H5xx_HAL_Driver/stm32h5xx_hal_uart_ex.o
 .debug_rnglists
                0x00000000000011d5       0x51 ./Drivers/STM32H5xx_HAL_Driver/stm32h5xx_ll_gpio.o
 .debug_rnglists
                0x0000000000001226       0xdf ./Drivers/STM32H5xx_HAL_Driver/stm32h5xx_ll_usb.o

.debug_macro    0x0000000000000000    0x3826b
 .debug_macro   0x0000000000000000      0x392 ./Core/Src/main.o
 .debug_macro   0x0000000000000392      0xab4 ./Core/Src/main.o
 .debug_macro   0x0000000000000e46      0x1e8 ./Core/Src/main.o
 .debug_macro   0x000000000000102e       0x22 ./Core/Src/main.o
 .debug_macro   0x0000000000001050       0x5b ./Core/Src/main.o
 .debug_macro   0x00000000000010ab       0x2a ./Core/Src/main.o
 .debug_macro   0x00000000000010d5       0x94 ./Core/Src/main.o
 .debug_macro   0x0000000000001169       0x43 ./Core/Src/main.o
 .debug_macro   0x00000000000011ac       0x34 ./Core/Src/main.o
 .debug_macro   0x00000000000011e0      0x174 ./Core/Src/main.o
 .debug_macro   0x0000000000001354       0x16 ./Core/Src/main.o
 .debug_macro   0x000000000000136a       0x43 ./Core/Src/main.o
 .debug_macro   0x00000000000013ad       0x57 ./Core/Src/main.o
 .debug_macro   0x0000000000001404       0x34 ./Core/Src/main.o
 .debug_macro   0x0000000000001438       0x10 ./Core/Src/main.o
 .debug_macro   0x0000000000001448       0x58 ./Core/Src/main.o
 .debug_macro   0x00000000000014a0       0x8e ./Core/Src/main.o
 .debug_macro   0x000000000000152e       0x1c ./Core/Src/main.o
 .debug_macro   0x000000000000154a      0x177 ./Core/Src/main.o
 .debug_macro   0x00000000000016c1      0x369 ./Core/Src/main.o
 .debug_macro   0x0000000000001a2a      0x19b ./Core/Src/main.o
 .debug_macro   0x0000000000001bc5       0x28 ./Core/Src/main.o
 .debug_macro   0x0000000000001bed       0x49 ./Core/Src/main.o
 .debug_macro   0x0000000000001c36      0x103 ./Core/Src/main.o
 .debug_macro   0x0000000000001d39       0x6a ./Core/Src/main.o
 .debug_macro   0x0000000000001da3      0x1df ./Core/Src/main.o
 .debug_macro   0x0000000000001f82       0x1c ./Core/Src/main.o
 .debug_macro   0x0000000000001f9e       0x29 ./Core/Src/main.o
 .debug_macro   0x0000000000001fc7       0xfb ./Core/Src/main.o
 .debug_macro   0x00000000000020c2     0x1685 ./Core/Src/main.o
 .debug_macro   0x0000000000003747       0x5e ./Core/Src/main.o
 .debug_macro   0x00000000000037a5    0x20913 ./Core/Src/main.o
 .debug_macro   0x00000000000240b8       0x6d ./Core/Src/main.o
 .debug_macro   0x0000000000024125     0x387c ./Core/Src/main.o
 .debug_macro   0x00000000000279a1       0x63 ./Core/Src/main.o
 .debug_macro   0x0000000000027a04     0x1ee3 ./Core/Src/main.o
 .debug_macro   0x00000000000298e7      0xe96 ./Core/Src/main.o
 .debug_macro   0x000000000002a77d      0x15f ./Core/Src/main.o
 .debug_macro   0x000000000002a8dc      0x2ff ./Core/Src/main.o
 .debug_macro   0x000000000002abdb       0xca ./Core/Src/main.o
 .debug_macro   0x000000000002aca5      0x917 ./Core/Src/main.o
 .debug_macro   0x000000000002b5bc      0x478 ./Core/Src/main.o
 .debug_macro   0x000000000002ba34       0xd6 ./Core/Src/main.o
 .debug_macro   0x000000000002bb0a      0x1ce ./Core/Src/main.o
 .debug_macro   0x000000000002bcd8      0xf7c ./Core/Src/main.o
 .debug_macro   0x000000000002cc54      0x66a ./Core/Src/main.o
 .debug_macro   0x000000000002d2be      0x30c ./Core/Src/main.o
 .debug_macro   0x000000000002d5ca      0x554 ./Core/Src/main.o
 .debug_macro   0x000000000002db1e      0x5eb ./Core/Src/main.o
 .debug_macro   0x000000000002e109       0x74 ./Core/Src/main.o
 .debug_macro   0x000000000002e17d      0x313 ./Core/Src/main.o
 .debug_macro   0x000000000002e490      0x1bb ./Core/Src/main.o
 .debug_macro   0x000000000002e64b      0xbe8 ./Core/Src/main.o
 .debug_macro   0x000000000002f233      0x3b9 ./Core/Src/main.o
 .debug_macro   0x000000000002f5ec      0x693 ./Core/Src/main.o
 .debug_macro   0x000000000002fc7f       0xa6 ./Core/Src/main.o
 .debug_macro   0x000000000002fd25      0x359 ./Core/Src/main.o
 .debug_macro   0x000000000003007e       0xb9 ./Core/Src/main.o
 .debug_macro   0x0000000000030137      0x21e ./Core/Src/main.o
 .debug_macro   0x0000000000030355      0x169 ./Core/Src/main.o
 .debug_macro   0x00000000000304be      0x2a0 ./Core/Src/main.o
 .debug_macro   0x000000000003075e      0xa8c ./Core/Src/main.o
 .debug_macro   0x00000000000311ea      0x129 ./Core/Src/main.o
 .debug_macro   0x0000000000031313      0x485 ./Core/Src/main.o
 .debug_macro   0x0000000000031798      0x2b6 ./Core/Src/main.o
 .debug_macro   0x0000000000031a4e      0x2d3 ./Core/Src/main.o
 .debug_macro   0x0000000000031d21      0x159 ./Core/Src/main.o
 .debug_macro   0x0000000000031e7a      0xdbc ./Core/Src/main.o
 .debug_macro   0x0000000000032c36      0x279 ./Core/Src/main.o
 .debug_macro   0x0000000000032eaf       0xa7 ./Core/Src/main.o
 .debug_macro   0x0000000000032f56      0x281 ./Core/Src/main.o
 .debug_macro   0x00000000000331d7      0x167 ./Core/Src/main.o
 .debug_macro   0x000000000003333e      0xc49 ./Core/Src/main.o
 .debug_macro   0x0000000000033f87      0x28c ./Core/Src/main.o
 .debug_macro   0x0000000000034213      0x148 ./Core/Src/main.o
 .debug_macro   0x000000000003435b       0x16 ./Core/Src/main.o
 .debug_macro   0x0000000000034371       0x35 ./Core/Src/main.o
 .debug_macro   0x00000000000343a6       0x20 ./Core/Src/main.o
 .debug_macro   0x00000000000343c6       0x22 ./Core/Src/main.o
 .debug_macro   0x00000000000343e8      0x2f9 ./Core/Src/servo.o
 .debug_macro   0x00000000000346e1      0x34f ./Core/Src/stm32h5xx_hal_msp.o
 .debug_macro   0x0000000000034a30      0x359 ./Core/Src/stm32h5xx_it.o
 .debug_macro   0x0000000000034d89      0x2ed ./Core/Src/system_stm32h5xx.o
 .debug_macro   0x0000000000035076      0x31c ./Drivers/STM32H5xx_HAL_Driver/stm32h5xx_hal.o
 .debug_macro   0x0000000000035392      0x303 ./Drivers/STM32H5xx_HAL_Driver/stm32h5xx_hal_adc.o
 .debug_macro   0x0000000000035695      0x2e6 ./Drivers/STM32H5xx_HAL_Driver/stm32h5xx_hal_cortex.o
 .debug_macro   0x000000000003597b      0x37a ./Drivers/STM32H5xx_HAL_Driver/stm32h5xx_hal_eth.o
 .debug_macro   0x0000000000035cf5      0x31c ./Drivers/STM32H5xx_HAL_Driver/stm32h5xx_hal_gpio.o
 .debug_macro   0x0000000000036011      0x316 ./Drivers/STM32H5xx_HAL_Driver/stm32h5xx_hal_icache.o
 .debug_macro   0x0000000000036327      0x2f2 ./Drivers/STM32H5xx_HAL_Driver/stm32h5xx_hal_pcd.o
 .debug_macro   0x0000000000036619      0x2e6 ./Drivers/STM32H5xx_HAL_Driver/stm32h5xx_hal_pcd_ex.o
 .debug_macro   0x00000000000368ff      0x328 ./Drivers/STM32H5xx_HAL_Driver/stm32h5xx_hal_rcc.o
 .debug_macro   0x0000000000036c27      0x2f8 ./Drivers/STM32H5xx_HAL_Driver/stm32h5xx_hal_rcc_ex.o
 .debug_macro   0x0000000000036f1f      0x2ee ./Drivers/STM32H5xx_HAL_Driver/stm32h5xx_hal_tim.o
 .debug_macro   0x000000000003720d      0x2ec ./Drivers/STM32H5xx_HAL_Driver/stm32h5xx_hal_tim_ex.o
 .debug_macro   0x00000000000374f9      0x311 ./Drivers/STM32H5xx_HAL_Driver/stm32h5xx_hal_uart.o
 .debug_macro   0x000000000003780a      0x2f2 ./Drivers/STM32H5xx_HAL_Driver/stm32h5xx_hal_uart_ex.o
 .debug_macro   0x0000000000037afc      0x328 ./Drivers/STM32H5xx_HAL_Driver/stm32h5xx_ll_gpio.o
 .debug_macro   0x0000000000037e24      0x161 ./Drivers/STM32H5xx_HAL_Driver/stm32h5xx_ll_gpio.o
 .debug_macro   0x0000000000037f85      0x2e6 ./Drivers/STM32H5xx_HAL_Driver/stm32h5xx_ll_usb.o

.debug_line     0x0000000000000000    0x20a36
 .debug_line    0x0000000000000000      0xf14 ./Core/Src/main.o
 .debug_line    0x0000000000000f14      0xb47 ./Core/Src/servo.o
 .debug_line    0x0000000000001a5b      0xd67 ./Core/Src/stm32h5xx_hal_msp.o
 .debug_line    0x00000000000027c2      0xc1c ./Core/Src/stm32h5xx_it.o
 .debug_line    0x00000000000033de      0xbe3 ./Core/Src/system_stm32h5xx.o
 .debug_line    0x0000000000003fc1       0x7b ./Core/Startup/startup_stm32h563zitx.o
 .debug_line    0x000000000000403c     0x116f ./Drivers/STM32H5xx_HAL_Driver/stm32h5xx_hal.o
 .debug_line    0x00000000000051ab     0x23c0 ./Drivers/STM32H5xx_HAL_Driver/stm32h5xx_hal_adc.o
 .debug_line    0x000000000000756b     0x10d9 ./Drivers/STM32H5xx_HAL_Driver/stm32h5xx_hal_cortex.o
 .debug_line    0x0000000000008644     0x1dab ./Drivers/STM32H5xx_HAL_Driver/stm32h5xx_hal_eth.o
 .debug_line    0x000000000000a3ef      0xe8b ./Drivers/STM32H5xx_HAL_Driver/stm32h5xx_hal_gpio.o
 .debug_line    0x000000000000b27a      0xd95 ./Drivers/STM32H5xx_HAL_Driver/stm32h5xx_hal_icache.o
 .debug_line    0x000000000000c00f     0x17a5 ./Drivers/STM32H5xx_HAL_Driver/stm32h5xx_hal_pcd.o
 .debug_line    0x000000000000d7b4      0xc0f ./Drivers/STM32H5xx_HAL_Driver/stm32h5xx_hal_pcd_ex.o
 .debug_line    0x000000000000e3c3     0x1520 ./Drivers/STM32H5xx_HAL_Driver/stm32h5xx_hal_rcc.o
 .debug_line    0x000000000000f8e3     0x2fee ./Drivers/STM32H5xx_HAL_Driver/stm32h5xx_hal_rcc_ex.o
 .debug_line    0x00000000000128d1     0x48db ./Drivers/STM32H5xx_HAL_Driver/stm32h5xx_hal_tim.o
 .debug_line    0x00000000000171ac     0x256b ./Drivers/STM32H5xx_HAL_Driver/stm32h5xx_hal_tim_ex.o
 .debug_line    0x0000000000019717     0x3c36 ./Drivers/STM32H5xx_HAL_Driver/stm32h5xx_hal_uart.o
 .debug_line    0x000000000001d34d     0x10ec ./Drivers/STM32H5xx_HAL_Driver/stm32h5xx_hal_uart_ex.o
 .debug_line    0x000000000001e439      0xdeb ./Drivers/STM32H5xx_HAL_Driver/stm32h5xx_ll_gpio.o
 .debug_line    0x000000000001f224     0x1812 ./Drivers/STM32H5xx_HAL_Driver/stm32h5xx_ll_usb.o

.debug_str      0x0000000000000000   0x16f776
 .debug_str     0x0000000000000000   0x167154 ./Core/Src/main.o
                                     0x16af88 (size before relaxing)
 .debug_str     0x0000000000167154       0x88 ./Core/Src/servo.o
                                     0x153aef (size before relaxing)
 .debug_str     0x00000000001671dc      0x59c ./Core/Src/stm32h5xx_hal_msp.o
                                     0x16ac1a (size before relaxing)
 .debug_str     0x0000000000167778       0xc9 ./Core/Src/stm32h5xx_it.o
                                     0x168caf (size before relaxing)
 .debug_str     0x0000000000167841      0x443 ./Core/Src/system_stm32h5xx.o
                                     0x153948 (size before relaxing)
 .debug_str     0x0000000000167c84       0x34 ./Core/Startup/startup_stm32h563zitx.o
                                         0x76 (size before relaxing)
 .debug_str     0x0000000000167cb8     0x1053 ./Drivers/STM32H5xx_HAL_Driver/stm32h5xx_hal.o
                                     0x154772 (size before relaxing)
 .debug_str     0x0000000000168d0b      0xcea ./Drivers/STM32H5xx_HAL_Driver/stm32h5xx_hal_adc.o
                                     0x1547b6 (size before relaxing)
 .debug_str     0x00000000001699f5      0x3eb ./Drivers/STM32H5xx_HAL_Driver/stm32h5xx_hal_cortex.o
                                     0x1542ee (size before relaxing)
 .debug_str     0x0000000000169de0     0x1095 ./Drivers/STM32H5xx_HAL_Driver/stm32h5xx_hal_eth.o
                                     0x1550f6 (size before relaxing)
 .debug_str     0x000000000016ae75      0x2b2 ./Drivers/STM32H5xx_HAL_Driver/stm32h5xx_hal_gpio.o
                                     0x1536e5 (size before relaxing)
 .debug_str     0x000000000016b127      0x6ce ./Drivers/STM32H5xx_HAL_Driver/stm32h5xx_hal_icache.o
                                     0x153a0e (size before relaxing)
 .debug_str     0x000000000016b7f5      0x5b3 ./Drivers/STM32H5xx_HAL_Driver/stm32h5xx_hal_pcd.o
                                     0x153cc5 (size before relaxing)
 .debug_str     0x000000000016bda8      0x1be ./Drivers/STM32H5xx_HAL_Driver/stm32h5xx_hal_pcd_ex.o
                                     0x1538dc (size before relaxing)
 .debug_str     0x000000000016bf66      0x3a7 ./Drivers/STM32H5xx_HAL_Driver/stm32h5xx_hal_rcc.o
                                     0x153ec5 (size before relaxing)
 .debug_str     0x000000000016c30d      0x702 ./Drivers/STM32H5xx_HAL_Driver/stm32h5xx_hal_rcc_ex.o
                                     0x15420f (size before relaxing)
 .debug_str     0x000000000016ca0f      0xed3 ./Drivers/STM32H5xx_HAL_Driver/stm32h5xx_hal_tim.o
                                     0x154b2f (size before relaxing)
 .debug_str     0x000000000016d8e2      0x845 ./Drivers/STM32H5xx_HAL_Driver/stm32h5xx_hal_tim_ex.o
                                     0x154759 (size before relaxing)
 .debug_str     0x000000000016e127      0x96e ./Drivers/STM32H5xx_HAL_Driver/stm32h5xx_hal_uart.o
                                     0x1543c6 (size before relaxing)
 .debug_str     0x000000000016ea95      0x290 ./Drivers/STM32H5xx_HAL_Driver/stm32h5xx_hal_uart_ex.o
                                     0x153d97 (size before relaxing)
 .debug_str     0x000000000016ed25      0x690 ./Drivers/STM32H5xx_HAL_Driver/stm32h5xx_ll_gpio.o
                                     0x1556dd (size before relaxing)
 .debug_str     0x000000000016f3b5      0x3c1 ./Drivers/STM32H5xx_HAL_Driver/stm32h5xx_ll_usb.o
                                     0x153a93 (size before relaxing)

.debug_frame    0x0000000000000000     0x6b40
 .debug_frame   0x0000000000000000      0x1b8 ./Core/Src/main.o
 .debug_frame   0x00000000000001b8      0x114 ./Core/Src/servo.o
 .debug_frame   0x00000000000002cc      0x1d0 ./Core/Src/stm32h5xx_hal_msp.o
 .debug_frame   0x000000000000049c      0x104 ./Core/Src/stm32h5xx_it.o
 .debug_frame   0x00000000000005a0       0x60 ./Core/Src/system_stm32h5xx.o
 .debug_frame   0x0000000000000600      0x828 ./Drivers/STM32H5xx_HAL_Driver/stm32h5xx_hal.o
 .debug_frame   0x0000000000000e28      0xb20 ./Drivers/STM32H5xx_HAL_Driver/stm32h5xx_hal_adc.o
 .debug_frame   0x0000000000001948      0x508 ./Drivers/STM32H5xx_HAL_Driver/stm32h5xx_hal_cortex.o
 .debug_frame   0x0000000000001e50      0x898 ./Drivers/STM32H5xx_HAL_Driver/stm32h5xx_hal_eth.o
 .debug_frame   0x00000000000026e8      0x1ec ./Drivers/STM32H5xx_HAL_Driver/stm32h5xx_hal_gpio.o
 .debug_frame   0x00000000000028d4      0x29c ./Drivers/STM32H5xx_HAL_Driver/stm32h5xx_hal_icache.o
 .debug_frame   0x0000000000002b70      0x5e8 ./Drivers/STM32H5xx_HAL_Driver/stm32h5xx_hal_pcd.o
 .debug_frame   0x0000000000003158      0x14c ./Drivers/STM32H5xx_HAL_Driver/stm32h5xx_hal_pcd_ex.o
 .debug_frame   0x00000000000032a4      0x268 ./Drivers/STM32H5xx_HAL_Driver/stm32h5xx_hal_rcc.o
 .debug_frame   0x000000000000350c      0x470 ./Drivers/STM32H5xx_HAL_Driver/stm32h5xx_hal_rcc_ex.o
 .debug_frame   0x000000000000397c     0x1260 ./Drivers/STM32H5xx_HAL_Driver/stm32h5xx_hal_tim.o
 .debug_frame   0x0000000000004bdc      0xa70 ./Drivers/STM32H5xx_HAL_Driver/stm32h5xx_hal_tim_ex.o
 .debug_frame   0x000000000000564c      0xa84 ./Drivers/STM32H5xx_HAL_Driver/stm32h5xx_hal_uart.o
 .debug_frame   0x00000000000060d0      0x2c0 ./Drivers/STM32H5xx_HAL_Driver/stm32h5xx_hal_uart_ex.o
 .debug_frame   0x0000000000006390      0x1c0 ./Drivers/STM32H5xx_HAL_Driver/stm32h5xx_ll_gpio.o
 .debug_frame   0x0000000000006550      0x540 ./Drivers/STM32H5xx_HAL_Driver/stm32h5xx_ll_usb.o
 .debug_frame   0x0000000000006a90       0x20 C:/ST/STM32CubeIDE_1.14.1/STM32CubeIDE/plugins/com.st.stm32cube.ide.mcu.externaltools.gnu-tools-for-stm32.11.3.rel1.win32_1.1.100.202309141235/tools/bin/../lib/gcc/arm-none-eabi/11.3.1/../../../../arm-none-eabi/lib/thumb/v8-m.main+fp/hard\libc_nano.a(libc_a-memset.o)
 .debug_frame   0x0000000000006ab0       0x2c C:/ST/STM32CubeIDE_1.14.1/STM32CubeIDE/plugins/com.st.stm32cube.ide.mcu.externaltools.gnu-tools-for-stm32.11.3.rel1.win32_1.1.100.202309141235/tools/bin/../lib/gcc/arm-none-eabi/11.3.1/../../../../arm-none-eabi/lib/thumb/v8-m.main+fp/hard\libc_nano.a(libc_a-init.o)
 .debug_frame   0x0000000000006adc       0x2c C:/ST/STM32CubeIDE_1.14.1/STM32CubeIDE/plugins/com.st.stm32cube.ide.mcu.externaltools.gnu-tools-for-stm32.11.3.rel1.win32_1.1.100.202309141235/tools/bin/../lib/gcc/arm-none-eabi/11.3.1/thumb/v8-m.main+fp/hard\libgcc.a(_aeabi_uldivmod.o)
 .debug_frame   0x0000000000006b08       0x38 C:/ST/STM32CubeIDE_1.14.1/STM32CubeIDE/plugins/com.st.stm32cube.ide.mcu.externaltools.gnu-tools-for-stm32.11.3.rel1.win32_1.1.100.202309141235/tools/bin/../lib/gcc/arm-none-eabi/11.3.1/thumb/v8-m.main+fp/hard\libgcc.a(_udivmoddi4.o)

.debug_line_str
                0x0000000000000000       0x6a
 .debug_line_str
                0x0000000000000000       0x6a ./Core/Startup/startup_stm32h563zitx.o
                                         0x82 (size before relaxing)
