C:/Users/choua/STM32Cube/Repository/STM32Cube_FW_H5_V1.1.1/Drivers/STM32H5xx_HAL_Driver/Inc/stm32h5xx_ll_adc.h:3139:22:LL_ADC_SetCommonPathInternalCh	16	static
C:/Users/choua/STM32Cube/Repository/STM32Cube_FW_H5_V1.1.1/Drivers/STM32H5xx_HAL_Driver/Inc/stm32h5xx_ll_adc.h:3221:26:LL_ADC_GetCommonPathInternalCh	16	static
C:/Users/choua/STM32Cube/Repository/STM32Cube_FW_H5_V1.1.1/Drivers/STM32H5xx_HAL_Driver/Inc/stm32h5xx_ll_adc.h:3243:22:LL_ADC_EnableChannelVDDcore	16	static
C:/Users/choua/STM32Cube/Repository/STM32Cube_FW_H5_V1.1.1/Drivers/STM32H5xx_HAL_Driver/Inc/stm32h5xx_ll_adc.h:3296:22:LL_ADC_EnableChannel0_GPIO	16	static
C:/Users/choua/STM32Cube/Repository/STM32Cube_FW_H5_V1.1.1/Drivers/STM32H5xx_HAL_Driver/Inc/stm32h5xx_ll_adc.h:3348:22:LL_ADC_SetCalibrationFactor	24	static
C:/Users/choua/STM32Cube/Repository/STM32Cube_FW_H5_V1.1.1/Drivers/STM32H5xx_HAL_Driver/Inc/stm32h5xx_ll_adc.h:3373:26:LL_ADC_GetCalibrationFactor	16	static
C:/Users/choua/STM32Cube/Repository/STM32Cube_FW_H5_V1.1.1/Drivers/STM32H5xx_HAL_Driver/Inc/stm32h5xx_ll_adc.h:3626:22:LL_ADC_SetOffset	32	static
C:/Users/choua/STM32Cube/Repository/STM32Cube_FW_H5_V1.1.1/Drivers/STM32H5xx_HAL_Driver/Inc/stm32h5xx_ll_adc.h:3697:26:LL_ADC_GetOffsetChannel	24	static
C:/Users/choua/STM32Cube/Repository/STM32Cube_FW_H5_V1.1.1/Drivers/STM32H5xx_HAL_Driver/Inc/stm32h5xx_ll_adc.h:3756:22:LL_ADC_SetOffsetState	32	static
C:/Users/choua/STM32Cube/Repository/STM32Cube_FW_H5_V1.1.1/Drivers/STM32H5xx_HAL_Driver/Inc/stm32h5xx_ll_adc.h:3811:22:LL_ADC_SetOffsetSign	32	static
C:/Users/choua/STM32Cube/Repository/STM32Cube_FW_H5_V1.1.1/Drivers/STM32H5xx_HAL_Driver/Inc/stm32h5xx_ll_adc.h:3866:22:LL_ADC_SetOffsetSaturation	32	static
C:/Users/choua/STM32Cube/Repository/STM32Cube_FW_H5_V1.1.1/Drivers/STM32H5xx_HAL_Driver/Inc/stm32h5xx_ll_adc.h:3914:22:LL_ADC_SetSamplingTimeCommonConfig	16	static
C:/Users/choua/STM32Cube/Repository/STM32Cube_FW_H5_V1.1.1/Drivers/STM32H5xx_HAL_Driver/Inc/stm32h5xx_ll_adc.h:4061:26:LL_ADC_REG_IsTriggerSourceSWStart	16	static
C:/Users/choua/STM32Cube/Repository/STM32Cube_FW_H5_V1.1.1/Drivers/STM32H5xx_HAL_Driver/Inc/stm32h5xx_ll_adc.h:4787:26:LL_ADC_INJ_IsTriggerSourceSWStart	16	static
C:/Users/choua/STM32Cube/Repository/STM32Cube_FW_H5_V1.1.1/Drivers/STM32H5xx_HAL_Driver/Inc/stm32h5xx_ll_adc.h:5090:26:LL_ADC_INJ_GetTrigAuto	16	static
C:/Users/choua/STM32Cube/Repository/STM32Cube_FW_H5_V1.1.1/Drivers/STM32H5xx_HAL_Driver/Inc/stm32h5xx_ll_adc.h:5136:22:LL_ADC_INJ_SetQueueMode	16	static
C:/Users/choua/STM32Cube/Repository/STM32Cube_FW_H5_V1.1.1/Drivers/STM32H5xx_HAL_Driver/Inc/stm32h5xx_ll_adc.h:5486:22:LL_ADC_SetChannelSamplingTime	32	static
C:/Users/choua/STM32Cube/Repository/STM32Cube_FW_H5_V1.1.1/Drivers/STM32H5xx_HAL_Driver/Inc/stm32h5xx_ll_adc.h:5633:22:LL_ADC_SetChannelSingleDiff	24	static
C:/Users/choua/STM32Cube/Repository/STM32Cube_FW_H5_V1.1.1/Drivers/STM32H5xx_HAL_Driver/Inc/stm32h5xx_ll_adc.h:6519:26:LL_ADC_GetMultimode	16	static
C:/Users/choua/STM32Cube/Repository/STM32Cube_FW_H5_V1.1.1/Drivers/STM32H5xx_HAL_Driver/Inc/stm32h5xx_ll_adc.h:6710:22:LL_ADC_EnableDeepPowerDown	16	static
C:/Users/choua/STM32Cube/Repository/STM32Cube_FW_H5_V1.1.1/Drivers/STM32H5xx_HAL_Driver/Inc/stm32h5xx_ll_adc.h:6785:22:LL_ADC_DisableInternalRegulator	16	static
C:/Users/choua/STM32Cube/Repository/STM32Cube_FW_H5_V1.1.1/Drivers/STM32H5xx_HAL_Driver/Inc/stm32h5xx_ll_adc.h:6856:26:LL_ADC_IsEnabled	16	static
C:/Users/choua/STM32Cube/Repository/STM32Cube_FW_H5_V1.1.1/Drivers/STM32H5xx_HAL_Driver/Inc/stm32h5xx_ll_adc.h:6895:22:LL_ADC_StartCalibration	16	static
C:/Users/choua/STM32Cube/Repository/STM32Cube_FW_H5_V1.1.1/Drivers/STM32H5xx_HAL_Driver/Inc/stm32h5xx_ll_adc.h:6911:26:LL_ADC_IsCalibrationOnGoing	16	static
C:/Users/choua/STM32Cube/Repository/STM32Cube_FW_H5_V1.1.1/Drivers/STM32H5xx_HAL_Driver/Inc/stm32h5xx_ll_adc.h:6942:22:LL_ADC_REG_StartConversion	16	static
C:/Users/choua/STM32Cube/Repository/STM32Cube_FW_H5_V1.1.1/Drivers/STM32H5xx_HAL_Driver/Inc/stm32h5xx_ll_adc.h:6978:26:LL_ADC_REG_IsConversionOngoing	16	static
C:/Users/choua/STM32Cube/Repository/STM32Cube_FW_H5_V1.1.1/Drivers/STM32H5xx_HAL_Driver/Inc/stm32h5xx_ll_adc.h:7168:22:LL_ADC_INJ_StartConversion	16	static
C:/Users/choua/STM32Cube/Repository/STM32Cube_FW_H5_V1.1.1/Drivers/STM32H5xx_HAL_Driver/Inc/stm32h5xx_ll_adc.h:7204:26:LL_ADC_INJ_IsConversionOngoing	16	static
C:/Users/choua/STM32Cube/Repository/STM32Cube_FW_H5_V1.1.1/Drivers/STM32H5xx_HAL_Driver/Src/stm32h5xx_hal_adc_ex.c:121:19:HAL_ADCEx_Calibration_Start	24	static
C:/Users/choua/STM32Cube/Repository/STM32Cube_FW_H5_V1.1.1/Drivers/STM32H5xx_HAL_Driver/Src/stm32h5xx_hal_adc_ex.c:195:10:HAL_ADCEx_Calibration_GetValue	16	static
C:/Users/choua/STM32Cube/Repository/STM32Cube_FW_H5_V1.1.1/Drivers/STM32H5xx_HAL_Driver/Src/stm32h5xx_hal_adc_ex.c:215:19:HAL_ADCEx_Calibration_SetValue	40	static
C:/Users/choua/STM32Cube/Repository/STM32Cube_FW_H5_V1.1.1/Drivers/STM32H5xx_HAL_Driver/Src/stm32h5xx_hal_adc_ex.c:272:19:HAL_ADCEx_InjectedStart	32	static
C:/Users/choua/STM32Cube/Repository/STM32Cube_FW_H5_V1.1.1/Drivers/STM32H5xx_HAL_Driver/Src/stm32h5xx_hal_adc_ex.c:421:19:HAL_ADCEx_InjectedStop	24	static
C:/Users/choua/STM32Cube/Repository/STM32Cube_FW_H5_V1.1.1/Drivers/STM32H5xx_HAL_Driver/Src/stm32h5xx_hal_adc_ex.c:476:19:HAL_ADCEx_InjectedPollForConversion	48	static
C:/Users/choua/STM32Cube/Repository/STM32Cube_FW_H5_V1.1.1/Drivers/STM32H5xx_HAL_Driver/Src/stm32h5xx_hal_adc_ex.c:617:19:HAL_ADCEx_InjectedStart_IT	32	static
C:/Users/choua/STM32Cube/Repository/STM32Cube_FW_H5_V1.1.1/Drivers/STM32H5xx_HAL_Driver/Src/stm32h5xx_hal_adc_ex.c:790:19:HAL_ADCEx_InjectedStop_IT	24	static
C:/Users/choua/STM32Cube/Repository/STM32Cube_FW_H5_V1.1.1/Drivers/STM32H5xx_HAL_Driver/Src/stm32h5xx_hal_adc_ex.c:857:19:HAL_ADCEx_MultiModeStart_DMA	248	static
C:/Users/choua/STM32Cube/Repository/STM32Cube_FW_H5_V1.1.1/Drivers/STM32H5xx_HAL_Driver/Src/stm32h5xx_hal_adc_ex.c:1038:19:HAL_ADCEx_MultiModeStop_DMA	136	static
C:/Users/choua/STM32Cube/Repository/STM32Cube_FW_H5_V1.1.1/Drivers/STM32H5xx_HAL_Driver/Src/stm32h5xx_hal_adc_ex.c:1161:10:HAL_ADCEx_MultiModeGetValue	24	static
C:/Users/choua/STM32Cube/Repository/STM32Cube_FW_H5_V1.1.1/Drivers/STM32H5xx_HAL_Driver/Src/stm32h5xx_hal_adc_ex.c:1208:10:HAL_ADCEx_InjectedGetValue	24	static
C:/Users/choua/STM32Cube/Repository/STM32Cube_FW_H5_V1.1.1/Drivers/STM32H5xx_HAL_Driver/Src/stm32h5xx_hal_adc_ex.c:1243:13:HAL_ADCEx_InjectedConvCpltCallback	16	static
C:/Users/choua/STM32Cube/Repository/STM32Cube_FW_H5_V1.1.1/Drivers/STM32H5xx_HAL_Driver/Src/stm32h5xx_hal_adc_ex.c:1262:13:HAL_ADCEx_InjectedQueueOverflowCallback	16	static
C:/Users/choua/STM32Cube/Repository/STM32Cube_FW_H5_V1.1.1/Drivers/STM32H5xx_HAL_Driver/Src/stm32h5xx_hal_adc_ex.c:1277:13:HAL_ADCEx_LevelOutOfWindow2Callback	16	static
C:/Users/choua/STM32Cube/Repository/STM32Cube_FW_H5_V1.1.1/Drivers/STM32H5xx_HAL_Driver/Src/stm32h5xx_hal_adc_ex.c:1292:13:HAL_ADCEx_LevelOutOfWindow3Callback	16	static
C:/Users/choua/STM32Cube/Repository/STM32Cube_FW_H5_V1.1.1/Drivers/STM32H5xx_HAL_Driver/Src/stm32h5xx_hal_adc_ex.c:1308:13:HAL_ADCEx_EndOfSamplingCallback	16	static
C:/Users/choua/STM32Cube/Repository/STM32Cube_FW_H5_V1.1.1/Drivers/STM32H5xx_HAL_Driver/Src/stm32h5xx_hal_adc_ex.c:1325:19:HAL_ADCEx_RegularStop	24	static
C:/Users/choua/STM32Cube/Repository/STM32Cube_FW_H5_V1.1.1/Drivers/STM32H5xx_HAL_Driver/Src/stm32h5xx_hal_adc_ex.c:1383:19:HAL_ADCEx_RegularStop_IT	24	static
C:/Users/choua/STM32Cube/Repository/STM32Cube_FW_H5_V1.1.1/Drivers/STM32H5xx_HAL_Driver/Src/stm32h5xx_hal_adc_ex.c:1443:19:HAL_ADCEx_RegularStop_DMA	24	static
C:/Users/choua/STM32Cube/Repository/STM32Cube_FW_H5_V1.1.1/Drivers/STM32H5xx_HAL_Driver/Src/stm32h5xx_hal_adc_ex.c:1531:19:HAL_ADCEx_RegularMultiModeStop_DMA	136	static
C:/Users/choua/STM32Cube/Repository/STM32Cube_FW_H5_V1.1.1/Drivers/STM32H5xx_HAL_Driver/Src/stm32h5xx_hal_adc_ex.c:1716:19:HAL_ADCEx_InjectedConfigChannel	224	static,ignoring_inline_asm
C:/Users/choua/STM32Cube/Repository/STM32Cube_FW_H5_V1.1.1/Drivers/STM32H5xx_HAL_Driver/Src/stm32h5xx_hal_adc_ex.c:2184:19:HAL_ADCEx_MultiModeConfigChannel	144	static
C:/Users/choua/STM32Cube/Repository/STM32Cube_FW_H5_V1.1.1/Drivers/STM32H5xx_HAL_Driver/Src/stm32h5xx_hal_adc_ex.c:2301:19:HAL_ADCEx_EnableInjectedQueue	32	static
C:/Users/choua/STM32Cube/Repository/STM32Cube_FW_H5_V1.1.1/Drivers/STM32H5xx_HAL_Driver/Src/stm32h5xx_hal_adc_ex.c:2342:19:HAL_ADCEx_DisableInjectedQueue	32	static
C:/Users/choua/STM32Cube/Repository/STM32Cube_FW_H5_V1.1.1/Drivers/STM32H5xx_HAL_Driver/Src/stm32h5xx_hal_adc_ex.c:2379:19:HAL_ADCEx_DisableVoltageRegulator	24	static
C:/Users/choua/STM32Cube/Repository/STM32Cube_FW_H5_V1.1.1/Drivers/STM32H5xx_HAL_Driver/Src/stm32h5xx_hal_adc_ex.c:2416:19:HAL_ADCEx_EnterADCDeepPowerDownMode	24	static
