../Core/Src/main.c:92:5:main	8	static
../Core/Src/main.c:168:6:SystemClock_Config	64	static
../Core/Src/main.c:205:13:MX_ADC1_Init	24	static
../Core/Src/main.c:281:13:MX_I2C1_Init	8	static
../Core/Src/main.c:329:13:MX_TIM3_Init	64	static
../Core/Src/main.c:393:13:MX_TIM16_Init	8	static
../Core/Src/main.c:425:13:MX_USART2_UART_Init	8	static
../Core/Src/main.c:459:13:MX_DMA_Init	16	static
../Core/Src/main.c:480:13:MX_GPIO_Init	56	static
../Core/Src/main.c:527:6:HAL_TIM_PeriodElapsedCallback	16	static
../Core/Src/main.c:550:6:Error_Handler	8	static,ignoring_inline_asm
