../Core/Src/main.c:106:6:Stepper_Init	7
../Core/Src/main.c:159:6:Stepper_Add_Task	3
../Core/Src/main.c:170:6:Stepper_Add_Steps	2
../Core/Src/main.c:179:6:Stepper_Empty	1
../Core/Src/main.c:184:11:Stepper_Get_Task	2
../Core/Src/main.c:198:11:Stepper_Peek_Task	2
../Core/Src/main.c:208:6:Stepper_Pop_Task	2
../Core/Src/main.c:217:14:Stepper_Current_Interval	2
../Core/Src/main.c:224:6:Stepper_Go_One_Step	7
../Core/Src/main.c:256:5:main	2
../Core/Src/main.c:312:6:SystemClock_Config	3
../Core/Src/main.c:349:13:MX_I2C1_Init	4
../Core/Src/main.c:397:13:MX_TIM14_Init	2
../Core/Src/main.c:428:13:MX_USART2_UART_Init	2
../Core/Src/main.c:464:13:MX_GPIO_Init	1
../Core/Src/main.c:521:6:HAL_TIM_PeriodElapsedCallback	5
../Core/Src/main.c:547:6:HAL_GPIO_EXTI_Rising_Callback	2
../Core/Src/main.c:562:6:Error_Handler	1
