C:/Users/choua/STM32Cube/Repository/STM32Cube_FW_H5_V1.1.1/Drivers/STM32H5xx_HAL_Driver/Inc/stm32h5xx_ll_gpio.h:283:22:LL_GPIO_SetPinMode	48	static,ignoring_inline_asm
C:/Users/choua/STM32Cube/Repository/STM32Cube_FW_H5_V1.1.1/Drivers/STM32H5xx_HAL_Driver/Inc/stm32h5xx_ll_gpio.h:352:22:LL_GPIO_SetPinOutputType	24	static
C:/Users/choua/STM32Cube/Repository/STM32Cube_FW_H5_V1.1.1/Drivers/STM32H5xx_HAL_Driver/Inc/stm32h5xx_ll_gpio.h:423:22:LL_GPIO_SetPinSpeed	48	static,ignoring_inline_asm
C:/Users/choua/STM32Cube/Repository/STM32Cube_FW_H5_V1.1.1/Drivers/STM32H5xx_HAL_Driver/Inc/stm32h5xx_ll_gpio.h:494:22:LL_GPIO_SetPinPull	48	static,ignoring_inline_asm
C:/Users/choua/STM32Cube/Repository/STM32Cube_FW_H5_V1.1.1/Drivers/STM32H5xx_HAL_Driver/Inc/stm32h5xx_ll_gpio.h:566:22:LL_GPIO_SetAFPin_0_7	48	static,ignoring_inline_asm
C:/Users/choua/STM32Cube/Repository/STM32Cube_FW_H5_V1.1.1/Drivers/STM32H5xx_HAL_Driver/Inc/stm32h5xx_ll_gpio.h:643:22:LL_GPIO_SetAFPin_8_15	48	static,ignoring_inline_asm
C:/Users/choua/STM32Cube/Repository/STM32Cube_FW_H5_V1.1.1/Drivers/STM32H5xx_HAL_Driver/Inc/stm32h5xx_ll_bus.h:1028:22:LL_AHB2_GRP1_ForceReset	16	static
C:/Users/choua/STM32Cube/Repository/STM32Cube_FW_H5_V1.1.1/Drivers/STM32H5xx_HAL_Driver/Inc/stm32h5xx_ll_bus.h:1075:22:LL_AHB2_GRP1_ReleaseReset	16	static
C:/Users/choua/STM32Cube/Repository/STM32Cube_FW_H5_V1.1.1/Drivers/STM32H5xx_HAL_Driver/Src/stm32h5xx_ll_gpio.c:104:13:LL_GPIO_DeInit	24	static
C:/Users/choua/STM32Cube/Repository/STM32Cube_FW_H5_V1.1.1/Drivers/STM32H5xx_HAL_Driver/Src/stm32h5xx_ll_gpio.c:186:13:LL_GPIO_Init	48	static,ignoring_inline_asm
C:/Users/choua/STM32Cube/Repository/STM32Cube_FW_H5_V1.1.1/Drivers/STM32H5xx_HAL_Driver/Src/stm32h5xx_ll_gpio.c:258:6:LL_GPIO_StructInit	16	static
