C:/Users/choua/STM32Cube/Repository/STM32Cube_FW_H5_V1.1.1/Drivers/STM32H5xx_HAL_Driver/Inc/stm32h5xx_ll_rcc.h:1570:26:LL_RCC_HSE_IsReady	4	static
C:/Users/choua/STM32Cube/Repository/STM32Cube_FW_H5_V1.1.1/Drivers/STM32H5xx_HAL_Driver/Inc/stm32h5xx_ll_rcc.h:1614:22:LL_RCC_HSI_Enable	4	static
C:/Users/choua/STM32Cube/Repository/STM32Cube_FW_H5_V1.1.1/Drivers/STM32H5xx_HAL_Driver/Inc/stm32h5xx_ll_rcc.h:1634:26:LL_RCC_HSI_IsReady	4	static
C:/Users/choua/STM32Cube/Repository/STM32Cube_FW_H5_V1.1.1/Drivers/STM32H5xx_HAL_Driver/Inc/stm32h5xx_ll_rcc.h:1704:26:LL_RCC_HSI_GetDivider	4	static
C:/Users/choua/STM32Cube/Repository/STM32Cube_FW_H5_V1.1.1/Drivers/STM32H5xx_HAL_Driver/Inc/stm32h5xx_ll_rcc.h:1730:22:LL_RCC_HSI_SetCalibTrimming	16	static
C:/Users/choua/STM32Cube/Repository/STM32Cube_FW_H5_V1.1.1/Drivers/STM32H5xx_HAL_Driver/Inc/stm32h5xx_ll_rcc.h:1778:26:LL_RCC_CSI_IsReady	4	static
C:/Users/choua/STM32Cube/Repository/STM32Cube_FW_H5_V1.1.1/Drivers/STM32H5xx_HAL_Driver/Inc/stm32h5xx_ll_rcc.h:1882:26:LL_RCC_HSI48_IsReady	4	static
C:/Users/choua/STM32Cube/Repository/STM32Cube_FW_H5_V1.1.1/Drivers/STM32H5xx_HAL_Driver/Inc/stm32h5xx_ll_rcc.h:1930:26:LL_RCC_LSE_IsReady	4	static
C:/Users/choua/STM32Cube/Repository/STM32Cube_FW_H5_V1.1.1/Drivers/STM32H5xx_HAL_Driver/Inc/stm32h5xx_ll_rcc.h:2078:26:LL_RCC_LSI_IsReady	4	static
C:/Users/choua/STM32Cube/Repository/STM32Cube_FW_H5_V1.1.1/Drivers/STM32H5xx_HAL_Driver/Inc/stm32h5xx_ll_rcc.h:2170:26:LL_RCC_GetSysClkSource	4	static
C:/Users/choua/STM32Cube/Repository/STM32Cube_FW_H5_V1.1.1/Drivers/STM32H5xx_HAL_Driver/Inc/stm32h5xx_ll_rcc.h:2271:26:LL_RCC_GetAHBPrescaler	4	static
C:/Users/choua/STM32Cube/Repository/STM32Cube_FW_H5_V1.1.1/Drivers/STM32H5xx_HAL_Driver/Inc/stm32h5xx_ll_rcc.h:2299:26:LL_RCC_GetAPB1Prescaler	4	static
C:/Users/choua/STM32Cube/Repository/STM32Cube_FW_H5_V1.1.1/Drivers/STM32H5xx_HAL_Driver/Inc/stm32h5xx_ll_rcc.h:2314:26:LL_RCC_GetAPB2Prescaler	4	static
C:/Users/choua/STM32Cube/Repository/STM32Cube_FW_H5_V1.1.1/Drivers/STM32H5xx_HAL_Driver/Inc/stm32h5xx_ll_rcc.h:2329:26:LL_RCC_GetAPB3Prescaler	4	static
C:/Users/choua/STM32Cube/Repository/STM32Cube_FW_H5_V1.1.1/Drivers/STM32H5xx_HAL_Driver/Inc/stm32h5xx_ll_rcc.h:3333:26:LL_RCC_GetClockSource	24	static
C:/Users/choua/STM32Cube/Repository/STM32Cube_FW_H5_V1.1.1/Drivers/STM32H5xx_HAL_Driver/Inc/stm32h5xx_ll_rcc.h:3395:26:LL_RCC_GetUSARTClockSource	16	static
C:/Users/choua/STM32Cube/Repository/STM32Cube_FW_H5_V1.1.1/Drivers/STM32H5xx_HAL_Driver/Inc/stm32h5xx_ll_rcc.h:3454:26:LL_RCC_GetUARTClockSource	16	static
C:/Users/choua/STM32Cube/Repository/STM32Cube_FW_H5_V1.1.1/Drivers/STM32H5xx_HAL_Driver/Inc/stm32h5xx_ll_rcc.h:3475:26:LL_RCC_GetLPUARTClockSource	16	static
C:/Users/choua/STM32Cube/Repository/STM32Cube_FW_H5_V1.1.1/Drivers/STM32H5xx_HAL_Driver/Inc/stm32h5xx_ll_rcc.h:3514:26:LL_RCC_GetI2CClockSource	16	static
C:/Users/choua/STM32Cube/Repository/STM32Cube_FW_H5_V1.1.1/Drivers/STM32H5xx_HAL_Driver/Inc/stm32h5xx_ll_rcc.h:3540:26:LL_RCC_GetI3CClockSource	16	static
C:/Users/choua/STM32Cube/Repository/STM32Cube_FW_H5_V1.1.1/Drivers/STM32H5xx_HAL_Driver/Inc/stm32h5xx_ll_rcc.h:3597:26:LL_RCC_GetSPIClockSource	16	static
C:/Users/choua/STM32Cube/Repository/STM32Cube_FW_H5_V1.1.1/Drivers/STM32H5xx_HAL_Driver/Inc/stm32h5xx_ll_rcc.h:3657:26:LL_RCC_GetLPTIMClockSource	16	static
C:/Users/choua/STM32Cube/Repository/STM32Cube_FW_H5_V1.1.1/Drivers/STM32H5xx_HAL_Driver/Inc/stm32h5xx_ll_rcc.h:3692:26:LL_RCC_GetFDCANClockSource	16	static
C:/Users/choua/STM32Cube/Repository/STM32Cube_FW_H5_V1.1.1/Drivers/STM32H5xx_HAL_Driver/Inc/stm32h5xx_ll_rcc.h:3717:26:LL_RCC_GetSAIClockSource	16	static
C:/Users/choua/STM32Cube/Repository/STM32Cube_FW_H5_V1.1.1/Drivers/STM32H5xx_HAL_Driver/Inc/stm32h5xx_ll_rcc.h:3739:26:LL_RCC_GetSDMMCClockSource	16	static
C:/Users/choua/STM32Cube/Repository/STM32Cube_FW_H5_V1.1.1/Drivers/STM32H5xx_HAL_Driver/Inc/stm32h5xx_ll_rcc.h:3756:26:LL_RCC_GetRNGClockSource	16	static
C:/Users/choua/STM32Cube/Repository/STM32Cube_FW_H5_V1.1.1/Drivers/STM32H5xx_HAL_Driver/Inc/stm32h5xx_ll_rcc.h:3774:26:LL_RCC_GetUSBClockSource	16	static
C:/Users/choua/STM32Cube/Repository/STM32Cube_FW_H5_V1.1.1/Drivers/STM32H5xx_HAL_Driver/Inc/stm32h5xx_ll_rcc.h:3792:26:LL_RCC_GetADCDACClockSource	16	static
C:/Users/choua/STM32Cube/Repository/STM32Cube_FW_H5_V1.1.1/Drivers/STM32H5xx_HAL_Driver/Inc/stm32h5xx_ll_rcc.h:3806:26:LL_RCC_GetDACLPClockSource	16	static
C:/Users/choua/STM32Cube/Repository/STM32Cube_FW_H5_V1.1.1/Drivers/STM32H5xx_HAL_Driver/Inc/stm32h5xx_ll_rcc.h:3821:26:LL_RCC_GetCECClockSource	16	static
C:/Users/choua/STM32Cube/Repository/STM32Cube_FW_H5_V1.1.1/Drivers/STM32H5xx_HAL_Driver/Inc/stm32h5xx_ll_rcc.h:3838:26:LL_RCC_GetOCTOSPIClockSource	16	static
C:/Users/choua/STM32Cube/Repository/STM32Cube_FW_H5_V1.1.1/Drivers/STM32H5xx_HAL_Driver/Inc/stm32h5xx_ll_rcc.h:3855:26:LL_RCC_GetCLKPClockSource	16	static
C:/Users/choua/STM32Cube/Repository/STM32Cube_FW_H5_V1.1.1/Drivers/STM32H5xx_HAL_Driver/Inc/stm32h5xx_ll_rcc.h:4190:26:LL_RCC_PLL1_IsReady	4	static
C:/Users/choua/STM32Cube/Repository/STM32Cube_FW_H5_V1.1.1/Drivers/STM32H5xx_HAL_Driver/Inc/stm32h5xx_ll_rcc.h:4269:26:LL_RCC_PLL1P_IsEnabled	4	static
C:/Users/choua/STM32Cube/Repository/STM32Cube_FW_H5_V1.1.1/Drivers/STM32H5xx_HAL_Driver/Inc/stm32h5xx_ll_rcc.h:4279:26:LL_RCC_PLL1Q_IsEnabled	4	static
C:/Users/choua/STM32Cube/Repository/STM32Cube_FW_H5_V1.1.1/Drivers/STM32H5xx_HAL_Driver/Inc/stm32h5xx_ll_rcc.h:4289:26:LL_RCC_PLL1R_IsEnabled	4	static
C:/Users/choua/STM32Cube/Repository/STM32Cube_FW_H5_V1.1.1/Drivers/STM32H5xx_HAL_Driver/Inc/stm32h5xx_ll_rcc.h:4342:26:LL_RCC_PLL1_GetSource	4	static
C:/Users/choua/STM32Cube/Repository/STM32Cube_FW_H5_V1.1.1/Drivers/STM32H5xx_HAL_Driver/Inc/stm32h5xx_ll_rcc.h:4362:26:LL_RCC_PLL1_GetN	4	static
C:/Users/choua/STM32Cube/Repository/STM32Cube_FW_H5_V1.1.1/Drivers/STM32H5xx_HAL_Driver/Inc/stm32h5xx_ll_rcc.h:4384:26:LL_RCC_PLL1_GetP	4	static
C:/Users/choua/STM32Cube/Repository/STM32Cube_FW_H5_V1.1.1/Drivers/STM32H5xx_HAL_Driver/Inc/stm32h5xx_ll_rcc.h:4407:26:LL_RCC_PLL1_GetQ	4	static
C:/Users/choua/STM32Cube/Repository/STM32Cube_FW_H5_V1.1.1/Drivers/STM32H5xx_HAL_Driver/Inc/stm32h5xx_ll_rcc.h:4429:26:LL_RCC_PLL1_GetR	4	static
C:/Users/choua/STM32Cube/Repository/STM32Cube_FW_H5_V1.1.1/Drivers/STM32H5xx_HAL_Driver/Inc/stm32h5xx_ll_rcc.h:4449:26:LL_RCC_PLL1_GetM	4	static
C:/Users/choua/STM32Cube/Repository/STM32Cube_FW_H5_V1.1.1/Drivers/STM32H5xx_HAL_Driver/Inc/stm32h5xx_ll_rcc.h:4469:26:LL_RCC_PLL1FRACN_IsEnabled	4	static
C:/Users/choua/STM32Cube/Repository/STM32Cube_FW_H5_V1.1.1/Drivers/STM32H5xx_HAL_Driver/Inc/stm32h5xx_ll_rcc.h:4499:26:LL_RCC_PLL1_GetFRACN	4	static
C:/Users/choua/STM32Cube/Repository/STM32Cube_FW_H5_V1.1.1/Drivers/STM32H5xx_HAL_Driver/Inc/stm32h5xx_ll_rcc.h:4567:26:LL_RCC_PLL2_IsReady	4	static
C:/Users/choua/STM32Cube/Repository/STM32Cube_FW_H5_V1.1.1/Drivers/STM32H5xx_HAL_Driver/Inc/stm32h5xx_ll_rcc.h:4596:26:LL_RCC_PLL2_GetSource	4	static
C:/Users/choua/STM32Cube/Repository/STM32Cube_FW_H5_V1.1.1/Drivers/STM32H5xx_HAL_Driver/Inc/stm32h5xx_ll_rcc.h:4617:26:LL_RCC_PLL2_GetM	4	static
C:/Users/choua/STM32Cube/Repository/STM32Cube_FW_H5_V1.1.1/Drivers/STM32H5xx_HAL_Driver/Inc/stm32h5xx_ll_rcc.h:4637:26:LL_RCC_PLL2_GetN	4	static
C:/Users/choua/STM32Cube/Repository/STM32Cube_FW_H5_V1.1.1/Drivers/STM32H5xx_HAL_Driver/Inc/stm32h5xx_ll_rcc.h:4659:26:LL_RCC_PLL2_GetP	4	static
C:/Users/choua/STM32Cube/Repository/STM32Cube_FW_H5_V1.1.1/Drivers/STM32H5xx_HAL_Driver/Inc/stm32h5xx_ll_rcc.h:4682:26:LL_RCC_PLL2_GetQ	4	static
C:/Users/choua/STM32Cube/Repository/STM32Cube_FW_H5_V1.1.1/Drivers/STM32H5xx_HAL_Driver/Inc/stm32h5xx_ll_rcc.h:4704:26:LL_RCC_PLL2_GetR	4	static
C:/Users/choua/STM32Cube/Repository/STM32Cube_FW_H5_V1.1.1/Drivers/STM32H5xx_HAL_Driver/Inc/stm32h5xx_ll_rcc.h:4780:26:LL_RCC_PLL2P_IsEnabled	4	static
C:/Users/choua/STM32Cube/Repository/STM32Cube_FW_H5_V1.1.1/Drivers/STM32H5xx_HAL_Driver/Inc/stm32h5xx_ll_rcc.h:4790:26:LL_RCC_PLL2Q_IsEnabled	4	static
C:/Users/choua/STM32Cube/Repository/STM32Cube_FW_H5_V1.1.1/Drivers/STM32H5xx_HAL_Driver/Inc/stm32h5xx_ll_rcc.h:4800:26:LL_RCC_PLL2R_IsEnabled	4	static
C:/Users/choua/STM32Cube/Repository/STM32Cube_FW_H5_V1.1.1/Drivers/STM32H5xx_HAL_Driver/Inc/stm32h5xx_ll_rcc.h:4820:26:LL_RCC_PLL2FRACN_IsEnabled	4	static
C:/Users/choua/STM32Cube/Repository/STM32Cube_FW_H5_V1.1.1/Drivers/STM32H5xx_HAL_Driver/Inc/stm32h5xx_ll_rcc.h:4850:26:LL_RCC_PLL2_GetFRACN	4	static
C:/Users/choua/STM32Cube/Repository/STM32Cube_FW_H5_V1.1.1/Drivers/STM32H5xx_HAL_Driver/Inc/stm32h5xx_ll_rcc.h:4919:26:LL_RCC_PLL3_IsReady	4	static
C:/Users/choua/STM32Cube/Repository/STM32Cube_FW_H5_V1.1.1/Drivers/STM32H5xx_HAL_Driver/Inc/stm32h5xx_ll_rcc.h:4949:26:LL_RCC_PLL3_GetSource	4	static
C:/Users/choua/STM32Cube/Repository/STM32Cube_FW_H5_V1.1.1/Drivers/STM32H5xx_HAL_Driver/Inc/stm32h5xx_ll_rcc.h:4969:26:LL_RCC_PLL3_GetN	4	static
C:/Users/choua/STM32Cube/Repository/STM32Cube_FW_H5_V1.1.1/Drivers/STM32H5xx_HAL_Driver/Inc/stm32h5xx_ll_rcc.h:4991:26:LL_RCC_PLL3_GetP	4	static
C:/Users/choua/STM32Cube/Repository/STM32Cube_FW_H5_V1.1.1/Drivers/STM32H5xx_HAL_Driver/Inc/stm32h5xx_ll_rcc.h:5013:26:LL_RCC_PLL3_GetQ	4	static
C:/Users/choua/STM32Cube/Repository/STM32Cube_FW_H5_V1.1.1/Drivers/STM32H5xx_HAL_Driver/Inc/stm32h5xx_ll_rcc.h:5035:26:LL_RCC_PLL3_GetR	4	static
C:/Users/choua/STM32Cube/Repository/STM32Cube_FW_H5_V1.1.1/Drivers/STM32H5xx_HAL_Driver/Inc/stm32h5xx_ll_rcc.h:5055:26:LL_RCC_PLL3_GetM	4	static
C:/Users/choua/STM32Cube/Repository/STM32Cube_FW_H5_V1.1.1/Drivers/STM32H5xx_HAL_Driver/Inc/stm32h5xx_ll_rcc.h:5131:26:LL_RCC_PLL3P_IsEnabled	4	static
C:/Users/choua/STM32Cube/Repository/STM32Cube_FW_H5_V1.1.1/Drivers/STM32H5xx_HAL_Driver/Inc/stm32h5xx_ll_rcc.h:5141:26:LL_RCC_PLL3Q_IsEnabled	4	static
C:/Users/choua/STM32Cube/Repository/STM32Cube_FW_H5_V1.1.1/Drivers/STM32H5xx_HAL_Driver/Inc/stm32h5xx_ll_rcc.h:5151:26:LL_RCC_PLL3R_IsEnabled	4	static
C:/Users/choua/STM32Cube/Repository/STM32Cube_FW_H5_V1.1.1/Drivers/STM32H5xx_HAL_Driver/Inc/stm32h5xx_ll_rcc.h:5171:26:LL_RCC_PLL3FRACN_IsEnabled	4	static
C:/Users/choua/STM32Cube/Repository/STM32Cube_FW_H5_V1.1.1/Drivers/STM32H5xx_HAL_Driver/Inc/stm32h5xx_ll_rcc.h:5201:26:LL_RCC_PLL3_GetFRACN	4	static
C:/Users/choua/STM32Cube/Repository/STM32Cube_FW_H5_V1.1.1/Drivers/STM32H5xx_HAL_Driver/Inc/stm32h5xx_ll_rcc.h:5619:22:LL_RCC_ClearResetFlags	4	static
C:/Users/choua/STM32Cube/Repository/STM32Cube_FW_H5_V1.1.1/Drivers/STM32H5xx_HAL_Driver/Src/stm32h5xx_ll_rcc.c:180:13:LL_RCC_DeInit	8	static
C:/Users/choua/STM32Cube/Repository/STM32Cube_FW_H5_V1.1.1/Drivers/STM32H5xx_HAL_Driver/Src/stm32h5xx_ll_rcc.c:333:6:LL_RCC_GetSystemClocksFreq	16	static
C:/Users/choua/STM32Cube/Repository/STM32Cube_FW_H5_V1.1.1/Drivers/STM32H5xx_HAL_Driver/Src/stm32h5xx_ll_rcc.c:356:6:LL_RCC_GetPLL1ClockFreq	48	static
C:/Users/choua/STM32Cube/Repository/STM32Cube_FW_H5_V1.1.1/Drivers/STM32H5xx_HAL_Driver/Src/stm32h5xx_ll_rcc.c:433:6:LL_RCC_GetPLL2ClockFreq	48	static
C:/Users/choua/STM32Cube/Repository/STM32Cube_FW_H5_V1.1.1/Drivers/STM32H5xx_HAL_Driver/Src/stm32h5xx_ll_rcc.c:511:6:LL_RCC_GetPLL3ClockFreq	48	static
C:/Users/choua/STM32Cube/Repository/STM32Cube_FW_H5_V1.1.1/Drivers/STM32H5xx_HAL_Driver/Src/stm32h5xx_ll_rcc.c:596:10:LL_RCC_CalcPLLClockFreq	32	static
C:/Users/choua/STM32Cube/Repository/STM32Cube_FW_H5_V1.1.1/Drivers/STM32H5xx_HAL_Driver/Src/stm32h5xx_ll_rcc.c:622:10:LL_RCC_GetUSARTClockFreq	32	static
C:/Users/choua/STM32Cube/Repository/STM32Cube_FW_H5_V1.1.1/Drivers/STM32H5xx_HAL_Driver/Src/stm32h5xx_ll_rcc.c:1008:10:LL_RCC_GetUARTClockFreq	32	static
C:/Users/choua/STM32Cube/Repository/STM32Cube_FW_H5_V1.1.1/Drivers/STM32H5xx_HAL_Driver/Src/stm32h5xx_ll_rcc.c:1381:10:LL_RCC_GetSPIClockFreq	32	static
C:/Users/choua/STM32Cube/Repository/STM32Cube_FW_H5_V1.1.1/Drivers/STM32H5xx_HAL_Driver/Src/stm32h5xx_ll_rcc.c:1745:10:LL_RCC_GetI2CClockFreq	32	static
C:/Users/choua/STM32Cube/Repository/STM32Cube_FW_H5_V1.1.1/Drivers/STM32H5xx_HAL_Driver/Src/stm32h5xx_ll_rcc.c:1958:10:LL_RCC_GetI3CClockFreq	32	static
C:/Users/choua/STM32Cube/Repository/STM32Cube_FW_H5_V1.1.1/Drivers/STM32H5xx_HAL_Driver/Src/stm32h5xx_ll_rcc.c:2069:10:LL_RCC_GetLPUARTClockFreq	32	static
C:/Users/choua/STM32Cube/Repository/STM32Cube_FW_H5_V1.1.1/Drivers/STM32H5xx_HAL_Driver/Src/stm32h5xx_ll_rcc.c:2151:10:LL_RCC_GetLPTIMClockFreq	32	static
C:/Users/choua/STM32Cube/Repository/STM32Cube_FW_H5_V1.1.1/Drivers/STM32H5xx_HAL_Driver/Src/stm32h5xx_ll_rcc.c:2512:10:LL_RCC_GetSAIClockFreq	32	static
C:/Users/choua/STM32Cube/Repository/STM32Cube_FW_H5_V1.1.1/Drivers/STM32H5xx_HAL_Driver/Src/stm32h5xx_ll_rcc.c:2642:10:LL_RCC_GetSDMMCClockFreq	32	static
C:/Users/choua/STM32Cube/Repository/STM32Cube_FW_H5_V1.1.1/Drivers/STM32H5xx_HAL_Driver/Src/stm32h5xx_ll_rcc.c:2734:10:LL_RCC_GetRNGClockFreq	32	static
C:/Users/choua/STM32Cube/Repository/STM32Cube_FW_H5_V1.1.1/Drivers/STM32H5xx_HAL_Driver/Src/stm32h5xx_ll_rcc.c:2793:10:LL_RCC_GetUSBClockFreq	32	static
C:/Users/choua/STM32Cube/Repository/STM32Cube_FW_H5_V1.1.1/Drivers/STM32H5xx_HAL_Driver/Src/stm32h5xx_ll_rcc.c:2854:10:LL_RCC_GetADCDACClockFreq	32	static
C:/Users/choua/STM32Cube/Repository/STM32Cube_FW_H5_V1.1.1/Drivers/STM32H5xx_HAL_Driver/Src/stm32h5xx_ll_rcc.c:2920:10:LL_RCC_GetDACLPClockFreq	24	static
C:/Users/choua/STM32Cube/Repository/STM32Cube_FW_H5_V1.1.1/Drivers/STM32H5xx_HAL_Driver/Src/stm32h5xx_ll_rcc.c:2960:10:LL_RCC_GetOCTOSPIClockFreq	32	static
C:/Users/choua/STM32Cube/Repository/STM32Cube_FW_H5_V1.1.1/Drivers/STM32H5xx_HAL_Driver/Src/stm32h5xx_ll_rcc.c:3018:10:LL_RCC_GetFDCANClockFreq	32	static
C:/Users/choua/STM32Cube/Repository/STM32Cube_FW_H5_V1.1.1/Drivers/STM32H5xx_HAL_Driver/Src/stm32h5xx_ll_rcc.c:3077:10:LL_RCC_GetCECClockFreq	24	static
C:/Users/choua/STM32Cube/Repository/STM32Cube_FW_H5_V1.1.1/Drivers/STM32H5xx_HAL_Driver/Src/stm32h5xx_ll_rcc.c:3123:10:LL_RCC_GetCLKPClockFreq	24	static
C:/Users/choua/STM32Cube/Repository/STM32Cube_FW_H5_V1.1.1/Drivers/STM32H5xx_HAL_Driver/Src/stm32h5xx_ll_rcc.c:3177:10:RCC_GetSystemClockFreq	16	static
C:/Users/choua/STM32Cube/Repository/STM32Cube_FW_H5_V1.1.1/Drivers/STM32H5xx_HAL_Driver/Src/stm32h5xx_ll_rcc.c:3213:10:RCC_GetHCLKClockFreq	16	static
C:/Users/choua/STM32Cube/Repository/STM32Cube_FW_H5_V1.1.1/Drivers/STM32H5xx_HAL_Driver/Src/stm32h5xx_ll_rcc.c:3224:10:RCC_GetPCLK1ClockFreq	16	static
C:/Users/choua/STM32Cube/Repository/STM32Cube_FW_H5_V1.1.1/Drivers/STM32H5xx_HAL_Driver/Src/stm32h5xx_ll_rcc.c:3235:10:RCC_GetPCLK2ClockFreq	16	static
C:/Users/choua/STM32Cube/Repository/STM32Cube_FW_H5_V1.1.1/Drivers/STM32H5xx_HAL_Driver/Src/stm32h5xx_ll_rcc.c:3247:10:RCC_GetPCLK3ClockFreq	16	static
C:/Users/choua/STM32Cube/Repository/STM32Cube_FW_H5_V1.1.1/Drivers/STM32H5xx_HAL_Driver/Src/stm32h5xx_ll_rcc.c:3257:10:RCC_PLL1_GetFreqSystem	24	static
