09:43:33 **** Incremental Build of configuration Debug for project stepper_lib_test ****
make -j12 all 
arm-none-eabi-gcc "../Core/Src/main.c" -mcpu=cortex-m0plus -std=gnu11 -g3 -DDEBUG -DUSE_HAL_DRIVER -DSTM32C031xx -c -I../Core/Inc -I../Drivers/STM32C0xx_HAL_Driver/Inc -I../Drivers/STM32C0xx_HAL_Driver/Inc/Legacy -I../Drivers/CMSIS/Device/ST/STM32C0xx/Include -I../Drivers/CMSIS/Include -O0 -ffunction-sections -fdata-sections -Wall -fstack-usage -fcyclomatic-complexity -MMD -MP -MF"Core/Src/main.d" -MT"Core/Src/main.o" --specs=nano.specs -mfloat-abi=soft -mthumb -o "Core/Src/main.o"
arm-none-eabi-gcc -o "stepper_lib_test.elf" @"objects.list"   -mcpu=cortex-m0plus -T"C:\Users\choua\STM32CubeIDE\MakeCutter_ST\stepper_lib_test\STM32C031C6TX_FLASH.ld" --specs=nosys.specs -Wl,-Map="stepper_lib_test.map" -Wl,--gc-sections -static --specs=nano.specs -mfloat-abi=soft -mthumb -Wl,--start-group -lc -lm -Wl,--end-group
Finished building target: stepper_lib_test.elf
 
arm-none-eabi-size  stepper_lib_test.elf 
arm-none-eabi-objdump -h -S stepper_lib_test.elf  > "stepper_lib_test.list"
   text	   data	    bss	    dec	    hex	filename
   9928	     20	   1884	  11832	   2e38	stepper_lib_test.elf
Finished building: default.size.stdout
 
Finished building: stepper_lib_test.list
 
10:21:06 **** Incremental Build of configuration Debug for project stepper_lib_test ****
make -j12 all 
arm-none-eabi-gcc "../Core/Src/main.c" -mcpu=cortex-m0plus -std=gnu11 -g3 -DDEBUG -DUSE_HAL_DRIVER -DSTM32C031xx -c -I../Core/Inc -I../Drivers/STM32C0xx_HAL_Driver/Inc -I../Drivers/STM32C0xx_HAL_Driver/Inc/Legacy -I../Drivers/CMSIS/Device/ST/STM32C0xx/Include -I../Drivers/CMSIS/Include -O0 -ffunction-sections -fdata-sections -Wall -fstack-usage -fcyclomatic-complexity -MMD -MP -MF"Core/Src/main.d" -MT"Core/Src/main.o" --specs=nano.specs -mfloat-abi=soft -mthumb -o "Core/Src/main.o"
../Core/Src/main.c: In function 'Stepper_Init':
../Core/Src/main.c:107:9: error: 'STEP_PORT' undeclared (first use in this function)
  107 |         STEP_PORT = step_port;
      |         ^~~~~~~~~
../Core/Src/main.c:107:9: note: each undeclared identifier is reported only once for each function it appears in
../Core/Src/main.c:108:9: error: 'STEP_PIN' undeclared (first use in this function)
  108 |         STEP_PIN = step_pin;
      |         ^~~~~~~~
../Core/Src/main.c:109:9: error: 'DIR_PORT' undeclared (first use in this function)
  109 |         DIR_PORT = dir_port;
      |         ^~~~~~~~
../Core/Src/main.c:110:9: error: 'DIR_PIN' undeclared (first use in this function)
  110 |         DIR_PIN = dir_pin;
      |         ^~~~~~~
../Core/Src/main.c:113:17: error: 'MS_PORT' undeclared (first use in this function)
  113 |                 MS_PORT[i] = ms_port[i];
      |                 ^~~~~~~
../Core/Src/main.c:114:17: error: 'MS_PIN' undeclared (first use in this function)
  114 |                 MS_PIN[i] = ms_pin[i];
      |                 ^~~~~~
../Core/Src/main.c:121:25: error: too few arguments to function 'HAL_GPIO_WritePin'
  121 |                         HAL_GPIO_WritePin(MS_PORT[0], RESET);
      |                         ^~~~~~~~~~~~~~~~~
In file included from ../Core/Inc/stm32c0xx_hal_conf.h:172,
                 from ../Drivers/STM32C0xx_HAL_Driver/Inc/stm32c0xx_hal.h:30,
                 from ../Core/Inc/main.h:30,
                 from ../Core/Src/main.c:20:
../Drivers/STM32C0xx_HAL_Driver/Inc/stm32c0xx_hal_gpio.h:325:19: note: declared here
  325 | void              HAL_GPIO_WritePin(GPIO_TypeDef *GPIOx, uint16_t GPIO_Pin, GPIO_PinState PinState);
      |                   ^~~~~~~~~~~~~~~~~
../Core/Src/main.c:122:25: error: too few arguments to function 'HAL_GPIO_WritePin'
  122 |                         HAL_GPIO_WritePin(MS_PORT[1], RESET);
      |                         ^~~~~~~~~~~~~~~~~
In file included from ../Core/Inc/stm32c0xx_hal_conf.h:172,
                 from ../Drivers/STM32C0xx_HAL_Driver/Inc/stm32c0xx_hal.h:30,
                 from ../Core/Inc/main.h:30,
                 from ../Core/Src/main.c:20:
../Drivers/STM32C0xx_HAL_Driver/Inc/stm32c0xx_hal_gpio.h:325:19: note: declared here
  325 | void              HAL_GPIO_WritePin(GPIO_TypeDef *GPIOx, uint16_t GPIO_Pin, GPIO_PinState PinState);
      |                   ^~~~~~~~~~~~~~~~~
../Core/Src/main.c:123:25: error: too few arguments to function 'HAL_GPIO_WritePin'
  123 |                         HAL_GPIO_WritePin(MS_PORT[2], RESET);
      |                         ^~~~~~~~~~~~~~~~~
In file included from ../Core/Inc/stm32c0xx_hal_conf.h:172,
                 from ../Drivers/STM32C0xx_HAL_Driver/Inc/stm32c0xx_hal.h:30,
                 from ../Core/Inc/main.h:30,
                 from ../Core/Src/main.c:20:
../Drivers/STM32C0xx_HAL_Driver/Inc/stm32c0xx_hal_gpio.h:325:19: note: declared here
  325 | void              HAL_GPIO_WritePin(GPIO_TypeDef *GPIOx, uint16_t GPIO_Pin, GPIO_PinState PinState);
      |                   ^~~~~~~~~~~~~~~~~
../Core/Src/main.c:126:25: error: too few arguments to function 'HAL_GPIO_WritePin'
  126 |                         HAL_GPIO_WritePin(MS_PORT[0], SET);
      |                         ^~~~~~~~~~~~~~~~~
In file included from ../Core/Inc/stm32c0xx_hal_conf.h:172,
                 from ../Drivers/STM32C0xx_HAL_Driver/Inc/stm32c0xx_hal.h:30,
                 from ../Core/Inc/main.h:30,
                 from ../Core/Src/main.c:20:
../Drivers/STM32C0xx_HAL_Driver/Inc/stm32c0xx_hal_gpio.h:325:19: note: declared here
  325 | void              HAL_GPIO_WritePin(GPIO_TypeDef *GPIOx, uint16_t GPIO_Pin, GPIO_PinState PinState);
      |                   ^~~~~~~~~~~~~~~~~
../Core/Src/main.c:127:25: error: too few arguments to function 'HAL_GPIO_WritePin'
  127 |                         HAL_GPIO_WritePin(MS_PORT[1], RESET);
      |                         ^~~~~~~~~~~~~~~~~
In file included from ../Core/Inc/stm32c0xx_hal_conf.h:172,
                 from ../Drivers/STM32C0xx_HAL_Driver/Inc/stm32c0xx_hal.h:30,
                 from ../Core/Inc/main.h:30,
                 from ../Core/Src/main.c:20:
../Drivers/STM32C0xx_HAL_Driver/Inc/stm32c0xx_hal_gpio.h:325:19: note: declared here
  325 | void              HAL_GPIO_WritePin(GPIO_TypeDef *GPIOx, uint16_t GPIO_Pin, GPIO_PinState PinState);
      |                   ^~~~~~~~~~~~~~~~~
../Core/Src/main.c:128:25: error: too few arguments to function 'HAL_GPIO_WritePin'
  128 |                         HAL_GPIO_WritePin(MS_PORT[2], RESET);
      |                         ^~~~~~~~~~~~~~~~~
In file included from ../Core/Inc/stm32c0xx_hal_conf.h:172,
                 from ../Drivers/STM32C0xx_HAL_Driver/Inc/stm32c0xx_hal.h:30,
                 from ../Core/Inc/main.h:30,
                 from ../Core/Src/main.c:20:
../Drivers/STM32C0xx_HAL_Driver/Inc/stm32c0xx_hal_gpio.h:325:19: note: declared here
  325 | void              HAL_GPIO_WritePin(GPIO_TypeDef *GPIOx, uint16_t GPIO_Pin, GPIO_PinState PinState);
      |                   ^~~~~~~~~~~~~~~~~
../Core/Src/main.c:131:25: error: too few arguments to function 'HAL_GPIO_WritePin'
  131 |                         HAL_GPIO_WritePin(MS_PORT[0], RESET);
      |                         ^~~~~~~~~~~~~~~~~
In file included from ../Core/Inc/stm32c0xx_hal_conf.h:172,
                 from ../Drivers/STM32C0xx_HAL_Driver/Inc/stm32c0xx_hal.h:30,
                 from ../Core/Inc/main.h:30,
                 from ../Core/Src/main.c:20:
../Drivers/STM32C0xx_HAL_Driver/Inc/stm32c0xx_hal_gpio.h:325:19: note: declared here
  325 | void              HAL_GPIO_WritePin(GPIO_TypeDef *GPIOx, uint16_t GPIO_Pin, GPIO_PinState PinState);
      |                   ^~~~~~~~~~~~~~~~~
../Core/Src/main.c:132:25: error: too few arguments to function 'HAL_GPIO_WritePin'
  132 |                         HAL_GPIO_WritePin(MS_PORT[1], SET);
      |                         ^~~~~~~~~~~~~~~~~
In file included from ../Core/Inc/stm32c0xx_hal_conf.h:172,
                 from ../Drivers/STM32C0xx_HAL_Driver/Inc/stm32c0xx_hal.h:30,
                 from ../Core/Inc/main.h:30,
                 from ../Core/Src/main.c:20:
../Drivers/STM32C0xx_HAL_Driver/Inc/stm32c0xx_hal_gpio.h:325:19: note: declared here
  325 | void              HAL_GPIO_WritePin(GPIO_TypeDef *GPIOx, uint16_t GPIO_Pin, GPIO_PinState PinState);
      |                   ^~~~~~~~~~~~~~~~~
../Core/Src/main.c:133:25: error: too few arguments to function 'HAL_GPIO_WritePin'
  133 |                         HAL_GPIO_WritePin(MS_PORT[2], RESET);
      |                         ^~~~~~~~~~~~~~~~~
In file included from ../Core/Inc/stm32c0xx_hal_conf.h:172,
                 from ../Drivers/STM32C0xx_HAL_Driver/Inc/stm32c0xx_hal.h:30,
                 from ../Core/Inc/main.h:30,
                 from ../Core/Src/main.c:20:
../Drivers/STM32C0xx_HAL_Driver/Inc/stm32c0xx_hal_gpio.h:325:19: note: declared here
  325 | void              HAL_GPIO_WritePin(GPIO_TypeDef *GPIOx, uint16_t GPIO_Pin, GPIO_PinState PinState);
      |                   ^~~~~~~~~~~~~~~~~
../Core/Src/main.c:136:25: error: too few arguments to function 'HAL_GPIO_WritePin'
  136 |                         HAL_GPIO_WritePin(MS_PORT[0], SET);
      |                         ^~~~~~~~~~~~~~~~~
In file included from ../Core/Inc/stm32c0xx_hal_conf.h:172,
                 from ../Drivers/STM32C0xx_HAL_Driver/Inc/stm32c0xx_hal.h:30,
                 from ../Core/Inc/main.h:30,
                 from ../Core/Src/main.c:20:
../Drivers/STM32C0xx_HAL_Driver/Inc/stm32c0xx_hal_gpio.h:325:19: note: declared here
  325 | void              HAL_GPIO_WritePin(GPIO_TypeDef *GPIOx, uint16_t GPIO_Pin, GPIO_PinState PinState);
      |                   ^~~~~~~~~~~~~~~~~
../Core/Src/main.c:137:25: error: too few arguments to function 'HAL_GPIO_WritePin'
  137 |                         HAL_GPIO_WritePin(MS_PORT[1], SET);
      |                         ^~~~~~~~~~~~~~~~~
In file included from ../Core/Inc/stm32c0xx_hal_conf.h:172,
                 from ../Drivers/STM32C0xx_HAL_Driver/Inc/stm32c0xx_hal.h:30,
                 from ../Core/Inc/main.h:30,
                 from ../Core/Src/main.c:20:
../Drivers/STM32C0xx_HAL_Driver/Inc/stm32c0xx_hal_gpio.h:325:19: note: declared here
  325 | void              HAL_GPIO_WritePin(GPIO_TypeDef *GPIOx, uint16_t GPIO_Pin, GPIO_PinState PinState);
      |                   ^~~~~~~~~~~~~~~~~
../Core/Src/main.c:138:25: error: too few arguments to function 'HAL_GPIO_WritePin'
  138 |                         HAL_GPIO_WritePin(MS_PORT[2], RESET);
      |                         ^~~~~~~~~~~~~~~~~
In file included from ../Core/Inc/stm32c0xx_hal_conf.h:172,
                 from ../Drivers/STM32C0xx_HAL_Driver/Inc/stm32c0xx_hal.h:30,
                 from ../Core/Inc/main.h:30,
                 from ../Core/Src/main.c:20:
../Drivers/STM32C0xx_HAL_Driver/Inc/stm32c0xx_hal_gpio.h:325:19: note: declared here
  325 | void              HAL_GPIO_WritePin(GPIO_TypeDef *GPIOx, uint16_t GPIO_Pin, GPIO_PinState PinState);
      |                   ^~~~~~~~~~~~~~~~~
../Core/Src/main.c:141:25: error: too few arguments to function 'HAL_GPIO_WritePin'
  141 |                         HAL_GPIO_WritePin(MS_PORT[0], SET);
      |                         ^~~~~~~~~~~~~~~~~
In file included from ../Core/Inc/stm32c0xx_hal_conf.h:172,
                 from ../Drivers/STM32C0xx_HAL_Driver/Inc/stm32c0xx_hal.h:30,
                 from ../Core/Inc/main.h:30,
                 from ../Core/Src/main.c:20:
../Drivers/STM32C0xx_HAL_Driver/Inc/stm32c0xx_hal_gpio.h:325:19: note: declared here
  325 | void              HAL_GPIO_WritePin(GPIO_TypeDef *GPIOx, uint16_t GPIO_Pin, GPIO_PinState PinState);
      |                   ^~~~~~~~~~~~~~~~~
../Core/Src/main.c:142:25: error: too few arguments to function 'HAL_GPIO_WritePin'
  142 |                         HAL_GPIO_WritePin(MS_PORT[1], SET);
      |                         ^~~~~~~~~~~~~~~~~
In file included from ../Core/Inc/stm32c0xx_hal_conf.h:172,
                 from ../Drivers/STM32C0xx_HAL_Driver/Inc/stm32c0xx_hal.h:30,
                 from ../Core/Inc/main.h:30,
                 from ../Core/Src/main.c:20:
../Drivers/STM32C0xx_HAL_Driver/Inc/stm32c0xx_hal_gpio.h:325:19: note: declared here
  325 | void              HAL_GPIO_WritePin(GPIO_TypeDef *GPIOx, uint16_t GPIO_Pin, GPIO_PinState PinState);
      |                   ^~~~~~~~~~~~~~~~~
../Core/Src/main.c:143:25: error: too few arguments to function 'HAL_GPIO_WritePin'
  143 |                         HAL_GPIO_WritePin(MS_PORT[2], SET);
      |                         ^~~~~~~~~~~~~~~~~
In file included from ../Core/Inc/stm32c0xx_hal_conf.h:172,
                 from ../Drivers/STM32C0xx_HAL_Driver/Inc/stm32c0xx_hal.h:30,
                 from ../Core/Inc/main.h:30,
                 from ../Core/Src/main.c:20:
../Drivers/STM32C0xx_HAL_Driver/Inc/stm32c0xx_hal_gpio.h:325:19: note: declared here
  325 | void              HAL_GPIO_WritePin(GPIO_TypeDef *GPIOx, uint16_t GPIO_Pin, GPIO_PinState PinState);
      |                   ^~~~~~~~~~~~~~~~~
../Core/Src/main.c:146:25: error: too few arguments to function 'HAL_GPIO_WritePin'
  146 |                         HAL_GPIO_WritePin(MS_PORT[0], RESET);
      |                         ^~~~~~~~~~~~~~~~~
In file included from ../Core/Inc/stm32c0xx_hal_conf.h:172,
                 from ../Drivers/STM32C0xx_HAL_Driver/Inc/stm32c0xx_hal.h:30,
                 from ../Core/Inc/main.h:30,
                 from ../Core/Src/main.c:20:
../Drivers/STM32C0xx_HAL_Driver/Inc/stm32c0xx_hal_gpio.h:325:19: note: declared here
  325 | void              HAL_GPIO_WritePin(GPIO_TypeDef *GPIOx, uint16_t GPIO_Pin, GPIO_PinState PinState);
      |                   ^~~~~~~~~~~~~~~~~
../Core/Src/main.c:147:25: error: too few arguments to function 'HAL_GPIO_WritePin'
  147 |                         HAL_GPIO_WritePin(MS_PORT[1], RESET);
      |                         ^~~~~~~~~~~~~~~~~
In file included from ../Core/Inc/stm32c0xx_hal_conf.h:172,
                 from ../Drivers/STM32C0xx_HAL_Driver/Inc/stm32c0xx_hal.h:30,
                 from ../Core/Inc/main.h:30,
                 from ../Core/Src/main.c:20:
../Drivers/STM32C0xx_HAL_Driver/Inc/stm32c0xx_hal_gpio.h:325:19: note: declared here
  325 | void              HAL_GPIO_WritePin(GPIO_TypeDef *GPIOx, uint16_t GPIO_Pin, GPIO_PinState PinState);
      |                   ^~~~~~~~~~~~~~~~~
../Core/Src/main.c:148:25: error: too few arguments to function 'HAL_GPIO_WritePin'
  148 |                         HAL_GPIO_WritePin(MS_PORT[2], RESET);
      |                         ^~~~~~~~~~~~~~~~~
In file included from ../Core/Inc/stm32c0xx_hal_conf.h:172,
                 from ../Drivers/STM32C0xx_HAL_Driver/Inc/stm32c0xx_hal.h:30,
                 from ../Core/Inc/main.h:30,
                 from ../Core/Src/main.c:20:
../Drivers/STM32C0xx_HAL_Driver/Inc/stm32c0xx_hal_gpio.h:325:19: note: declared here
  325 | void              HAL_GPIO_WritePin(GPIO_TypeDef *GPIOx, uint16_t GPIO_Pin, GPIO_PinState PinState);
      |                   ^~~~~~~~~~~~~~~~~
../Core/Src/main.c: In function 'main':
../Core/Src/main.c:276:87: error: 'step_reso' undeclared (first use in this function)
  276 |         Stepper_Init(&stepper, GPIOA, GPIO_PIN_1, GPIOA, GPIO_PIN_0, ms_port, ms_pin, step_reso);
      |                                                                                       ^~~~~~~~~
make: *** [Core/Src/subdir.mk:34: Core/Src/main.o] Error 1
"make -j12 all" terminated with exit code 2. Build might be incomplete.
10:21:58 **** Incremental Build of configuration Debug for project stepper_lib_test ****
make -j12 all 
arm-none-eabi-gcc "../Core/Src/main.c" -mcpu=cortex-m0plus -std=gnu11 -g3 -DDEBUG -DUSE_HAL_DRIVER -DSTM32C031xx -c -I../Core/Inc -I../Drivers/STM32C0xx_HAL_Driver/Inc -I../Drivers/STM32C0xx_HAL_Driver/Inc/Legacy -I../Drivers/CMSIS/Device/ST/STM32C0xx/Include -I../Drivers/CMSIS/Include -O0 -ffunction-sections -fdata-sections -Wall -fstack-usage -fcyclomatic-complexity -MMD -MP -MF"Core/Src/main.d" -MT"Core/Src/main.o" --specs=nano.specs -mfloat-abi=soft -mthumb -o "Core/Src/main.o"
../Core/Src/main.c: In function 'Stepper_Init':
../Core/Src/main.c:107:9: error: 'STEP_PORT' undeclared (first use in this function)
  107 |         STEP_PORT = step_port;
      |         ^~~~~~~~~
../Core/Src/main.c:107:9: note: each undeclared identifier is reported only once for each function it appears in
../Core/Src/main.c:108:9: error: 'STEP_PIN' undeclared (first use in this function)
  108 |         STEP_PIN = step_pin;
      |         ^~~~~~~~
../Core/Src/main.c:109:9: error: 'DIR_PORT' undeclared (first use in this function)
  109 |         DIR_PORT = dir_port;
      |         ^~~~~~~~
../Core/Src/main.c:110:9: error: 'DIR_PIN' undeclared (first use in this function)
  110 |         DIR_PIN = dir_pin;
      |         ^~~~~~~
../Core/Src/main.c:113:17: error: 'MS_PORT' undeclared (first use in this function)
  113 |                 MS_PORT[i] = ms_port[i];
      |                 ^~~~~~~
../Core/Src/main.c:114:17: error: 'MS_PIN' undeclared (first use in this function)
  114 |                 MS_PIN[i] = ms_pin[i];
      |                 ^~~~~~
../Core/Src/main.c:121:25: error: too few arguments to function 'HAL_GPIO_WritePin'
  121 |                         HAL_GPIO_WritePin(MS_PORT[0], RESET);
      |                         ^~~~~~~~~~~~~~~~~
In file included from ../Core/Inc/stm32c0xx_hal_conf.h:172,
                 from ../Drivers/STM32C0xx_HAL_Driver/Inc/stm32c0xx_hal.h:30,
                 from ../Core/Inc/main.h:30,
                 from ../Core/Src/main.c:20:
../Drivers/STM32C0xx_HAL_Driver/Inc/stm32c0xx_hal_gpio.h:325:19: note: declared here
  325 | void              HAL_GPIO_WritePin(GPIO_TypeDef *GPIOx, uint16_t GPIO_Pin, GPIO_PinState PinState);
      |                   ^~~~~~~~~~~~~~~~~
../Core/Src/main.c:122:25: error: too few arguments to function 'HAL_GPIO_WritePin'
  122 |                         HAL_GPIO_WritePin(MS_PORT[1], RESET);
      |                         ^~~~~~~~~~~~~~~~~
In file included from ../Core/Inc/stm32c0xx_hal_conf.h:172,
                 from ../Drivers/STM32C0xx_HAL_Driver/Inc/stm32c0xx_hal.h:30,
                 from ../Core/Inc/main.h:30,
                 from ../Core/Src/main.c:20:
../Drivers/STM32C0xx_HAL_Driver/Inc/stm32c0xx_hal_gpio.h:325:19: note: declared here
  325 | void              HAL_GPIO_WritePin(GPIO_TypeDef *GPIOx, uint16_t GPIO_Pin, GPIO_PinState PinState);
      |                   ^~~~~~~~~~~~~~~~~
../Core/Src/main.c:123:25: error: too few arguments to function 'HAL_GPIO_WritePin'
  123 |                         HAL_GPIO_WritePin(MS_PORT[2], RESET);
      |                         ^~~~~~~~~~~~~~~~~
In file included from ../Core/Inc/stm32c0xx_hal_conf.h:172,
                 from ../Drivers/STM32C0xx_HAL_Driver/Inc/stm32c0xx_hal.h:30,
                 from ../Core/Inc/main.h:30,
                 from ../Core/Src/main.c:20:
../Drivers/STM32C0xx_HAL_Driver/Inc/stm32c0xx_hal_gpio.h:325:19: note: declared here
  325 | void              HAL_GPIO_WritePin(GPIO_TypeDef *GPIOx, uint16_t GPIO_Pin, GPIO_PinState PinState);
      |                   ^~~~~~~~~~~~~~~~~
../Core/Src/main.c:126:25: error: too few arguments to function 'HAL_GPIO_WritePin'
  126 |                         HAL_GPIO_WritePin(MS_PORT[0], SET);
      |                         ^~~~~~~~~~~~~~~~~
In file included from ../Core/Inc/stm32c0xx_hal_conf.h:172,
                 from ../Drivers/STM32C0xx_HAL_Driver/Inc/stm32c0xx_hal.h:30,
                 from ../Core/Inc/main.h:30,
                 from ../Core/Src/main.c:20:
../Drivers/STM32C0xx_HAL_Driver/Inc/stm32c0xx_hal_gpio.h:325:19: note: declared here
  325 | void              HAL_GPIO_WritePin(GPIO_TypeDef *GPIOx, uint16_t GPIO_Pin, GPIO_PinState PinState);
      |                   ^~~~~~~~~~~~~~~~~
../Core/Src/main.c:127:25: error: too few arguments to function 'HAL_GPIO_WritePin'
  127 |                         HAL_GPIO_WritePin(MS_PORT[1], RESET);
      |                         ^~~~~~~~~~~~~~~~~
In file included from ../Core/Inc/stm32c0xx_hal_conf.h:172,
                 from ../Drivers/STM32C0xx_HAL_Driver/Inc/stm32c0xx_hal.h:30,
                 from ../Core/Inc/main.h:30,
                 from ../Core/Src/main.c:20:
../Drivers/STM32C0xx_HAL_Driver/Inc/stm32c0xx_hal_gpio.h:325:19: note: declared here
  325 | void              HAL_GPIO_WritePin(GPIO_TypeDef *GPIOx, uint16_t GPIO_Pin, GPIO_PinState PinState);
      |                   ^~~~~~~~~~~~~~~~~
../Core/Src/main.c:128:25: error: too few arguments to function 'HAL_GPIO_WritePin'
  128 |                         HAL_GPIO_WritePin(MS_PORT[2], RESET);
      |                         ^~~~~~~~~~~~~~~~~
In file included from ../Core/Inc/stm32c0xx_hal_conf.h:172,
                 from ../Drivers/STM32C0xx_HAL_Driver/Inc/stm32c0xx_hal.h:30,
                 from ../Core/Inc/main.h:30,
                 from ../Core/Src/main.c:20:
../Drivers/STM32C0xx_HAL_Driver/Inc/stm32c0xx_hal_gpio.h:325:19: note: declared here
  325 | void              HAL_GPIO_WritePin(GPIO_TypeDef *GPIOx, uint16_t GPIO_Pin, GPIO_PinState PinState);
      |                   ^~~~~~~~~~~~~~~~~
../Core/Src/main.c:131:25: error: too few arguments to function 'HAL_GPIO_WritePin'
  131 |                         HAL_GPIO_WritePin(MS_PORT[0], RESET);
      |                         ^~~~~~~~~~~~~~~~~
In file included from ../Core/Inc/stm32c0xx_hal_conf.h:172,
                 from ../Drivers/STM32C0xx_HAL_Driver/Inc/stm32c0xx_hal.h:30,
                 from ../Core/Inc/main.h:30,
                 from ../Core/Src/main.c:20:
../Drivers/STM32C0xx_HAL_Driver/Inc/stm32c0xx_hal_gpio.h:325:19: note: declared here
  325 | void              HAL_GPIO_WritePin(GPIO_TypeDef *GPIOx, uint16_t GPIO_Pin, GPIO_PinState PinState);
      |                   ^~~~~~~~~~~~~~~~~
../Core/Src/main.c:132:25: error: too few arguments to function 'HAL_GPIO_WritePin'
  132 |                         HAL_GPIO_WritePin(MS_PORT[1], SET);
      |                         ^~~~~~~~~~~~~~~~~
In file included from ../Core/Inc/stm32c0xx_hal_conf.h:172,
                 from ../Drivers/STM32C0xx_HAL_Driver/Inc/stm32c0xx_hal.h:30,
                 from ../Core/Inc/main.h:30,
                 from ../Core/Src/main.c:20:
../Drivers/STM32C0xx_HAL_Driver/Inc/stm32c0xx_hal_gpio.h:325:19: note: declared here
  325 | void              HAL_GPIO_WritePin(GPIO_TypeDef *GPIOx, uint16_t GPIO_Pin, GPIO_PinState PinState);
      |                   ^~~~~~~~~~~~~~~~~
../Core/Src/main.c:133:25: error: too few arguments to function 'HAL_GPIO_WritePin'
  133 |                         HAL_GPIO_WritePin(MS_PORT[2], RESET);
      |                         ^~~~~~~~~~~~~~~~~
In file included from ../Core/Inc/stm32c0xx_hal_conf.h:172,
                 from ../Drivers/STM32C0xx_HAL_Driver/Inc/stm32c0xx_hal.h:30,
                 from ../Core/Inc/main.h:30,
                 from ../Core/Src/main.c:20:
../Drivers/STM32C0xx_HAL_Driver/Inc/stm32c0xx_hal_gpio.h:325:19: note: declared here
  325 | void              HAL_GPIO_WritePin(GPIO_TypeDef *GPIOx, uint16_t GPIO_Pin, GPIO_PinState PinState);
      |                   ^~~~~~~~~~~~~~~~~
../Core/Src/main.c:136:25: error: too few arguments to function 'HAL_GPIO_WritePin'
  136 |                         HAL_GPIO_WritePin(MS_PORT[0], SET);
      |                         ^~~~~~~~~~~~~~~~~
In file included from ../Core/Inc/stm32c0xx_hal_conf.h:172,
                 from ../Drivers/STM32C0xx_HAL_Driver/Inc/stm32c0xx_hal.h:30,
                 from ../Core/Inc/main.h:30,
                 from ../Core/Src/main.c:20:
../Drivers/STM32C0xx_HAL_Driver/Inc/stm32c0xx_hal_gpio.h:325:19: note: declared here
  325 | void              HAL_GPIO_WritePin(GPIO_TypeDef *GPIOx, uint16_t GPIO_Pin, GPIO_PinState PinState);
      |                   ^~~~~~~~~~~~~~~~~
../Core/Src/main.c:137:25: error: too few arguments to function 'HAL_GPIO_WritePin'
  137 |                         HAL_GPIO_WritePin(MS_PORT[1], SET);
      |                         ^~~~~~~~~~~~~~~~~
In file included from ../Core/Inc/stm32c0xx_hal_conf.h:172,
                 from ../Drivers/STM32C0xx_HAL_Driver/Inc/stm32c0xx_hal.h:30,
                 from ../Core/Inc/main.h:30,
                 from ../Core/Src/main.c:20:
../Drivers/STM32C0xx_HAL_Driver/Inc/stm32c0xx_hal_gpio.h:325:19: note: declared here
  325 | void              HAL_GPIO_WritePin(GPIO_TypeDef *GPIOx, uint16_t GPIO_Pin, GPIO_PinState PinState);
      |                   ^~~~~~~~~~~~~~~~~
../Core/Src/main.c:138:25: error: too few arguments to function 'HAL_GPIO_WritePin'
  138 |                         HAL_GPIO_WritePin(MS_PORT[2], RESET);
      |                         ^~~~~~~~~~~~~~~~~
In file included from ../Core/Inc/stm32c0xx_hal_conf.h:172,
                 from ../Drivers/STM32C0xx_HAL_Driver/Inc/stm32c0xx_hal.h:30,
                 from ../Core/Inc/main.h:30,
                 from ../Core/Src/main.c:20:
../Drivers/STM32C0xx_HAL_Driver/Inc/stm32c0xx_hal_gpio.h:325:19: note: declared here
  325 | void              HAL_GPIO_WritePin(GPIO_TypeDef *GPIOx, uint16_t GPIO_Pin, GPIO_PinState PinState);
      |                   ^~~~~~~~~~~~~~~~~
../Core/Src/main.c:141:25: error: too few arguments to function 'HAL_GPIO_WritePin'
  141 |                         HAL_GPIO_WritePin(MS_PORT[0], SET);
      |                         ^~~~~~~~~~~~~~~~~
In file included from ../Core/Inc/stm32c0xx_hal_conf.h:172,
                 from ../Drivers/STM32C0xx_HAL_Driver/Inc/stm32c0xx_hal.h:30,
                 from ../Core/Inc/main.h:30,
                 from ../Core/Src/main.c:20:
../Drivers/STM32C0xx_HAL_Driver/Inc/stm32c0xx_hal_gpio.h:325:19: note: declared here
  325 | void              HAL_GPIO_WritePin(GPIO_TypeDef *GPIOx, uint16_t GPIO_Pin, GPIO_PinState PinState);
      |                   ^~~~~~~~~~~~~~~~~
../Core/Src/main.c:142:25: error: too few arguments to function 'HAL_GPIO_WritePin'
  142 |                         HAL_GPIO_WritePin(MS_PORT[1], SET);
      |                         ^~~~~~~~~~~~~~~~~
In file included from ../Core/Inc/stm32c0xx_hal_conf.h:172,
                 from ../Drivers/STM32C0xx_HAL_Driver/Inc/stm32c0xx_hal.h:30,
                 from ../Core/Inc/main.h:30,
                 from ../Core/Src/main.c:20:
../Drivers/STM32C0xx_HAL_Driver/Inc/stm32c0xx_hal_gpio.h:325:19: note: declared here
  325 | void              HAL_GPIO_WritePin(GPIO_TypeDef *GPIOx, uint16_t GPIO_Pin, GPIO_PinState PinState);
      |                   ^~~~~~~~~~~~~~~~~
../Core/Src/main.c:143:25: error: too few arguments to function 'HAL_GPIO_WritePin'
  143 |                         HAL_GPIO_WritePin(MS_PORT[2], SET);
      |                         ^~~~~~~~~~~~~~~~~
In file included from ../Core/Inc/stm32c0xx_hal_conf.h:172,
                 from ../Drivers/STM32C0xx_HAL_Driver/Inc/stm32c0xx_hal.h:30,
                 from ../Core/Inc/main.h:30,
                 from ../Core/Src/main.c:20:
../Drivers/STM32C0xx_HAL_Driver/Inc/stm32c0xx_hal_gpio.h:325:19: note: declared here
  325 | void              HAL_GPIO_WritePin(GPIO_TypeDef *GPIOx, uint16_t GPIO_Pin, GPIO_PinState PinState);
      |                   ^~~~~~~~~~~~~~~~~
../Core/Src/main.c:146:25: error: too few arguments to function 'HAL_GPIO_WritePin'
  146 |                         HAL_GPIO_WritePin(MS_PORT[0], RESET);
      |                         ^~~~~~~~~~~~~~~~~
In file included from ../Core/Inc/stm32c0xx_hal_conf.h:172,
                 from ../Drivers/STM32C0xx_HAL_Driver/Inc/stm32c0xx_hal.h:30,
                 from ../Core/Inc/main.h:30,
                 from ../Core/Src/main.c:20:
../Drivers/STM32C0xx_HAL_Driver/Inc/stm32c0xx_hal_gpio.h:325:19: note: declared here
  325 | void              HAL_GPIO_WritePin(GPIO_TypeDef *GPIOx, uint16_t GPIO_Pin, GPIO_PinState PinState);
      |                   ^~~~~~~~~~~~~~~~~
../Core/Src/main.c:147:25: error: too few arguments to function 'HAL_GPIO_WritePin'
  147 |                         HAL_GPIO_WritePin(MS_PORT[1], RESET);
      |                         ^~~~~~~~~~~~~~~~~
In file included from ../Core/Inc/stm32c0xx_hal_conf.h:172,
                 from ../Drivers/STM32C0xx_HAL_Driver/Inc/stm32c0xx_hal.h:30,
                 from ../Core/Inc/main.h:30,
                 from ../Core/Src/main.c:20:
../Drivers/STM32C0xx_HAL_Driver/Inc/stm32c0xx_hal_gpio.h:325:19: note: declared here
  325 | void              HAL_GPIO_WritePin(GPIO_TypeDef *GPIOx, uint16_t GPIO_Pin, GPIO_PinState PinState);
      |                   ^~~~~~~~~~~~~~~~~
../Core/Src/main.c:148:25: error: too few arguments to function 'HAL_GPIO_WritePin'
  148 |                         HAL_GPIO_WritePin(MS_PORT[2], RESET);
      |                         ^~~~~~~~~~~~~~~~~
In file included from ../Core/Inc/stm32c0xx_hal_conf.h:172,
                 from ../Drivers/STM32C0xx_HAL_Driver/Inc/stm32c0xx_hal.h:30,
                 from ../Core/Inc/main.h:30,
                 from ../Core/Src/main.c:20:
../Drivers/STM32C0xx_HAL_Driver/Inc/stm32c0xx_hal_gpio.h:325:19: note: declared here
  325 | void              HAL_GPIO_WritePin(GPIO_TypeDef *GPIOx, uint16_t GPIO_Pin, GPIO_PinState PinState);
      |                   ^~~~~~~~~~~~~~~~~
make: *** [Core/Src/subdir.mk:34: Core/Src/main.o] Error 1
"make -j12 all" terminated with exit code 2. Build might be incomplete.
10:24:35 **** Incremental Build of configuration Debug for project stepper_lib_test ****
make -j12 all 
arm-none-eabi-gcc "../Core/Src/main.c" -mcpu=cortex-m0plus -std=gnu11 -g3 -DDEBUG -DUSE_HAL_DRIVER -DSTM32C031xx -c -I../Core/Inc -I../Drivers/STM32C0xx_HAL_Driver/Inc -I../Drivers/STM32C0xx_HAL_Driver/Inc/Legacy -I../Drivers/CMSIS/Device/ST/STM32C0xx/Include -I../Drivers/CMSIS/Include -O0 -ffunction-sections -fdata-sections -Wall -fstack-usage -fcyclomatic-complexity -MMD -MP -MF"Core/Src/main.d" -MT"Core/Src/main.o" --specs=nano.specs -mfloat-abi=soft -mthumb -o "Core/Src/main.o"
../Core/Src/main.c: In function 'Stepper_Init':
../Core/Src/main.c:121:25: error: too few arguments to function 'HAL_GPIO_WritePin'
  121 |                         HAL_GPIO_WritePin(motor->MS_PORT[0], RESET);
      |                         ^~~~~~~~~~~~~~~~~
In file included from ../Core/Inc/stm32c0xx_hal_conf.h:172,
                 from ../Drivers/STM32C0xx_HAL_Driver/Inc/stm32c0xx_hal.h:30,
                 from ../Core/Inc/main.h:30,
                 from ../Core/Src/main.c:20:
../Drivers/STM32C0xx_HAL_Driver/Inc/stm32c0xx_hal_gpio.h:325:19: note: declared here
  325 | void              HAL_GPIO_WritePin(GPIO_TypeDef *GPIOx, uint16_t GPIO_Pin, GPIO_PinState PinState);
      |                   ^~~~~~~~~~~~~~~~~
../Core/Src/main.c:122:25: error: too few arguments to function 'HAL_GPIO_WritePin'
  122 |                         HAL_GPIO_WritePin(motor->MS_PORT[1], RESET);
      |                         ^~~~~~~~~~~~~~~~~
In file included from ../Core/Inc/stm32c0xx_hal_conf.h:172,
                 from ../Drivers/STM32C0xx_HAL_Driver/Inc/stm32c0xx_hal.h:30,
                 from ../Core/Inc/main.h:30,
                 from ../Core/Src/main.c:20:
../Drivers/STM32C0xx_HAL_Driver/Inc/stm32c0xx_hal_gpio.h:325:19: note: declared here
  325 | void              HAL_GPIO_WritePin(GPIO_TypeDef *GPIOx, uint16_t GPIO_Pin, GPIO_PinState PinState);
      |                   ^~~~~~~~~~~~~~~~~
../Core/Src/main.c:123:25: error: too few arguments to function 'HAL_GPIO_WritePin'
  123 |                         HAL_GPIO_WritePin(motor->MS_PORT[2], RESET);
      |                         ^~~~~~~~~~~~~~~~~
In file included from ../Core/Inc/stm32c0xx_hal_conf.h:172,
                 from ../Drivers/STM32C0xx_HAL_Driver/Inc/stm32c0xx_hal.h:30,
                 from ../Core/Inc/main.h:30,
                 from ../Core/Src/main.c:20:
../Drivers/STM32C0xx_HAL_Driver/Inc/stm32c0xx_hal_gpio.h:325:19: note: declared here
  325 | void              HAL_GPIO_WritePin(GPIO_TypeDef *GPIOx, uint16_t GPIO_Pin, GPIO_PinState PinState);
      |                   ^~~~~~~~~~~~~~~~~
../Core/Src/main.c:126:25: error: too few arguments to function 'HAL_GPIO_WritePin'
  126 |                         HAL_GPIO_WritePin(motor->MS_PORT[0], SET);
      |                         ^~~~~~~~~~~~~~~~~
In file included from ../Core/Inc/stm32c0xx_hal_conf.h:172,
                 from ../Drivers/STM32C0xx_HAL_Driver/Inc/stm32c0xx_hal.h:30,
                 from ../Core/Inc/main.h:30,
                 from ../Core/Src/main.c:20:
../Drivers/STM32C0xx_HAL_Driver/Inc/stm32c0xx_hal_gpio.h:325:19: note: declared here
  325 | void              HAL_GPIO_WritePin(GPIO_TypeDef *GPIOx, uint16_t GPIO_Pin, GPIO_PinState PinState);
      |                   ^~~~~~~~~~~~~~~~~
../Core/Src/main.c:127:25: error: too few arguments to function 'HAL_GPIO_WritePin'
  127 |                         HAL_GPIO_WritePin(motor->MS_PORT[1], RESET);
      |                         ^~~~~~~~~~~~~~~~~
In file included from ../Core/Inc/stm32c0xx_hal_conf.h:172,
                 from ../Drivers/STM32C0xx_HAL_Driver/Inc/stm32c0xx_hal.h:30,
                 from ../Core/Inc/main.h:30,
                 from ../Core/Src/main.c:20:
../Drivers/STM32C0xx_HAL_Driver/Inc/stm32c0xx_hal_gpio.h:325:19: note: declared here
  325 | void              HAL_GPIO_WritePin(GPIO_TypeDef *GPIOx, uint16_t GPIO_Pin, GPIO_PinState PinState);
      |                   ^~~~~~~~~~~~~~~~~
../Core/Src/main.c:128:25: error: too few arguments to function 'HAL_GPIO_WritePin'
  128 |                         HAL_GPIO_WritePin(motor->MS_PORT[2], RESET);
      |                         ^~~~~~~~~~~~~~~~~
In file included from ../Core/Inc/stm32c0xx_hal_conf.h:172,
                 from ../Drivers/STM32C0xx_HAL_Driver/Inc/stm32c0xx_hal.h:30,
                 from ../Core/Inc/main.h:30,
                 from ../Core/Src/main.c:20:
../Drivers/STM32C0xx_HAL_Driver/Inc/stm32c0xx_hal_gpio.h:325:19: note: declared here
  325 | void              HAL_GPIO_WritePin(GPIO_TypeDef *GPIOx, uint16_t GPIO_Pin, GPIO_PinState PinState);
      |                   ^~~~~~~~~~~~~~~~~
../Core/Src/main.c:131:25: error: too few arguments to function 'HAL_GPIO_WritePin'
  131 |                         HAL_GPIO_WritePin(motor->MS_PORT[0], RESET);
      |                         ^~~~~~~~~~~~~~~~~
In file included from ../Core/Inc/stm32c0xx_hal_conf.h:172,
                 from ../Drivers/STM32C0xx_HAL_Driver/Inc/stm32c0xx_hal.h:30,
                 from ../Core/Inc/main.h:30,
                 from ../Core/Src/main.c:20:
../Drivers/STM32C0xx_HAL_Driver/Inc/stm32c0xx_hal_gpio.h:325:19: note: declared here
  325 | void              HAL_GPIO_WritePin(GPIO_TypeDef *GPIOx, uint16_t GPIO_Pin, GPIO_PinState PinState);
      |                   ^~~~~~~~~~~~~~~~~
../Core/Src/main.c:132:25: error: too few arguments to function 'HAL_GPIO_WritePin'
  132 |                         HAL_GPIO_WritePin(motor->MS_PORT[1], SET);
      |                         ^~~~~~~~~~~~~~~~~
In file included from ../Core/Inc/stm32c0xx_hal_conf.h:172,
                 from ../Drivers/STM32C0xx_HAL_Driver/Inc/stm32c0xx_hal.h:30,
                 from ../Core/Inc/main.h:30,
                 from ../Core/Src/main.c:20:
../Drivers/STM32C0xx_HAL_Driver/Inc/stm32c0xx_hal_gpio.h:325:19: note: declared here
  325 | void              HAL_GPIO_WritePin(GPIO_TypeDef *GPIOx, uint16_t GPIO_Pin, GPIO_PinState PinState);
      |                   ^~~~~~~~~~~~~~~~~
../Core/Src/main.c:133:25: error: too few arguments to function 'HAL_GPIO_WritePin'
  133 |                         HAL_GPIO_WritePin(motor->MS_PORT[2], RESET);
      |                         ^~~~~~~~~~~~~~~~~
In file included from ../Core/Inc/stm32c0xx_hal_conf.h:172,
                 from ../Drivers/STM32C0xx_HAL_Driver/Inc/stm32c0xx_hal.h:30,
                 from ../Core/Inc/main.h:30,
                 from ../Core/Src/main.c:20:
../Drivers/STM32C0xx_HAL_Driver/Inc/stm32c0xx_hal_gpio.h:325:19: note: declared here
  325 | void              HAL_GPIO_WritePin(GPIO_TypeDef *GPIOx, uint16_t GPIO_Pin, GPIO_PinState PinState);
      |                   ^~~~~~~~~~~~~~~~~
../Core/Src/main.c:136:25: error: too few arguments to function 'HAL_GPIO_WritePin'
  136 |                         HAL_GPIO_WritePin(motor->MS_PORT[0], SET);
      |                         ^~~~~~~~~~~~~~~~~
In file included from ../Core/Inc/stm32c0xx_hal_conf.h:172,
                 from ../Drivers/STM32C0xx_HAL_Driver/Inc/stm32c0xx_hal.h:30,
                 from ../Core/Inc/main.h:30,
                 from ../Core/Src/main.c:20:
../Drivers/STM32C0xx_HAL_Driver/Inc/stm32c0xx_hal_gpio.h:325:19: note: declared here
  325 | void              HAL_GPIO_WritePin(GPIO_TypeDef *GPIOx, uint16_t GPIO_Pin, GPIO_PinState PinState);
      |                   ^~~~~~~~~~~~~~~~~
../Core/Src/main.c:137:25: error: too few arguments to function 'HAL_GPIO_WritePin'
  137 |                         HAL_GPIO_WritePin(motor->MS_PORT[1], SET);
      |                         ^~~~~~~~~~~~~~~~~
In file included from ../Core/Inc/stm32c0xx_hal_conf.h:172,
                 from ../Drivers/STM32C0xx_HAL_Driver/Inc/stm32c0xx_hal.h:30,
                 from ../Core/Inc/main.h:30,
                 from ../Core/Src/main.c:20:
../Drivers/STM32C0xx_HAL_Driver/Inc/stm32c0xx_hal_gpio.h:325:19: note: declared here
  325 | void              HAL_GPIO_WritePin(GPIO_TypeDef *GPIOx, uint16_t GPIO_Pin, GPIO_PinState PinState);
      |                   ^~~~~~~~~~~~~~~~~
../Core/Src/main.c:138:25: error: too few arguments to function 'HAL_GPIO_WritePin'
  138 |                         HAL_GPIO_WritePin(motor->MS_PORT[2], RESET);
      |                         ^~~~~~~~~~~~~~~~~
In file included from ../Core/Inc/stm32c0xx_hal_conf.h:172,
                 from ../Drivers/STM32C0xx_HAL_Driver/Inc/stm32c0xx_hal.h:30,
                 from ../Core/Inc/main.h:30,
                 from ../Core/Src/main.c:20:
../Drivers/STM32C0xx_HAL_Driver/Inc/stm32c0xx_hal_gpio.h:325:19: note: declared here
  325 | void              HAL_GPIO_WritePin(GPIO_TypeDef *GPIOx, uint16_t GPIO_Pin, GPIO_PinState PinState);
      |                   ^~~~~~~~~~~~~~~~~
../Core/Src/main.c:141:25: error: too few arguments to function 'HAL_GPIO_WritePin'
  141 |                         HAL_GPIO_WritePin(motor->MS_PORT[0], SET);
      |                         ^~~~~~~~~~~~~~~~~
In file included from ../Core/Inc/stm32c0xx_hal_conf.h:172,
                 from ../Drivers/STM32C0xx_HAL_Driver/Inc/stm32c0xx_hal.h:30,
                 from ../Core/Inc/main.h:30,
                 from ../Core/Src/main.c:20:
../Drivers/STM32C0xx_HAL_Driver/Inc/stm32c0xx_hal_gpio.h:325:19: note: declared here
  325 | void              HAL_GPIO_WritePin(GPIO_TypeDef *GPIOx, uint16_t GPIO_Pin, GPIO_PinState PinState);
      |                   ^~~~~~~~~~~~~~~~~
../Core/Src/main.c:142:25: error: too few arguments to function 'HAL_GPIO_WritePin'
  142 |                         HAL_GPIO_WritePin(motor->MS_PORT[1], SET);
      |                         ^~~~~~~~~~~~~~~~~
In file included from ../Core/Inc/stm32c0xx_hal_conf.h:172,
                 from ../Drivers/STM32C0xx_HAL_Driver/Inc/stm32c0xx_hal.h:30,
                 from ../Core/Inc/main.h:30,
                 from ../Core/Src/main.c:20:
../Drivers/STM32C0xx_HAL_Driver/Inc/stm32c0xx_hal_gpio.h:325:19: note: declared here
  325 | void              HAL_GPIO_WritePin(GPIO_TypeDef *GPIOx, uint16_t GPIO_Pin, GPIO_PinState PinState);
      |                   ^~~~~~~~~~~~~~~~~
../Core/Src/main.c:143:25: error: too few arguments to function 'HAL_GPIO_WritePin'
  143 |                         HAL_GPIO_WritePin(motor->MS_PORT[2], SET);
      |                         ^~~~~~~~~~~~~~~~~
In file included from ../Core/Inc/stm32c0xx_hal_conf.h:172,
                 from ../Drivers/STM32C0xx_HAL_Driver/Inc/stm32c0xx_hal.h:30,
                 from ../Core/Inc/main.h:30,
                 from ../Core/Src/main.c:20:
../Drivers/STM32C0xx_HAL_Driver/Inc/stm32c0xx_hal_gpio.h:325:19: note: declared here
  325 | void              HAL_GPIO_WritePin(GPIO_TypeDef *GPIOx, uint16_t GPIO_Pin, GPIO_PinState PinState);
      |                   ^~~~~~~~~~~~~~~~~
../Core/Src/main.c:146:25: error: too few arguments to function 'HAL_GPIO_WritePin'
  146 |                         HAL_GPIO_WritePin(motor->MS_PORT[0], RESET);
      |                         ^~~~~~~~~~~~~~~~~
In file included from ../Core/Inc/stm32c0xx_hal_conf.h:172,
                 from ../Drivers/STM32C0xx_HAL_Driver/Inc/stm32c0xx_hal.h:30,
                 from ../Core/Inc/main.h:30,
                 from ../Core/Src/main.c:20:
../Drivers/STM32C0xx_HAL_Driver/Inc/stm32c0xx_hal_gpio.h:325:19: note: declared here
  325 | void              HAL_GPIO_WritePin(GPIO_TypeDef *GPIOx, uint16_t GPIO_Pin, GPIO_PinState PinState);
      |                   ^~~~~~~~~~~~~~~~~
../Core/Src/main.c:147:25: error: too few arguments to function 'HAL_GPIO_WritePin'
  147 |                         HAL_GPIO_WritePin(motor->MS_PORT[1], RESET);
      |                         ^~~~~~~~~~~~~~~~~
In file included from ../Core/Inc/stm32c0xx_hal_conf.h:172,
                 from ../Drivers/STM32C0xx_HAL_Driver/Inc/stm32c0xx_hal.h:30,
                 from ../Core/Inc/main.h:30,
                 from ../Core/Src/main.c:20:
../Drivers/STM32C0xx_HAL_Driver/Inc/stm32c0xx_hal_gpio.h:325:19: note: declared here
  325 | void              HAL_GPIO_WritePin(GPIO_TypeDef *GPIOx, uint16_t GPIO_Pin, GPIO_PinState PinState);
      |                   ^~~~~~~~~~~~~~~~~
../Core/Src/main.c:148:25: error: too few arguments to function 'HAL_GPIO_WritePin'
  148 |                         HAL_GPIO_WritePin(motor->MS_PORT[2], RESET);
      |                         ^~~~~~~~~~~~~~~~~
In file included from ../Core/Inc/stm32c0xx_hal_conf.h:172,
                 from ../Drivers/STM32C0xx_HAL_Driver/Inc/stm32c0xx_hal.h:30,
                 from ../Core/Inc/main.h:30,
                 from ../Core/Src/main.c:20:
../Drivers/STM32C0xx_HAL_Driver/Inc/stm32c0xx_hal_gpio.h:325:19: note: declared here
  325 | void              HAL_GPIO_WritePin(GPIO_TypeDef *GPIOx, uint16_t GPIO_Pin, GPIO_PinState PinState);
      |                   ^~~~~~~~~~~~~~~~~
make: *** [Core/Src/subdir.mk:34: Core/Src/main.o] Error 1
"make -j12 all" terminated with exit code 2. Build might be incomplete.
10:26:45 **** Incremental Build of configuration Debug for project stepper_lib_test ****
make -j12 all 
arm-none-eabi-gcc "../Core/Src/main.c" -mcpu=cortex-m0plus -std=gnu11 -g3 -DDEBUG -DUSE_HAL_DRIVER -DSTM32C031xx -c -I../Core/Inc -I../Drivers/STM32C0xx_HAL_Driver/Inc -I../Drivers/STM32C0xx_HAL_Driver/Inc/Legacy -I../Drivers/CMSIS/Device/ST/STM32C0xx/Include -I../Drivers/CMSIS/Include -O0 -ffunction-sections -fdata-sections -Wall -fstack-usage -fcyclomatic-complexity -MMD -MP -MF"Core/Src/main.d" -MT"Core/Src/main.o" --specs=nano.specs -mfloat-abi=soft -mthumb -o "Core/Src/main.o"
arm-none-eabi-gcc -o "stepper_lib_test.elf" @"objects.list"   -mcpu=cortex-m0plus -T"C:\Users\choua\STM32CubeIDE\MakeCutter_ST\stepper_lib_test\STM32C031C6TX_FLASH.ld" --specs=nosys.specs -Wl,-Map="stepper_lib_test.map" -Wl,--gc-sections -static --specs=nano.specs -mfloat-abi=soft -mthumb -Wl,--start-group -lc -lm -Wl,--end-group
Finished building target: stepper_lib_test.elf
 
arm-none-eabi-size  stepper_lib_test.elf 
arm-none-eabi-objdump -h -S stepper_lib_test.elf  > "stepper_lib_test.list"
   text	   data	    bss	    dec	    hex	filename
  10656	     20	   2188	  12864	   3240	stepper_lib_test.elf
Finished building: default.size.stdout
 
Finished building: stepper_lib_test.list
 
14:20:31 **** Incremental Build of configuration Debug for project stepper_lib_test ****
make -j12 all 
arm-none-eabi-gcc "../Core/Src/main.c" -mcpu=cortex-m0plus -std=gnu11 -g3 -DDEBUG -DUSE_HAL_DRIVER -DSTM32C031xx -c -I../Core/Inc -I../Drivers/STM32C0xx_HAL_Driver/Inc -I../Drivers/STM32C0xx_HAL_Driver/Inc/Legacy -I../Drivers/CMSIS/Device/ST/STM32C0xx/Include -I../Drivers/CMSIS/Include -O0 -ffunction-sections -fdata-sections -Wall -fstack-usage -fcyclomatic-complexity -MMD -MP -MF"Core/Src/main.d" -MT"Core/Src/main.o" --specs=nano.specs -mfloat-abi=soft -mthumb -o "Core/Src/main.o"
../Core/Src/main.c: In function 'HAL_TIM_PeriodElapsedCallback':
../Core/Src/main.c:524:27: error: invalid type argument of '->' (have 'Stepper_Motor')
  524 |                 if(stepper->time >= Stepper_Current_Interval(&stepper))
      |                           ^~
../Core/Src/main.c:527:32: error: invalid type argument of '->' (have 'Stepper_Motor')
  527 |                         stepper->time = 0;
      |                                ^~
../Core/Src/main.c:531:32: error: invalid type argument of '->' (have 'Stepper_Motor')
  531 |                         stepper->time ++;
      |                                ^~
make: *** [Core/Src/subdir.mk:34: Core/Src/main.o] Error 1
"make -j12 all" terminated with exit code 2. Build might be incomplete.
14:21:06 **** Incremental Build of configuration Debug for project stepper_lib_test ****
make -j12 all 
arm-none-eabi-gcc "../Core/Src/main.c" -mcpu=cortex-m0plus -std=gnu11 -g3 -DDEBUG -DUSE_HAL_DRIVER -DSTM32C031xx -c -I../Core/Inc -I../Drivers/STM32C0xx_HAL_Driver/Inc -I../Drivers/STM32C0xx_HAL_Driver/Inc/Legacy -I../Drivers/CMSIS/Device/ST/STM32C0xx/Include -I../Drivers/CMSIS/Include -O0 -ffunction-sections -fdata-sections -Wall -fstack-usage -fcyclomatic-complexity -MMD -MP -MF"Core/Src/main.d" -MT"Core/Src/main.o" --specs=nano.specs -mfloat-abi=soft -mthumb -o "Core/Src/main.o"
arm-none-eabi-gcc -o "stepper_lib_test.elf" @"objects.list"   -mcpu=cortex-m0plus -T"C:\Users\choua\STM32CubeIDE\MakeCutter_ST\stepper_lib_test\STM32C031C6TX_FLASH.ld" --specs=nosys.specs -Wl,-Map="stepper_lib_test.map" -Wl,--gc-sections -static --specs=nano.specs -mfloat-abi=soft -mthumb -Wl,--start-group -lc -lm -Wl,--end-group
Finished building target: stepper_lib_test.elf
 
arm-none-eabi-size  stepper_lib_test.elf 
arm-none-eabi-objdump -h -S stepper_lib_test.elf  > "stepper_lib_test.list"
   text	   data	    bss	    dec	    hex	filename
  11504	     20	   2180	  13704	   3588	stepper_lib_test.elf
Finished building: default.size.stdout
 
Finished building: stepper_lib_test.list
 
14:31:55 **** Incremental Build of configuration Debug for project stepper_lib_test ****
make -j12 all 
arm-none-eabi-gcc "../Core/Src/main.c" -mcpu=cortex-m0plus -std=gnu11 -g3 -DDEBUG -DUSE_HAL_DRIVER -DSTM32C031xx -c -I../Core/Inc -I../Drivers/STM32C0xx_HAL_Driver/Inc -I../Drivers/STM32C0xx_HAL_Driver/Inc/Legacy -I../Drivers/CMSIS/Device/ST/STM32C0xx/Include -I../Drivers/CMSIS/Include -O0 -ffunction-sections -fdata-sections -Wall -fstack-usage -fcyclomatic-complexity -MMD -MP -MF"Core/Src/main.d" -MT"Core/Src/main.o" --specs=nano.specs -mfloat-abi=soft -mthumb -o "Core/Src/main.o"
arm-none-eabi-gcc -o "stepper_lib_test.elf" @"objects.list"   -mcpu=cortex-m0plus -T"C:\Users\choua\STM32CubeIDE\MakeCutter_ST\stepper_lib_test\STM32C031C6TX_FLASH.ld" --specs=nosys.specs -Wl,-Map="stepper_lib_test.map" -Wl,--gc-sections -static --specs=nano.specs -mfloat-abi=soft -mthumb -Wl,--start-group -lc -lm -Wl,--end-group
Finished building target: stepper_lib_test.elf
 
arm-none-eabi-size  stepper_lib_test.elf 
arm-none-eabi-objdump -h -S stepper_lib_test.elf  > "stepper_lib_test.list"
   text	   data	    bss	    dec	    hex	filename
  11516	     20	   2180	  13716	   3594	stepper_lib_test.elf
Finished building: default.size.stdout
 
Finished building: stepper_lib_test.list
 
14:35:21 **** Incremental Build of configuration Debug for project stepper_lib_test ****
make -j12 all 
arm-none-eabi-gcc "../Core/Src/main.c" -mcpu=cortex-m0plus -std=gnu11 -g3 -DDEBUG -DUSE_HAL_DRIVER -DSTM32C031xx -c -I../Core/Inc -I../Drivers/STM32C0xx_HAL_Driver/Inc -I../Drivers/STM32C0xx_HAL_Driver/Inc/Legacy -I../Drivers/CMSIS/Device/ST/STM32C0xx/Include -I../Drivers/CMSIS/Include -O0 -ffunction-sections -fdata-sections -Wall -fstack-usage -fcyclomatic-complexity -MMD -MP -MF"Core/Src/main.d" -MT"Core/Src/main.o" --specs=nano.specs -mfloat-abi=soft -mthumb -o "Core/Src/main.o"
arm-none-eabi-gcc -o "stepper_lib_test.elf" @"objects.list"   -mcpu=cortex-m0plus -T"C:\Users\choua\STM32CubeIDE\MakeCutter_ST\stepper_lib_test\STM32C031C6TX_FLASH.ld" --specs=nosys.specs -Wl,-Map="stepper_lib_test.map" -Wl,--gc-sections -static --specs=nano.specs -mfloat-abi=soft -mthumb -Wl,--start-group -lc -lm -Wl,--end-group
Finished building target: stepper_lib_test.elf
 
arm-none-eabi-size  stepper_lib_test.elf 
arm-none-eabi-objdump -h -S stepper_lib_test.elf  > "stepper_lib_test.list"
   text	   data	    bss	    dec	    hex	filename
  11516	     20	   2180	  13716	   3594	stepper_lib_test.elf
Finished building: default.size.stdout
 
Finished building: stepper_lib_test.list
 
14:37:27 **** Incremental Build of configuration Debug for project stepper_lib_test ****
make -j12 all 
arm-none-eabi-gcc "../Core/Src/main.c" -mcpu=cortex-m0plus -std=gnu11 -g3 -DDEBUG -DUSE_HAL_DRIVER -DSTM32C031xx -c -I../Core/Inc -I../Drivers/STM32C0xx_HAL_Driver/Inc -I../Drivers/STM32C0xx_HAL_Driver/Inc/Legacy -I../Drivers/CMSIS/Device/ST/STM32C0xx/Include -I../Drivers/CMSIS/Include -O0 -ffunction-sections -fdata-sections -Wall -fstack-usage -fcyclomatic-complexity -MMD -MP -MF"Core/Src/main.d" -MT"Core/Src/main.o" --specs=nano.specs -mfloat-abi=soft -mthumb -o "Core/Src/main.o"
arm-none-eabi-gcc -o "stepper_lib_test.elf" @"objects.list"   -mcpu=cortex-m0plus -T"C:\Users\choua\STM32CubeIDE\MakeCutter_ST\stepper_lib_test\STM32C031C6TX_FLASH.ld" --specs=nosys.specs -Wl,-Map="stepper_lib_test.map" -Wl,--gc-sections -static --specs=nano.specs -mfloat-abi=soft -mthumb -Wl,--start-group -lc -lm -Wl,--end-group
Finished building target: stepper_lib_test.elf
 
arm-none-eabi-size  stepper_lib_test.elf 
arm-none-eabi-objdump -h -S stepper_lib_test.elf  > "stepper_lib_test.list"
   text	   data	    bss	    dec	    hex	filename
  11524	     20	   2180	  13724	   359c	stepper_lib_test.elf
Finished building: default.size.stdout
 
Finished building: stepper_lib_test.list
 
14:41:12 **** Incremental Build of configuration Debug for project stepper_lib_test ****
make -j12 all 
arm-none-eabi-gcc "../Core/Src/main.c" -mcpu=cortex-m0plus -std=gnu11 -g3 -DDEBUG -DUSE_HAL_DRIVER -DSTM32C031xx -c -I../Core/Inc -I../Drivers/STM32C0xx_HAL_Driver/Inc -I../Drivers/STM32C0xx_HAL_Driver/Inc/Legacy -I../Drivers/CMSIS/Device/ST/STM32C0xx/Include -I../Drivers/CMSIS/Include -O0 -ffunction-sections -fdata-sections -Wall -fstack-usage -fcyclomatic-complexity -MMD -MP -MF"Core/Src/main.d" -MT"Core/Src/main.o" --specs=nano.specs -mfloat-abi=soft -mthumb -o "Core/Src/main.o"
arm-none-eabi-gcc -o "stepper_lib_test.elf" @"objects.list"   -mcpu=cortex-m0plus -T"C:\Users\choua\STM32CubeIDE\MakeCutter_ST\stepper_lib_test\STM32C031C6TX_FLASH.ld" --specs=nosys.specs -Wl,-Map="stepper_lib_test.map" -Wl,--gc-sections -static --specs=nano.specs -mfloat-abi=soft -mthumb -Wl,--start-group -lc -lm -Wl,--end-group
Finished building target: stepper_lib_test.elf
 
arm-none-eabi-size  stepper_lib_test.elf 
arm-none-eabi-objdump -h -S stepper_lib_test.elf  > "stepper_lib_test.list"
   text	   data	    bss	    dec	    hex	filename
  11540	     20	   2188	  13748	   35b4	stepper_lib_test.elf
Finished building: default.size.stdout
 
Finished building: stepper_lib_test.list
 
14:43:12 **** Incremental Build of configuration Debug for project stepper_lib_test ****
make -j12 all 
arm-none-eabi-gcc "../Core/Src/main.c" -mcpu=cortex-m0plus -std=gnu11 -g3 -DDEBUG -DUSE_HAL_DRIVER -DSTM32C031xx -c -I../Core/Inc -I../Drivers/STM32C0xx_HAL_Driver/Inc -I../Drivers/STM32C0xx_HAL_Driver/Inc/Legacy -I../Drivers/CMSIS/Device/ST/STM32C0xx/Include -I../Drivers/CMSIS/Include -O0 -ffunction-sections -fdata-sections -Wall -fstack-usage -fcyclomatic-complexity -MMD -MP -MF"Core/Src/main.d" -MT"Core/Src/main.o" --specs=nano.specs -mfloat-abi=soft -mthumb -o "Core/Src/main.o"
arm-none-eabi-gcc -o "stepper_lib_test.elf" @"objects.list"   -mcpu=cortex-m0plus -T"C:\Users\choua\STM32CubeIDE\MakeCutter_ST\stepper_lib_test\STM32C031C6TX_FLASH.ld" --specs=nosys.specs -Wl,-Map="stepper_lib_test.map" -Wl,--gc-sections -static --specs=nano.specs -mfloat-abi=soft -mthumb -Wl,--start-group -lc -lm -Wl,--end-group
Finished building target: stepper_lib_test.elf
 
arm-none-eabi-size  stepper_lib_test.elf 
arm-none-eabi-objdump -h -S stepper_lib_test.elf  > "stepper_lib_test.list"
   text	   data	    bss	    dec	    hex	filename
  11524	     20	   2180	  13724	   359c	stepper_lib_test.elf
Finished building: default.size.stdout
 
Finished building: stepper_lib_test.list
 
14:44:04 **** Incremental Build of configuration Debug for project stepper_lib_test ****
make -j12 all 
arm-none-eabi-gcc "../Core/Src/main.c" -mcpu=cortex-m0plus -std=gnu11 -g3 -DDEBUG -DUSE_HAL_DRIVER -DSTM32C031xx -c -I../Core/Inc -I../Drivers/STM32C0xx_HAL_Driver/Inc -I../Drivers/STM32C0xx_HAL_Driver/Inc/Legacy -I../Drivers/CMSIS/Device/ST/STM32C0xx/Include -I../Drivers/CMSIS/Include -O0 -ffunction-sections -fdata-sections -Wall -fstack-usage -fcyclomatic-complexity -MMD -MP -MF"Core/Src/main.d" -MT"Core/Src/main.o" --specs=nano.specs -mfloat-abi=soft -mthumb -o "Core/Src/main.o"
arm-none-eabi-gcc -o "stepper_lib_test.elf" @"objects.list"   -mcpu=cortex-m0plus -T"C:\Users\choua\STM32CubeIDE\MakeCutter_ST\stepper_lib_test\STM32C031C6TX_FLASH.ld" --specs=nosys.specs -Wl,-Map="stepper_lib_test.map" -Wl,--gc-sections -static --specs=nano.specs -mfloat-abi=soft -mthumb -Wl,--start-group -lc -lm -Wl,--end-group
Finished building target: stepper_lib_test.elf
 
arm-none-eabi-size  stepper_lib_test.elf 
arm-none-eabi-objdump -h -S stepper_lib_test.elf  > "stepper_lib_test.list"
   text	   data	    bss	    dec	    hex	filename
  11516	     20	   2180	  13716	   3594	stepper_lib_test.elf
Finished building: default.size.stdout
 
Finished building: stepper_lib_test.list
 
14:45:43 **** Incremental Build of configuration Debug for project stepper_lib_test ****
make -j12 all 
arm-none-eabi-gcc "../Core/Src/main.c" -mcpu=cortex-m0plus -std=gnu11 -g3 -DDEBUG -DUSE_HAL_DRIVER -DSTM32C031xx -c -I../Core/Inc -I../Drivers/STM32C0xx_HAL_Driver/Inc -I../Drivers/STM32C0xx_HAL_Driver/Inc/Legacy -I../Drivers/CMSIS/Device/ST/STM32C0xx/Include -I../Drivers/CMSIS/Include -O0 -ffunction-sections -fdata-sections -Wall -fstack-usage -fcyclomatic-complexity -MMD -MP -MF"Core/Src/main.d" -MT"Core/Src/main.o" --specs=nano.specs -mfloat-abi=soft -mthumb -o "Core/Src/main.o"
arm-none-eabi-gcc -o "stepper_lib_test.elf" @"objects.list"   -mcpu=cortex-m0plus -T"C:\Users\choua\STM32CubeIDE\MakeCutter_ST\stepper_lib_test\STM32C031C6TX_FLASH.ld" --specs=nosys.specs -Wl,-Map="stepper_lib_test.map" -Wl,--gc-sections -static --specs=nano.specs -mfloat-abi=soft -mthumb -Wl,--start-group -lc -lm -Wl,--end-group
Finished building target: stepper_lib_test.elf
 
arm-none-eabi-size  stepper_lib_test.elf 
arm-none-eabi-objdump -h -S stepper_lib_test.elf  > "stepper_lib_test.list"
   text	   data	    bss	    dec	    hex	filename
  11528	     20	   2188	  13736	   35a8	stepper_lib_test.elf
Finished building: default.size.stdout
 
Finished building: stepper_lib_test.list
 
14:46:26 **** Incremental Build of configuration Debug for project stepper_lib_test ****
make -j12 all 
arm-none-eabi-gcc "../Core/Src/main.c" -mcpu=cortex-m0plus -std=gnu11 -g3 -DDEBUG -DUSE_HAL_DRIVER -DSTM32C031xx -c -I../Core/Inc -I../Drivers/STM32C0xx_HAL_Driver/Inc -I../Drivers/STM32C0xx_HAL_Driver/Inc/Legacy -I../Drivers/CMSIS/Device/ST/STM32C0xx/Include -I../Drivers/CMSIS/Include -O0 -ffunction-sections -fdata-sections -Wall -fstack-usage -fcyclomatic-complexity -MMD -MP -MF"Core/Src/main.d" -MT"Core/Src/main.o" --specs=nano.specs -mfloat-abi=soft -mthumb -o "Core/Src/main.o"
arm-none-eabi-gcc -o "stepper_lib_test.elf" @"objects.list"   -mcpu=cortex-m0plus -T"C:\Users\choua\STM32CubeIDE\MakeCutter_ST\stepper_lib_test\STM32C031C6TX_FLASH.ld" --specs=nosys.specs -Wl,-Map="stepper_lib_test.map" -Wl,--gc-sections -static --specs=nano.specs -mfloat-abi=soft -mthumb -Wl,--start-group -lc -lm -Wl,--end-group
Finished building target: stepper_lib_test.elf
 
arm-none-eabi-size  stepper_lib_test.elf 
arm-none-eabi-objdump -h -S stepper_lib_test.elf  > "stepper_lib_test.list"
   text	   data	    bss	    dec	    hex	filename
  11532	     20	   2188	  13740	   35ac	stepper_lib_test.elf
Finished building: default.size.stdout
 
Finished building: stepper_lib_test.list
 
14:47:20 **** Incremental Build of configuration Debug for project stepper_lib_test ****
make -j12 all 
arm-none-eabi-gcc "../Core/Src/main.c" -mcpu=cortex-m0plus -std=gnu11 -g3 -DDEBUG -DUSE_HAL_DRIVER -DSTM32C031xx -c -I../Core/Inc -I../Drivers/STM32C0xx_HAL_Driver/Inc -I../Drivers/STM32C0xx_HAL_Driver/Inc/Legacy -I../Drivers/CMSIS/Device/ST/STM32C0xx/Include -I../Drivers/CMSIS/Include -O0 -ffunction-sections -fdata-sections -Wall -fstack-usage -fcyclomatic-complexity -MMD -MP -MF"Core/Src/main.d" -MT"Core/Src/main.o" --specs=nano.specs -mfloat-abi=soft -mthumb -o "Core/Src/main.o"
arm-none-eabi-gcc -o "stepper_lib_test.elf" @"objects.list"   -mcpu=cortex-m0plus -T"C:\Users\choua\STM32CubeIDE\MakeCutter_ST\stepper_lib_test\STM32C031C6TX_FLASH.ld" --specs=nosys.specs -Wl,-Map="stepper_lib_test.map" -Wl,--gc-sections -static --specs=nano.specs -mfloat-abi=soft -mthumb -Wl,--start-group -lc -lm -Wl,--end-group
Finished building target: stepper_lib_test.elf
 
arm-none-eabi-size  stepper_lib_test.elf 
arm-none-eabi-objdump -h -S stepper_lib_test.elf  > "stepper_lib_test.list"
   text	   data	    bss	    dec	    hex	filename
  11532	     20	   2188	  13740	   35ac	stepper_lib_test.elf
Finished building: default.size.stdout
 
Finished building: stepper_lib_test.list
 
14:51:09 **** Incremental Build of configuration Debug for project stepper_lib_test ****
make -j12 all 
arm-none-eabi-gcc "../Core/Src/main.c" -mcpu=cortex-m0plus -std=gnu11 -g3 -DDEBUG -DUSE_HAL_DRIVER -DSTM32C031xx -c -I../Core/Inc -I../Drivers/STM32C0xx_HAL_Driver/Inc -I../Drivers/STM32C0xx_HAL_Driver/Inc/Legacy -I../Drivers/CMSIS/Device/ST/STM32C0xx/Include -I../Drivers/CMSIS/Include -O0 -ffunction-sections -fdata-sections -Wall -fstack-usage -fcyclomatic-complexity -MMD -MP -MF"Core/Src/main.d" -MT"Core/Src/main.o" --specs=nano.specs -mfloat-abi=soft -mthumb -o "Core/Src/main.o"
arm-none-eabi-gcc -o "stepper_lib_test.elf" @"objects.list"   -mcpu=cortex-m0plus -T"C:\Users\choua\STM32CubeIDE\MakeCutter_ST\stepper_lib_test\STM32C031C6TX_FLASH.ld" --specs=nosys.specs -Wl,-Map="stepper_lib_test.map" -Wl,--gc-sections -static --specs=nano.specs -mfloat-abi=soft -mthumb -Wl,--start-group -lc -lm -Wl,--end-group
Finished building target: stepper_lib_test.elf
 
arm-none-eabi-size  stepper_lib_test.elf 
arm-none-eabi-objdump -h -S stepper_lib_test.elf  > "stepper_lib_test.list"
   text	   data	    bss	    dec	    hex	filename
  11520	     20	   2188	  13728	   35a0	stepper_lib_test.elf
Finished building: default.size.stdout
 
Finished building: stepper_lib_test.list
 
14:51:51 **** Incremental Build of configuration Debug for project stepper_lib_test ****
make -j12 all 
arm-none-eabi-size  stepper_lib_test.elf 
   text	   data	    bss	    dec	    hex	filename
  11520	     20	   2188	  13728	   35a0	stepper_lib_test.elf
Finished building: default.size.stdout
 
14:56:54 **** Incremental Build of configuration Debug for project stepper_lib_test ****
make -j12 all 
arm-none-eabi-gcc "../Core/Src/main.c" -mcpu=cortex-m0plus -std=gnu11 -g3 -DDEBUG -DUSE_HAL_DRIVER -DSTM32C031xx -c -I../Core/Inc -I../Drivers/STM32C0xx_HAL_Driver/Inc -I../Drivers/STM32C0xx_HAL_Driver/Inc/Legacy -I../Drivers/CMSIS/Device/ST/STM32C0xx/Include -I../Drivers/CMSIS/Include -O0 -ffunction-sections -fdata-sections -Wall -fstack-usage -fcyclomatic-complexity -MMD -MP -MF"Core/Src/main.d" -MT"Core/Src/main.o" --specs=nano.specs -mfloat-abi=soft -mthumb -o "Core/Src/main.o"
arm-none-eabi-gcc -o "stepper_lib_test.elf" @"objects.list"   -mcpu=cortex-m0plus -T"C:\Users\choua\STM32CubeIDE\MakeCutter_ST\stepper_lib_test\STM32C031C6TX_FLASH.ld" --specs=nosys.specs -Wl,-Map="stepper_lib_test.map" -Wl,--gc-sections -static --specs=nano.specs -mfloat-abi=soft -mthumb -Wl,--start-group -lc -lm -Wl,--end-group
Finished building target: stepper_lib_test.elf
 
arm-none-eabi-size  stepper_lib_test.elf 
arm-none-eabi-objdump -h -S stepper_lib_test.elf  > "stepper_lib_test.list"
   text	   data	    bss	    dec	    hex	filename
  11328	     20	   2188	  13536	   34e0	stepper_lib_test.elf
Finished building: default.size.stdout
 
Finished building: stepper_lib_test.list
 
15:12:57 **** Incremental Build of configuration Debug for project stepper_lib_test ****
make -j12 all 
arm-none-eabi-gcc "../Core/Src/main.c" -mcpu=cortex-m0plus -std=gnu11 -g3 -DDEBUG -DUSE_HAL_DRIVER -DSTM32C031xx -c -I../Core/Inc -I../Drivers/STM32C0xx_HAL_Driver/Inc -I../Drivers/STM32C0xx_HAL_Driver/Inc/Legacy -I../Drivers/CMSIS/Device/ST/STM32C0xx/Include -I../Drivers/CMSIS/Include -O0 -ffunction-sections -fdata-sections -Wall -fstack-usage -fcyclomatic-complexity -MMD -MP -MF"Core/Src/main.d" -MT"Core/Src/main.o" --specs=nano.specs -mfloat-abi=soft -mthumb -o "Core/Src/main.o"
arm-none-eabi-gcc -o "stepper_lib_test.elf" @"objects.list"   -mcpu=cortex-m0plus -T"C:\Users\choua\STM32CubeIDE\MakeCutter_ST\stepper_lib_test\STM32C031C6TX_FLASH.ld" --specs=nosys.specs -Wl,-Map="stepper_lib_test.map" -Wl,--gc-sections -static --specs=nano.specs -mfloat-abi=soft -mthumb -Wl,--start-group -lc -lm -Wl,--end-group
Finished building target: stepper_lib_test.elf
 
arm-none-eabi-size  stepper_lib_test.elf 
arm-none-eabi-objdump -h -S stepper_lib_test.elf  > "stepper_lib_test.list"
   text	   data	    bss	    dec	    hex	filename
  11524	     20	   2188	  13732	   35a4	stepper_lib_test.elf
Finished building: default.size.stdout
 
Finished building: stepper_lib_test.list
 
15:14:05 **** Incremental Build of configuration Debug for project stepper_lib_test ****
make -j12 all 
arm-none-eabi-gcc "../Core/Src/main.c" -mcpu=cortex-m0plus -std=gnu11 -g3 -DDEBUG -DUSE_HAL_DRIVER -DSTM32C031xx -c -I../Core/Inc -I../Drivers/STM32C0xx_HAL_Driver/Inc -I../Drivers/STM32C0xx_HAL_Driver/Inc/Legacy -I../Drivers/CMSIS/Device/ST/STM32C0xx/Include -I../Drivers/CMSIS/Include -O0 -ffunction-sections -fdata-sections -Wall -fstack-usage -fcyclomatic-complexity -MMD -MP -MF"Core/Src/main.d" -MT"Core/Src/main.o" --specs=nano.specs -mfloat-abi=soft -mthumb -o "Core/Src/main.o"
arm-none-eabi-gcc -o "stepper_lib_test.elf" @"objects.list"   -mcpu=cortex-m0plus -T"C:\Users\choua\STM32CubeIDE\MakeCutter_ST\stepper_lib_test\STM32C031C6TX_FLASH.ld" --specs=nosys.specs -Wl,-Map="stepper_lib_test.map" -Wl,--gc-sections -static --specs=nano.specs -mfloat-abi=soft -mthumb -Wl,--start-group -lc -lm -Wl,--end-group
Finished building target: stepper_lib_test.elf
 
arm-none-eabi-size  stepper_lib_test.elf 
arm-none-eabi-objdump -h -S stepper_lib_test.elf  > "stepper_lib_test.list"
   text	   data	    bss	    dec	    hex	filename
  11524	     20	   2188	  13732	   35a4	stepper_lib_test.elf
Finished building: default.size.stdout
 
Finished building: stepper_lib_test.list
 
15:30:04 **** Incremental Build of configuration Debug for project stepper_lib_test ****
make -j12 all 
arm-none-eabi-gcc "../Core/Src/main.c" -mcpu=cortex-m0plus -std=gnu11 -g3 -DDEBUG -DUSE_HAL_DRIVER -DSTM32C031xx -c -I../Core/Inc -I../Drivers/STM32C0xx_HAL_Driver/Inc -I../Drivers/STM32C0xx_HAL_Driver/Inc/Legacy -I../Drivers/CMSIS/Device/ST/STM32C0xx/Include -I../Drivers/CMSIS/Include -O0 -ffunction-sections -fdata-sections -Wall -fstack-usage -fcyclomatic-complexity -MMD -MP -MF"Core/Src/main.d" -MT"Core/Src/main.o" --specs=nano.specs -mfloat-abi=soft -mthumb -o "Core/Src/main.o"
arm-none-eabi-gcc "../Core/Src/stm32c0xx_hal_msp.c" -mcpu=cortex-m0plus -std=gnu11 -g3 -DDEBUG -DUSE_HAL_DRIVER -DSTM32C031xx -c -I../Core/Inc -I../Drivers/STM32C0xx_HAL_Driver/Inc -I../Drivers/STM32C0xx_HAL_Driver/Inc/Legacy -I../Drivers/CMSIS/Device/ST/STM32C0xx/Include -I../Drivers/CMSIS/Include -O0 -ffunction-sections -fdata-sections -Wall -fstack-usage -fcyclomatic-complexity -MMD -MP -MF"Core/Src/stm32c0xx_hal_msp.d" -MT"Core/Src/stm32c0xx_hal_msp.o" --specs=nano.specs -mfloat-abi=soft -mthumb -o "Core/Src/stm32c0xx_hal_msp.o"
arm-none-eabi-gcc "../Core/Src/stm32c0xx_it.c" -mcpu=cortex-m0plus -std=gnu11 -g3 -DDEBUG -DUSE_HAL_DRIVER -DSTM32C031xx -c -I../Core/Inc -I../Drivers/STM32C0xx_HAL_Driver/Inc -I../Drivers/STM32C0xx_HAL_Driver/Inc/Legacy -I../Drivers/CMSIS/Device/ST/STM32C0xx/Include -I../Drivers/CMSIS/Include -O0 -ffunction-sections -fdata-sections -Wall -fstack-usage -fcyclomatic-complexity -MMD -MP -MF"Core/Src/stm32c0xx_it.d" -MT"Core/Src/stm32c0xx_it.o" --specs=nano.specs -mfloat-abi=soft -mthumb -o "Core/Src/stm32c0xx_it.o"
arm-none-eabi-gcc -o "stepper_lib_test.elf" @"objects.list"   -mcpu=cortex-m0plus -T"C:\Users\choua\STM32CubeIDE\MakeCutter_ST\stepper_lib_test\STM32C031C6TX_FLASH.ld" --specs=nosys.specs -Wl,-Map="stepper_lib_test.map" -Wl,--gc-sections -static --specs=nano.specs -mfloat-abi=soft -mthumb -Wl,--start-group -lc -lm -Wl,--end-group
Finished building target: stepper_lib_test.elf
 
arm-none-eabi-size  stepper_lib_test.elf 
arm-none-eabi-objdump -h -S stepper_lib_test.elf  > "stepper_lib_test.list"
   text	   data	    bss	    dec	    hex	filename
  11428	     20	   2188	  13636	   3544	stepper_lib_test.elf
Finished building: default.size.stdout
 
Finished building: stepper_lib_test.list
 
15:35:39 **** Incremental Build of configuration Debug for project stepper_lib_test ****
make -j12 all 
arm-none-eabi-gcc "../Core/Src/main.c" -mcpu=cortex-m0plus -std=gnu11 -g3 -DDEBUG -DUSE_HAL_DRIVER -DSTM32C031xx -c -I../Core/Inc -I../Drivers/STM32C0xx_HAL_Driver/Inc -I../Drivers/STM32C0xx_HAL_Driver/Inc/Legacy -I../Drivers/CMSIS/Device/ST/STM32C0xx/Include -I../Drivers/CMSIS/Include -O0 -ffunction-sections -fdata-sections -Wall -fstack-usage -fcyclomatic-complexity -MMD -MP -MF"Core/Src/main.d" -MT"Core/Src/main.o" --specs=nano.specs -mfloat-abi=soft -mthumb -o "Core/Src/main.o"
arm-none-eabi-gcc -o "stepper_lib_test.elf" @"objects.list"   -mcpu=cortex-m0plus -T"C:\Users\choua\STM32CubeIDE\MakeCutter_ST\stepper_lib_test\STM32C031C6TX_FLASH.ld" --specs=nosys.specs -Wl,-Map="stepper_lib_test.map" -Wl,--gc-sections -static --specs=nano.specs -mfloat-abi=soft -mthumb -Wl,--start-group -lc -lm -Wl,--end-group
Finished building target: stepper_lib_test.elf
 
arm-none-eabi-size  stepper_lib_test.elf 
arm-none-eabi-objdump -h -S stepper_lib_test.elf  > "stepper_lib_test.list"
   text	   data	    bss	    dec	    hex	filename
  11484	     28	   2188	  13700	   3584	stepper_lib_test.elf
Finished building: default.size.stdout
 
Finished building: stepper_lib_test.list
 
