21:45:19 **** Clean-only build of configuration Debug for project h563zi_test ****
make -j12 clean 
rm -rf ./Drivers/STM32H5xx_HAL_Driver/Src/stm32h5xx_hal.cyclo ./Drivers/STM32H5xx_HAL_Driver/Src/stm32h5xx_hal.d ./Drivers/STM32H5xx_HAL_Driver/Src/stm32h5xx_hal.o ./Drivers/STM32H5xx_HAL_Driver/Src/stm32h5xx_hal.su ./Drivers/STM32H5xx_HAL_Driver/Src/stm32h5xx_hal_adc.cyclo ./Drivers/STM32H5xx_HAL_Driver/Src/stm32h5xx_hal_adc.d ./Drivers/STM32H5xx_HAL_Driver/Src/stm32h5xx_hal_adc.o ./Drivers/STM32H5xx_HAL_Driver/Src/stm32h5xx_hal_adc.su ./Drivers/STM32H5xx_HAL_Driver/Src/stm32h5xx_hal_adc_ex.cyclo ./Drivers/STM32H5xx_HAL_Driver/Src/stm32h5xx_hal_adc_ex.d ./Drivers/STM32H5xx_HAL_Driver/Src/stm32h5xx_hal_adc_ex.o ./Drivers/STM32H5xx_HAL_Driver/Src/stm32h5xx_hal_adc_ex.su ./Drivers/STM32H5xx_HAL_Driver/Src/stm32h5xx_hal_cortex.cyclo ./Drivers/STM32H5xx_HAL_Driver/Src/stm32h5xx_hal_cortex.d ./Drivers/STM32H5xx_HAL_Driver/Src/stm32h5xx_hal_cortex.o ./Drivers/STM32H5xx_HAL_Driver/Src/stm32h5xx_hal_cortex.su ./Drivers/STM32H5xx_HAL_Driver/Src/stm32h5xx_hal_dma.cyclo ./Drivers/STM32H5xx_HAL_Driver/Src/stm32h5xx_hal_dma.d ./Drivers/STM32H5xx_HAL_Driver/Src/stm32h5xx_hal_dma.o ./Drivers/STM32H5xx_HAL_Driver/Src/stm32h5xx_hal_dma.su ./Drivers/STM32H5xx_HAL_Driver/Src/stm32h5xx_hal_dma_ex.cyclo ./Drivers/STM32H5xx_HAL_Driver/Src/stm32h5xx_hal_dma_ex.d ./Drivers/STM32H5xx_HAL_Driver/Src/stm32h5xx_hal_dma_ex.o ./Drivers/STM32H5xx_HAL_Driver/Src/stm32h5xx_hal_dma_ex.su ./Drivers/STM32H5xx_HAL_Driver/Src/stm32h5xx_hal_eth.cyclo ./Drivers/STM32H5xx_HAL_Driver/Src/stm32h5xx_hal_eth.d ./Drivers/STM32H5xx_HAL_Driver/Src/stm32h5xx_hal_eth.o ./Drivers/STM32H5xx_HAL_Driver/Src/stm32h5xx_hal_eth.su ./Drivers/STM32H5xx_HAL_Driver/Src/stm32h5xx_hal_eth_ex.cyclo ./Drivers/STM32H5xx_HAL_Driver/Src/stm32h5xx_hal_eth_ex.d ./Drivers/STM32H5xx_HAL_Driver/Src/stm32h5xx_hal_eth_ex.o ./Drivers/STM32H5xx_HAL_Driver/Src/stm32h5xx_hal_eth_ex.su ./Drivers/STM32H5xx_HAL_Driver/Src/stm32h5xx_hal_exti.cyclo ./Drivers/STM32H5xx_HAL_Driver/Src/stm32h5xx_hal_exti.d ./Drivers/STM32H5xx_HAL_Driver/Src/stm32h5xx_hal_exti.o ./Drivers/STM32H5xx_HAL_Driver/Src/stm32h5xx_hal_exti.su ./Drivers/STM32H5xx_HAL_Driver/Src/stm32h5xx_hal_flash.cyclo ./Drivers/STM32H5xx_HAL_Driver/Src/stm32h5xx_hal_flash.d ./Drivers/STM32H5xx_HAL_Driver/Src/stm32h5xx_hal_flash.o ./Drivers/STM32H5xx_HAL_Driver/Src/stm32h5xx_hal_flash.su ./Drivers/STM32H5xx_HAL_Driver/Src/stm32h5xx_hal_flash_ex.cyclo ./Drivers/STM32H5xx_HAL_Driver/Src/stm32h5xx_hal_flash_ex.d ./Drivers/STM32H5xx_HAL_Driver/Src/stm32h5xx_hal_flash_ex.o ./Drivers/STM32H5xx_HAL_Driver/Src/stm32h5xx_hal_flash_ex.su ./Drivers/STM32H5xx_HAL_Driver/Src/stm32h5xx_hal_gpio.cyclo ./Drivers/STM32H5xx_HAL_Driver/Src/stm32h5xx_hal_gpio.d ./Drivers/STM32H5xx_HAL_Driver/Src/stm32h5xx_hal_gpio.o ./Drivers/STM32H5xx_HAL_Driver/Src/stm32h5xx_hal_gpio.su ./Drivers/STM32H5xx_HAL_Driver/Src/stm32h5xx_hal_icache.cyclo ./Drivers/STM32H5xx_HAL_Driver/Src/stm32h5xx_hal_icache.d ./Drivers/STM32H5xx_HAL_Driver/Src/stm32h5xx_hal_icache.o ./Drivers/STM32H5xx_HAL_Driver/Src/stm32h5xx_hal_icache.su ./Drivers/STM32H5xx_HAL_Driver/Src/stm32h5xx_hal_pcd.cyclo ./Drivers/STM32H5xx_HAL_Driver/Src/stm32h5xx_hal_pcd.d ./Drivers/STM32H5xx_HAL_Driver/Src/stm32h5xx_hal_pcd.o ./Drivers/STM32H5xx_HAL_Driver/Src/stm32h5xx_hal_pcd.su ./Drivers/STM32H5xx_HAL_Driver/Src/stm32h5xx_hal_pcd_ex.cyclo ./Drivers/STM32H5xx_HAL_Driver/Src/stm32h5xx_hal_pcd_ex.d ./Drivers/STM32H5xx_HAL_Driver/Src/stm32h5xx_hal_pcd_ex.o ./Drivers/STM32H5xx_HAL_Driver/Src/stm32h5xx_hal_pcd_ex.su ./Drivers/STM32H5xx_HAL_Driver/Src/stm32h5xx_hal_pwr.cyclo ./Drivers/STM32H5xx_HAL_Driver/Src/stm32h5xx_hal_pwr.d ./Drivers/STM32H5xx_HAL_Driver/Src/stm32h5xx_hal_pwr.o ./Drivers/STM32H5xx_HAL_Driver/Src/stm32h5xx_hal_pwr.su ./Drivers/STM32H5xx_HAL_Driver/Src/stm32h5xx_hal_pwr_ex.cyclo ./Drivers/STM32H5xx_HAL_Driver/Src/stm32h5xx_hal_pwr_ex.d ./Drivers/STM32H5xx_HAL_Driver/Src/stm32h5xx_hal_pwr_ex.o ./Drivers/STM32H5xx_HAL_Driver/Src/stm32h5xx_hal_pwr_ex.su ./Drivers/STM32H5xx_HAL_Driver/Src/stm32h5xx_hal_rcc.cyclo ./Drivers/STM32H5xx_HAL_Driver/Src/stm32h5xx_hal_rcc.d ./Drivers/STM32H5xx_HAL_Driver/Src/stm32h5xx_hal_rcc.o ./Drivers/STM32H5xx_HAL_Driver/Src/stm32h5xx_hal_rcc.su ./Drivers/STM32H5xx_HAL_Driver/Src/stm32h5xx_hal_rcc_ex.cyclo ./Drivers/STM32H5xx_HAL_Driver/Src/stm32h5xx_hal_rcc_ex.d ./Drivers/STM32H5xx_HAL_Driver/Src/stm32h5xx_hal_rcc_ex.o ./Drivers/STM32H5xx_HAL_Driver/Src/stm32h5xx_hal_rcc_ex.su ./Drivers/STM32H5xx_HAL_Driver/Src/stm32h5xx_hal_uart.cyclo ./Drivers/STM32H5xx_HAL_Driver/Src/stm32h5xx_hal_uart.d ./Drivers/STM32H5xx_HAL_Driver/Src/stm32h5xx_hal_uart.o ./Drivers/STM32H5xx_HAL_Driver/Src/stm32h5xx_hal_uart.su ./Drivers/STM32H5xx_HAL_Driver/Src/stm32h5xx_hal_uart_ex.cyclo ./Drivers/STM32H5xx_HAL_Driver/Src/stm32h5xx_hal_uart_ex.d ./Drivers/STM32H5xx_HAL_Driver/Src/stm32h5xx_hal_uart_ex.o ./Drivers/STM32H5xx_HAL_Driver/Src/stm32h5xx_hal_uart_ex.su ./Drivers/STM32H5xx_HAL_Driver/Src/stm32h5xx_ll_dma.cyclo ./Drivers/STM32H5xx_HAL_Driver/Src/stm32h5xx_ll_dma.d ./Drivers/STM32H5xx_HAL_Driver/Src/stm32h5xx_ll_dma.o ./Drivers/STM32H5xx_HAL_Driver/Src/stm32h5xx_ll_dma.su ./Drivers/STM32H5xx_HAL_Driver/Src/stm32h5xx_ll_exti.cyclo ./Drivers/STM32H5xx_HAL_Driver/Src/stm32h5xx_ll_exti.d ./Drivers/STM32H5xx_HAL_Driver/Src/stm32h5xx_ll_exti.o ./Drivers/STM32H5xx_HAL_Driver/Src/stm32h5xx_ll_exti.su ./Drivers/STM32H5xx_HAL_Driver/Src/stm32h5xx_ll_gpio.cyclo ./Drivers/STM32H5xx_HAL_Driver/Src/stm32h5xx_ll_gpio.d ./Drivers/STM32H5xx_HAL_Driver/Src/stm32h5xx_ll_gpio.o ./Drivers/STM32H5xx_HAL_Driver/Src/stm32h5xx_ll_gpio.su ./Drivers/STM32H5xx_HAL_Driver/Src/stm32h5xx_ll_rcc.cyclo ./Drivers/STM32H5xx_HAL_Driver/Src/stm32h5xx_ll_rcc.d ./Drivers/STM32H5xx_HAL_Driver/Src/stm32h5xx_ll_rcc.o ./Drivers/STM32H5xx_HAL_Driver/Src/stm32h5xx_ll_rcc.su ./Drivers/STM32H5xx_HAL_Driver/Src/stm32h5xx_ll_ucpd.cyclo ./Drivers/STM32H5xx_HAL_Driver/Src/stm32h5xx_ll_ucpd.d ./Drivers/STM32H5xx_HAL_Driver/Src/stm32h5xx_ll_ucpd.o ./Drivers/STM32H5xx_HAL_Driver/Src/stm32h5xx_ll_ucpd.su
rm -rf ./Core/Startup/startup_stm32h563zitx.d ./Core/Startup/startup_stm32h563zitx.o
rm -rf ./Core/Src/main.cyclo ./Core/Src/main.d ./Core/Src/main.o ./Core/Src/main.su ./Core/Src/stm32h5xx_hal_msp.cyclo ./Core/Src/stm32h5xx_hal_msp.d ./Core/Src/stm32h5xx_hal_msp.o ./Core/Src/stm32h5xx_hal_msp.su ./Core/Src/stm32h5xx_it.cyclo ./Core/Src/stm32h5xx_it.d ./Core/Src/stm32h5xx_it.o ./Core/Src/stm32h5xx_it.su ./Core/Src/syscalls.cyclo ./Core/Src/syscalls.d ./Core/Src/syscalls.o ./Core/Src/syscalls.su ./Core/Src/sysmem.cyclo ./Core/Src/sysmem.d ./Core/Src/sysmem.o ./Core/Src/sysmem.su ./Core/Src/system_stm32h5xx.cyclo ./Core/Src/system_stm32h5xx.d ./Core/Src/system_stm32h5xx.o ./Core/Src/system_stm32h5xx.su
rm -rf ./Drivers/STM32H5xx_HAL_Driver/Src/stm32h5xx_ll_usb.cyclo ./Drivers/STM32H5xx_HAL_Driver/Src/stm32h5xx_ll_usb.d ./Drivers/STM32H5xx_HAL_Driver/Src/stm32h5xx_ll_usb.o ./Drivers/STM32H5xx_HAL_Driver/Src/stm32h5xx_ll_usb.su ./Drivers/STM32H5xx_HAL_Driver/Src/stm32h5xx_ll_utils.cyclo ./Drivers/STM32H5xx_HAL_Driver/Src/stm32h5xx_ll_utils.d ./Drivers/STM32H5xx_HAL_Driver/Src/stm32h5xx_ll_utils.o ./Drivers/STM32H5xx_HAL_Driver/Src/stm32h5xx_ll_utils.su
rm -rf default.size.stdout h563zi_test.elf h563zi_test.list h563zi_test.map
 
21:45:23 **** Build of configuration Debug for project h563zi_test ****
make -j12 all 
arm-none-eabi-gcc "../Drivers/STM32H5xx_HAL_Driver/Src/stm32h5xx_hal.c" -mcpu=cortex-m33 -std=gnu11 -g3 -DDEBUG -DUSE_FULL_LL_DRIVER -DUSE_HAL_DRIVER -DSTM32H563xx -c -I../Core/Inc -I../Drivers/STM32H5xx_HAL_Driver/Inc -I../Drivers/STM32H5xx_HAL_Driver/Inc/Legacy -I../Drivers/CMSIS/Device/ST/STM32H5xx/Include -I../Drivers/CMSIS/Include -O0 -ffunction-sections -fdata-sections -Wall -fstack-usage -fcyclomatic-complexity -MMD -MP -MF"Drivers/STM32H5xx_HAL_Driver/Src/stm32h5xx_hal.d" -MT"Drivers/STM32H5xx_HAL_Driver/Src/stm32h5xx_hal.o" --specs=nano.specs -mfpu=fpv5-sp-d16 -mfloat-abi=hard -mthumb -o "Drivers/STM32H5xx_HAL_Driver/Src/stm32h5xx_hal.o"
arm-none-eabi-gcc "../Drivers/STM32H5xx_HAL_Driver/Src/stm32h5xx_hal_adc.c" -mcpu=cortex-m33 -std=gnu11 -g3 -DDEBUG -DUSE_FULL_LL_DRIVER -DUSE_HAL_DRIVER -DSTM32H563xx -c -I../Core/Inc -I../Drivers/STM32H5xx_HAL_Driver/Inc -I../Drivers/STM32H5xx_HAL_Driver/Inc/Legacy -I../Drivers/CMSIS/Device/ST/STM32H5xx/Include -I../Drivers/CMSIS/Include -O0 -ffunction-sections -fdata-sections -Wall -fstack-usage -fcyclomatic-complexity -MMD -MP -MF"Drivers/STM32H5xx_HAL_Driver/Src/stm32h5xx_hal_adc.d" -MT"Drivers/STM32H5xx_HAL_Driver/Src/stm32h5xx_hal_adc.o" --specs=nano.specs -mfpu=fpv5-sp-d16 -mfloat-abi=hard -mthumb -o "Drivers/STM32H5xx_HAL_Driver/Src/stm32h5xx_hal_adc.o"
arm-none-eabi-gcc "../Drivers/STM32H5xx_HAL_Driver/Src/stm32h5xx_hal_adc_ex.c" -mcpu=cortex-m33 -std=gnu11 -g3 -DDEBUG -DUSE_FULL_LL_DRIVER -DUSE_HAL_DRIVER -DSTM32H563xx -c -I../Core/Inc -I../Drivers/STM32H5xx_HAL_Driver/Inc -I../Drivers/STM32H5xx_HAL_Driver/Inc/Legacy -I../Drivers/CMSIS/Device/ST/STM32H5xx/Include -I../Drivers/CMSIS/Include -O0 -ffunction-sections -fdata-sections -Wall -fstack-usage -fcyclomatic-complexity -MMD -MP -MF"Drivers/STM32H5xx_HAL_Driver/Src/stm32h5xx_hal_adc_ex.d" -MT"Drivers/STM32H5xx_HAL_Driver/Src/stm32h5xx_hal_adc_ex.o" --specs=nano.specs -mfpu=fpv5-sp-d16 -mfloat-abi=hard -mthumb -o "Drivers/STM32H5xx_HAL_Driver/Src/stm32h5xx_hal_adc_ex.o"
arm-none-eabi-gcc "../Drivers/STM32H5xx_HAL_Driver/Src/stm32h5xx_hal_cortex.c" -mcpu=cortex-m33 -std=gnu11 -g3 -DDEBUG -DUSE_FULL_LL_DRIVER -DUSE_HAL_DRIVER -DSTM32H563xx -c -I../Core/Inc -I../Drivers/STM32H5xx_HAL_Driver/Inc -I../Drivers/STM32H5xx_HAL_Driver/Inc/Legacy -I../Drivers/CMSIS/Device/ST/STM32H5xx/Include -I../Drivers/CMSIS/Include -O0 -ffunction-sections -fdata-sections -Wall -fstack-usage -fcyclomatic-complexity -MMD -MP -MF"Drivers/STM32H5xx_HAL_Driver/Src/stm32h5xx_hal_cortex.d" -MT"Drivers/STM32H5xx_HAL_Driver/Src/stm32h5xx_hal_cortex.o" --specs=nano.specs -mfpu=fpv5-sp-d16 -mfloat-abi=hard -mthumb -o "Drivers/STM32H5xx_HAL_Driver/Src/stm32h5xx_hal_cortex.o"
arm-none-eabi-gcc "../Drivers/STM32H5xx_HAL_Driver/Src/stm32h5xx_hal_dma.c" -mcpu=cortex-m33 -std=gnu11 -g3 -DDEBUG -DUSE_FULL_LL_DRIVER -DUSE_HAL_DRIVER -DSTM32H563xx -c -I../Core/Inc -I../Drivers/STM32H5xx_HAL_Driver/Inc -I../Drivers/STM32H5xx_HAL_Driver/Inc/Legacy -I../Drivers/CMSIS/Device/ST/STM32H5xx/Include -I../Drivers/CMSIS/Include -O0 -ffunction-sections -fdata-sections -Wall -fstack-usage -fcyclomatic-complexity -MMD -MP -MF"Drivers/STM32H5xx_HAL_Driver/Src/stm32h5xx_hal_dma.d" -MT"Drivers/STM32H5xx_HAL_Driver/Src/stm32h5xx_hal_dma.o" --specs=nano.specs -mfpu=fpv5-sp-d16 -mfloat-abi=hard -mthumb -o "Drivers/STM32H5xx_HAL_Driver/Src/stm32h5xx_hal_dma.o"
arm-none-eabi-gcc "../Drivers/STM32H5xx_HAL_Driver/Src/stm32h5xx_hal_dma_ex.c" -mcpu=cortex-m33 -std=gnu11 -g3 -DDEBUG -DUSE_FULL_LL_DRIVER -DUSE_HAL_DRIVER -DSTM32H563xx -c -I../Core/Inc -I../Drivers/STM32H5xx_HAL_Driver/Inc -I../Drivers/STM32H5xx_HAL_Driver/Inc/Legacy -I../Drivers/CMSIS/Device/ST/STM32H5xx/Include -I../Drivers/CMSIS/Include -O0 -ffunction-sections -fdata-sections -Wall -fstack-usage -fcyclomatic-complexity -MMD -MP -MF"Drivers/STM32H5xx_HAL_Driver/Src/stm32h5xx_hal_dma_ex.d" -MT"Drivers/STM32H5xx_HAL_Driver/Src/stm32h5xx_hal_dma_ex.o" --specs=nano.specs -mfpu=fpv5-sp-d16 -mfloat-abi=hard -mthumb -o "Drivers/STM32H5xx_HAL_Driver/Src/stm32h5xx_hal_dma_ex.o"
arm-none-eabi-gcc "../Drivers/STM32H5xx_HAL_Driver/Src/stm32h5xx_hal_eth.c" -mcpu=cortex-m33 -std=gnu11 -g3 -DDEBUG -DUSE_FULL_LL_DRIVER -DUSE_HAL_DRIVER -DSTM32H563xx -c -I../Core/Inc -I../Drivers/STM32H5xx_HAL_Driver/Inc -I../Drivers/STM32H5xx_HAL_Driver/Inc/Legacy -I../Drivers/CMSIS/Device/ST/STM32H5xx/Include -I../Drivers/CMSIS/Include -O0 -ffunction-sections -fdata-sections -Wall -fstack-usage -fcyclomatic-complexity -MMD -MP -MF"Drivers/STM32H5xx_HAL_Driver/Src/stm32h5xx_hal_eth.d" -MT"Drivers/STM32H5xx_HAL_Driver/Src/stm32h5xx_hal_eth.o" --specs=nano.specs -mfpu=fpv5-sp-d16 -mfloat-abi=hard -mthumb -o "Drivers/STM32H5xx_HAL_Driver/Src/stm32h5xx_hal_eth.o"
arm-none-eabi-gcc "../Drivers/STM32H5xx_HAL_Driver/Src/stm32h5xx_hal_eth_ex.c" -mcpu=cortex-m33 -std=gnu11 -g3 -DDEBUG -DUSE_FULL_LL_DRIVER -DUSE_HAL_DRIVER -DSTM32H563xx -c -I../Core/Inc -I../Drivers/STM32H5xx_HAL_Driver/Inc -I../Drivers/STM32H5xx_HAL_Driver/Inc/Legacy -I../Drivers/CMSIS/Device/ST/STM32H5xx/Include -I../Drivers/CMSIS/Include -O0 -ffunction-sections -fdata-sections -Wall -fstack-usage -fcyclomatic-complexity -MMD -MP -MF"Drivers/STM32H5xx_HAL_Driver/Src/stm32h5xx_hal_eth_ex.d" -MT"Drivers/STM32H5xx_HAL_Driver/Src/stm32h5xx_hal_eth_ex.o" --specs=nano.specs -mfpu=fpv5-sp-d16 -mfloat-abi=hard -mthumb -o "Drivers/STM32H5xx_HAL_Driver/Src/stm32h5xx_hal_eth_ex.o"
arm-none-eabi-gcc "../Drivers/STM32H5xx_HAL_Driver/Src/stm32h5xx_hal_exti.c" -mcpu=cortex-m33 -std=gnu11 -g3 -DDEBUG -DUSE_FULL_LL_DRIVER -DUSE_HAL_DRIVER -DSTM32H563xx -c -I../Core/Inc -I../Drivers/STM32H5xx_HAL_Driver/Inc -I../Drivers/STM32H5xx_HAL_Driver/Inc/Legacy -I../Drivers/CMSIS/Device/ST/STM32H5xx/Include -I../Drivers/CMSIS/Include -O0 -ffunction-sections -fdata-sections -Wall -fstack-usage -fcyclomatic-complexity -MMD -MP -MF"Drivers/STM32H5xx_HAL_Driver/Src/stm32h5xx_hal_exti.d" -MT"Drivers/STM32H5xx_HAL_Driver/Src/stm32h5xx_hal_exti.o" --specs=nano.specs -mfpu=fpv5-sp-d16 -mfloat-abi=hard -mthumb -o "Drivers/STM32H5xx_HAL_Driver/Src/stm32h5xx_hal_exti.o"
arm-none-eabi-gcc "../Drivers/STM32H5xx_HAL_Driver/Src/stm32h5xx_hal_flash.c" -mcpu=cortex-m33 -std=gnu11 -g3 -DDEBUG -DUSE_FULL_LL_DRIVER -DUSE_HAL_DRIVER -DSTM32H563xx -c -I../Core/Inc -I../Drivers/STM32H5xx_HAL_Driver/Inc -I../Drivers/STM32H5xx_HAL_Driver/Inc/Legacy -I../Drivers/CMSIS/Device/ST/STM32H5xx/Include -I../Drivers/CMSIS/Include -O0 -ffunction-sections -fdata-sections -Wall -fstack-usage -fcyclomatic-complexity -MMD -MP -MF"Drivers/STM32H5xx_HAL_Driver/Src/stm32h5xx_hal_flash.d" -MT"Drivers/STM32H5xx_HAL_Driver/Src/stm32h5xx_hal_flash.o" --specs=nano.specs -mfpu=fpv5-sp-d16 -mfloat-abi=hard -mthumb -o "Drivers/STM32H5xx_HAL_Driver/Src/stm32h5xx_hal_flash.o"
arm-none-eabi-gcc "../Drivers/STM32H5xx_HAL_Driver/Src/stm32h5xx_hal_flash_ex.c" -mcpu=cortex-m33 -std=gnu11 -g3 -DDEBUG -DUSE_FULL_LL_DRIVER -DUSE_HAL_DRIVER -DSTM32H563xx -c -I../Core/Inc -I../Drivers/STM32H5xx_HAL_Driver/Inc -I../Drivers/STM32H5xx_HAL_Driver/Inc/Legacy -I../Drivers/CMSIS/Device/ST/STM32H5xx/Include -I../Drivers/CMSIS/Include -O0 -ffunction-sections -fdata-sections -Wall -fstack-usage -fcyclomatic-complexity -MMD -MP -MF"Drivers/STM32H5xx_HAL_Driver/Src/stm32h5xx_hal_flash_ex.d" -MT"Drivers/STM32H5xx_HAL_Driver/Src/stm32h5xx_hal_flash_ex.o" --specs=nano.specs -mfpu=fpv5-sp-d16 -mfloat-abi=hard -mthumb -o "Drivers/STM32H5xx_HAL_Driver/Src/stm32h5xx_hal_flash_ex.o"
arm-none-eabi-gcc "../Drivers/STM32H5xx_HAL_Driver/Src/stm32h5xx_hal_gpio.c" -mcpu=cortex-m33 -std=gnu11 -g3 -DDEBUG -DUSE_FULL_LL_DRIVER -DUSE_HAL_DRIVER -DSTM32H563xx -c -I../Core/Inc -I../Drivers/STM32H5xx_HAL_Driver/Inc -I../Drivers/STM32H5xx_HAL_Driver/Inc/Legacy -I../Drivers/CMSIS/Device/ST/STM32H5xx/Include -I../Drivers/CMSIS/Include -O0 -ffunction-sections -fdata-sections -Wall -fstack-usage -fcyclomatic-complexity -MMD -MP -MF"Drivers/STM32H5xx_HAL_Driver/Src/stm32h5xx_hal_gpio.d" -MT"Drivers/STM32H5xx_HAL_Driver/Src/stm32h5xx_hal_gpio.o" --specs=nano.specs -mfpu=fpv5-sp-d16 -mfloat-abi=hard -mthumb -o "Drivers/STM32H5xx_HAL_Driver/Src/stm32h5xx_hal_gpio.o"
In file included from ../Drivers/STM32H5xx_HAL_Driver/Inc/stm32h5xx_hal.h:29,
                 from ../Drivers/STM32H5xx_HAL_Driver/Src/stm32h5xx_hal_adc.c:294:
../Core/Inc/stm32h5xx_hal_conf.h:409:11: fatal error: stm32h5xx_hal_usart.h: No such file or directory
  409 |  #include "stm32h5xx_hal_usart.h"
      |           ^~~~~~~~~~~~~~~~~~~~~~~
compilation terminated.
In file included from ../Drivers/STM32H5xx_HAL_Driver/Inc/stm32h5xx_hal.h:29,
                 from ../Drivers/STM32H5xx_HAL_Driver/Src/stm32h5xx_hal.c:35:
../Core/Inc/stm32h5xx_hal_conf.h:409:11: fatal error: stm32h5xx_hal_usart.h: No such file or directory
  409 |  #include "stm32h5xx_hal_usart.h"
      |           ^~~~~~~~~~~~~~~~~~~~~~~
compilation terminated.
In file included from ../Drivers/STM32H5xx_HAL_Driver/Inc/stm32h5xx_hal.h:29,
                 from ../Drivers/STM32H5xx_HAL_Driver/Src/stm32h5xx_hal_adc_ex.c:33:
../Core/Inc/stm32h5xx_hal_conf.h:409:11: fatal error: stm32h5xx_hal_usart.h: No such file or directory
  409 |  #include "stm32h5xx_hal_usart.h"
      |           ^~~~~~~~~~~~~~~~~~~~~~~
compilation terminated.
make: *** [Drivers/STM32H5xx_HAL_Driver/Src/subdir.mk:100: Drivers/STM32H5xx_HAL_Driver/Src/stm32h5xx_hal_adc.o] Error 1
make: *** Waiting for unfinished jobs....
make: *** [Drivers/STM32H5xx_HAL_Driver/Src/subdir.mk:100: Drivers/STM32H5xx_HAL_Driver/Src/stm32h5xx_hal.o] Error 1
In file included from ../Drivers/STM32H5xx_HAL_Driver/Inc/stm32h5xx_hal.h:29,
                 from ../Drivers/STM32H5xx_HAL_Driver/Src/stm32h5xx_hal_cortex.c:118:
../Core/Inc/stm32h5xx_hal_conf.h:409:11: fatal error: stm32h5xx_hal_usart.h: No such file or directory
  409 |  #include "stm32h5xx_hal_usart.h"
      |           ^~~~~~~~~~~~~~~~~~~~~~~
compilation terminated.
In file included from ../Drivers/STM32H5xx_HAL_Driver/Inc/stm32h5xx_hal.h:29,
                 from ../Drivers/STM32H5xx_HAL_Driver/Src/stm32h5xx_hal_dma.c:187:
../Core/Inc/stm32h5xx_hal_conf.h:409:11: fatal error: stm32h5xx_hal_usart.h: No such file or directory
  409 |  #include "stm32h5xx_hal_usart.h"
      |           ^~~~~~~~~~~~~~~~~~~~~~~
compilation terminated.
make: *** [Drivers/STM32H5xx_HAL_Driver/Src/subdir.mk:100: Drivers/STM32H5xx_HAL_Driver/Src/stm32h5xx_hal_adc_ex.o] Error 1
make: *** [Drivers/STM32H5xx_HAL_Driver/Src/subdir.mk:100: Drivers/STM32H5xx_HAL_Driver/Src/stm32h5xx_hal_cortex.o] Error 1
make: *** [Drivers/STM32H5xx_HAL_Driver/Src/subdir.mk:100: Drivers/STM32H5xx_HAL_Driver/Src/stm32h5xx_hal_dma.o] Error 1
In file included from ../Drivers/STM32H5xx_HAL_Driver/Inc/stm32h5xx_hal.h:29,
                 from ../Drivers/STM32H5xx_HAL_Driver/Src/stm32h5xx_hal_eth_ex.c:21:
../Core/Inc/stm32h5xx_hal_conf.h:409:11: fatal error: stm32h5xx_hal_usart.h: No such file or directory
  409 |  #include "stm32h5xx_hal_usart.h"
      |           ^~~~~~~~~~~~~~~~~~~~~~~
compilation terminated.
make: *** [Drivers/STM32H5xx_HAL_Driver/Src/subdir.mk:100: Drivers/STM32H5xx_HAL_Driver/Src/stm32h5xx_hal_eth_ex.o] Error 1
In file included from ../Drivers/STM32H5xx_HAL_Driver/Inc/stm32h5xx_hal.h:29,
                 from ../Drivers/STM32H5xx_HAL_Driver/Src/stm32h5xx_hal_eth.c:178:
../Core/Inc/stm32h5xx_hal_conf.h:409:11: fatal error: stm32h5xx_hal_usart.h: No such file or directory
  409 |  #include "stm32h5xx_hal_usart.h"
      |           ^~~~~~~~~~~~~~~~~~~~~~~
compilation terminated.
In file included from ../Drivers/STM32H5xx_HAL_Driver/Inc/stm32h5xx_hal.h:29,
                 from ../Drivers/STM32H5xx_HAL_Driver/Src/stm32h5xx_hal_dma_ex.c:517:
../Core/Inc/stm32h5xx_hal_conf.h:409:11: fatal error: stm32h5xx_hal_usart.h: No such file or directory
  409 |  #include "stm32h5xx_hal_usart.h"
      |           ^~~~~~~~~~~~~~~~~~~~~~~
compilation terminated.
make: *** [Drivers/STM32H5xx_HAL_Driver/Src/subdir.mk:100: Drivers/STM32H5xx_HAL_Driver/Src/stm32h5xx_hal_eth.o] Error 1
make: *** [Drivers/STM32H5xx_HAL_Driver/Src/subdir.mk:100: Drivers/STM32H5xx_HAL_Driver/Src/stm32h5xx_hal_dma_ex.o] Error 1
In file included from ../Drivers/STM32H5xx_HAL_Driver/Inc/stm32h5xx_hal.h:29,
                 from ../Drivers/STM32H5xx_HAL_Driver/Src/stm32h5xx_hal_exti.c:86:
../Core/Inc/stm32h5xx_hal_conf.h:409:11: fatal error: stm32h5xx_hal_usart.h: No such file or directory
  409 |  #include "stm32h5xx_hal_usart.h"
      |           ^~~~~~~~~~~~~~~~~~~~~~~
compilation terminated.
In file included from ../Drivers/STM32H5xx_HAL_Driver/Inc/stm32h5xx_hal.h:29,
                 from ../Drivers/STM32H5xx_HAL_Driver/Src/stm32h5xx_hal_gpio.c:108:
../Core/Inc/stm32h5xx_hal_conf.h:409:11: fatal error: stm32h5xx_hal_usart.h: No such file or directory
  409 |  #include "stm32h5xx_hal_usart.h"
      |           ^~~~~~~~~~~~~~~~~~~~~~~
compilation terminated.
In file included from ../Drivers/STM32H5xx_HAL_Driver/Inc/stm32h5xx_hal.h:29,
                 from ../Drivers/STM32H5xx_HAL_Driver/Src/stm32h5xx_hal_flash_ex.c:87:
../Core/Inc/stm32h5xx_hal_conf.h:409:11: fatal error: stm32h5xx_hal_usart.h: No such file or directory
  409 |  #include "stm32h5xx_hal_usart.h"
      |           ^~~~~~~~~~~~~~~~~~~~~~~
compilation terminated.
make: *** [Drivers/STM32H5xx_HAL_Driver/Src/subdir.mk:100: Drivers/STM32H5xx_HAL_Driver/Src/stm32h5xx_hal_exti.o] Error 1
make: *** [Drivers/STM32H5xx_HAL_Driver/Src/subdir.mk:100: Drivers/STM32H5xx_HAL_Driver/Src/stm32h5xx_hal_gpio.o] Error 1
make: *** [Drivers/STM32H5xx_HAL_Driver/Src/subdir.mk:100: Drivers/STM32H5xx_HAL_Driver/Src/stm32h5xx_hal_flash_ex.o] Error 1
In file included from ../Drivers/STM32H5xx_HAL_Driver/Inc/stm32h5xx_hal.h:29,
                 from ../Drivers/STM32H5xx_HAL_Driver/Src/stm32h5xx_hal_flash.c:84:
../Core/Inc/stm32h5xx_hal_conf.h:409:11: fatal error: stm32h5xx_hal_usart.h: No such file or directory
  409 |  #include "stm32h5xx_hal_usart.h"
      |           ^~~~~~~~~~~~~~~~~~~~~~~
compilation terminated.
make: *** [Drivers/STM32H5xx_HAL_Driver/Src/subdir.mk:100: Drivers/STM32H5xx_HAL_Driver/Src/stm32h5xx_hal_flash.o] Error 1
"make -j12 all" terminated with exit code 2. Build might be incomplete.
21:48:29 **** Build of configuration Debug for project new_h563zi ****
make -j12 all 
arm-none-eabi-gcc "C:/Users/choua/STM32Cube/Repository/STM32Cube_FW_H5_V1.1.1/Drivers/STM32H5xx_HAL_Driver/Src/stm32h5xx_hal.c" -mcpu=cortex-m33 -std=gnu11 -g3 -DDEBUG -DUSE_FULL_LL_DRIVER -DUSE_HAL_DRIVER -DSTM32H563xx -c -I../Core/Inc -IC:/Users/choua/STM32Cube/Repository/STM32Cube_FW_H5_V1.1.1/Drivers/STM32H5xx_HAL_Driver/Inc -IC:/Users/choua/STM32Cube/Repository/STM32Cube_FW_H5_V1.1.1/Drivers/STM32H5xx_HAL_Driver/Inc/Legacy -IC:/Users/choua/STM32Cube/Repository/STM32Cube_FW_H5_V1.1.1/Drivers/CMSIS/Device/ST/STM32H5xx/Include -IC:/Users/choua/STM32Cube/Repository/STM32Cube_FW_H5_V1.1.1/Drivers/CMSIS/Include -O0 -ffunction-sections -fdata-sections -Wall -fstack-usage -fcyclomatic-complexity -MMD -MP -MF"Drivers/STM32H5xx_HAL_Driver/stm32h5xx_hal.d" -MT"Drivers/STM32H5xx_HAL_Driver/stm32h5xx_hal.o" --specs=nano.specs -mfpu=fpv5-sp-d16 -mfloat-abi=hard -mthumb -o "Drivers/STM32H5xx_HAL_Driver/stm32h5xx_hal.o"
arm-none-eabi-gcc "C:/Users/choua/STM32Cube/Repository/STM32Cube_FW_H5_V1.1.1/Drivers/STM32H5xx_HAL_Driver/Src/stm32h5xx_hal_adc.c" -mcpu=cortex-m33 -std=gnu11 -g3 -DDEBUG -DUSE_FULL_LL_DRIVER -DUSE_HAL_DRIVER -DSTM32H563xx -c -I../Core/Inc -IC:/Users/choua/STM32Cube/Repository/STM32Cube_FW_H5_V1.1.1/Drivers/STM32H5xx_HAL_Driver/Inc -IC:/Users/choua/STM32Cube/Repository/STM32Cube_FW_H5_V1.1.1/Drivers/STM32H5xx_HAL_Driver/Inc/Legacy -IC:/Users/choua/STM32Cube/Repository/STM32Cube_FW_H5_V1.1.1/Drivers/CMSIS/Device/ST/STM32H5xx/Include -IC:/Users/choua/STM32Cube/Repository/STM32Cube_FW_H5_V1.1.1/Drivers/CMSIS/Include -O0 -ffunction-sections -fdata-sections -Wall -fstack-usage -fcyclomatic-complexity -MMD -MP -MF"Drivers/STM32H5xx_HAL_Driver/stm32h5xx_hal_adc.d" -MT"Drivers/STM32H5xx_HAL_Driver/stm32h5xx_hal_adc.o" --specs=nano.specs -mfpu=fpv5-sp-d16 -mfloat-abi=hard -mthumb -o "Drivers/STM32H5xx_HAL_Driver/stm32h5xx_hal_adc.o"
arm-none-eabi-gcc "C:/Users/choua/STM32Cube/Repository/STM32Cube_FW_H5_V1.1.1/Drivers/STM32H5xx_HAL_Driver/Src/stm32h5xx_hal_adc_ex.c" -mcpu=cortex-m33 -std=gnu11 -g3 -DDEBUG -DUSE_FULL_LL_DRIVER -DUSE_HAL_DRIVER -DSTM32H563xx -c -I../Core/Inc -IC:/Users/choua/STM32Cube/Repository/STM32Cube_FW_H5_V1.1.1/Drivers/STM32H5xx_HAL_Driver/Inc -IC:/Users/choua/STM32Cube/Repository/STM32Cube_FW_H5_V1.1.1/Drivers/STM32H5xx_HAL_Driver/Inc/Legacy -IC:/Users/choua/STM32Cube/Repository/STM32Cube_FW_H5_V1.1.1/Drivers/CMSIS/Device/ST/STM32H5xx/Include -IC:/Users/choua/STM32Cube/Repository/STM32Cube_FW_H5_V1.1.1/Drivers/CMSIS/Include -O0 -ffunction-sections -fdata-sections -Wall -fstack-usage -fcyclomatic-complexity -MMD -MP -MF"Drivers/STM32H5xx_HAL_Driver/stm32h5xx_hal_adc_ex.d" -MT"Drivers/STM32H5xx_HAL_Driver/stm32h5xx_hal_adc_ex.o" --specs=nano.specs -mfpu=fpv5-sp-d16 -mfloat-abi=hard -mthumb -o "Drivers/STM32H5xx_HAL_Driver/stm32h5xx_hal_adc_ex.o"
arm-none-eabi-gcc "C:/Users/choua/STM32Cube/Repository/STM32Cube_FW_H5_V1.1.1/Drivers/STM32H5xx_HAL_Driver/Src/stm32h5xx_hal_cortex.c" -mcpu=cortex-m33 -std=gnu11 -g3 -DDEBUG -DUSE_FULL_LL_DRIVER -DUSE_HAL_DRIVER -DSTM32H563xx -c -I../Core/Inc -IC:/Users/choua/STM32Cube/Repository/STM32Cube_FW_H5_V1.1.1/Drivers/STM32H5xx_HAL_Driver/Inc -IC:/Users/choua/STM32Cube/Repository/STM32Cube_FW_H5_V1.1.1/Drivers/STM32H5xx_HAL_Driver/Inc/Legacy -IC:/Users/choua/STM32Cube/Repository/STM32Cube_FW_H5_V1.1.1/Drivers/CMSIS/Device/ST/STM32H5xx/Include -IC:/Users/choua/STM32Cube/Repository/STM32Cube_FW_H5_V1.1.1/Drivers/CMSIS/Include -O0 -ffunction-sections -fdata-sections -Wall -fstack-usage -fcyclomatic-complexity -MMD -MP -MF"Drivers/STM32H5xx_HAL_Driver/stm32h5xx_hal_cortex.d" -MT"Drivers/STM32H5xx_HAL_Driver/stm32h5xx_hal_cortex.o" --specs=nano.specs -mfpu=fpv5-sp-d16 -mfloat-abi=hard -mthumb -o "Drivers/STM32H5xx_HAL_Driver/stm32h5xx_hal_cortex.o"
arm-none-eabi-gcc "C:/Users/choua/STM32Cube/Repository/STM32Cube_FW_H5_V1.1.1/Drivers/STM32H5xx_HAL_Driver/Src/stm32h5xx_hal_dma.c" -mcpu=cortex-m33 -std=gnu11 -g3 -DDEBUG -DUSE_FULL_LL_DRIVER -DUSE_HAL_DRIVER -DSTM32H563xx -c -I../Core/Inc -IC:/Users/choua/STM32Cube/Repository/STM32Cube_FW_H5_V1.1.1/Drivers/STM32H5xx_HAL_Driver/Inc -IC:/Users/choua/STM32Cube/Repository/STM32Cube_FW_H5_V1.1.1/Drivers/STM32H5xx_HAL_Driver/Inc/Legacy -IC:/Users/choua/STM32Cube/Repository/STM32Cube_FW_H5_V1.1.1/Drivers/CMSIS/Device/ST/STM32H5xx/Include -IC:/Users/choua/STM32Cube/Repository/STM32Cube_FW_H5_V1.1.1/Drivers/CMSIS/Include -O0 -ffunction-sections -fdata-sections -Wall -fstack-usage -fcyclomatic-complexity -MMD -MP -MF"Drivers/STM32H5xx_HAL_Driver/stm32h5xx_hal_dma.d" -MT"Drivers/STM32H5xx_HAL_Driver/stm32h5xx_hal_dma.o" --specs=nano.specs -mfpu=fpv5-sp-d16 -mfloat-abi=hard -mthumb -o "Drivers/STM32H5xx_HAL_Driver/stm32h5xx_hal_dma.o"
arm-none-eabi-gcc "C:/Users/choua/STM32Cube/Repository/STM32Cube_FW_H5_V1.1.1/Drivers/STM32H5xx_HAL_Driver/Src/stm32h5xx_hal_dma_ex.c" -mcpu=cortex-m33 -std=gnu11 -g3 -DDEBUG -DUSE_FULL_LL_DRIVER -DUSE_HAL_DRIVER -DSTM32H563xx -c -I../Core/Inc -IC:/Users/choua/STM32Cube/Repository/STM32Cube_FW_H5_V1.1.1/Drivers/STM32H5xx_HAL_Driver/Inc -IC:/Users/choua/STM32Cube/Repository/STM32Cube_FW_H5_V1.1.1/Drivers/STM32H5xx_HAL_Driver/Inc/Legacy -IC:/Users/choua/STM32Cube/Repository/STM32Cube_FW_H5_V1.1.1/Drivers/CMSIS/Device/ST/STM32H5xx/Include -IC:/Users/choua/STM32Cube/Repository/STM32Cube_FW_H5_V1.1.1/Drivers/CMSIS/Include -O0 -ffunction-sections -fdata-sections -Wall -fstack-usage -fcyclomatic-complexity -MMD -MP -MF"Drivers/STM32H5xx_HAL_Driver/stm32h5xx_hal_dma_ex.d" -MT"Drivers/STM32H5xx_HAL_Driver/stm32h5xx_hal_dma_ex.o" --specs=nano.specs -mfpu=fpv5-sp-d16 -mfloat-abi=hard -mthumb -o "Drivers/STM32H5xx_HAL_Driver/stm32h5xx_hal_dma_ex.o"
arm-none-eabi-gcc "C:/Users/choua/STM32Cube/Repository/STM32Cube_FW_H5_V1.1.1/Drivers/STM32H5xx_HAL_Driver/Src/stm32h5xx_hal_eth.c" -mcpu=cortex-m33 -std=gnu11 -g3 -DDEBUG -DUSE_FULL_LL_DRIVER -DUSE_HAL_DRIVER -DSTM32H563xx -c -I../Core/Inc -IC:/Users/choua/STM32Cube/Repository/STM32Cube_FW_H5_V1.1.1/Drivers/STM32H5xx_HAL_Driver/Inc -IC:/Users/choua/STM32Cube/Repository/STM32Cube_FW_H5_V1.1.1/Drivers/STM32H5xx_HAL_Driver/Inc/Legacy -IC:/Users/choua/STM32Cube/Repository/STM32Cube_FW_H5_V1.1.1/Drivers/CMSIS/Device/ST/STM32H5xx/Include -IC:/Users/choua/STM32Cube/Repository/STM32Cube_FW_H5_V1.1.1/Drivers/CMSIS/Include -O0 -ffunction-sections -fdata-sections -Wall -fstack-usage -fcyclomatic-complexity -MMD -MP -MF"Drivers/STM32H5xx_HAL_Driver/stm32h5xx_hal_eth.d" -MT"Drivers/STM32H5xx_HAL_Driver/stm32h5xx_hal_eth.o" --specs=nano.specs -mfpu=fpv5-sp-d16 -mfloat-abi=hard -mthumb -o "Drivers/STM32H5xx_HAL_Driver/stm32h5xx_hal_eth.o"
arm-none-eabi-gcc "C:/Users/choua/STM32Cube/Repository/STM32Cube_FW_H5_V1.1.1/Drivers/STM32H5xx_HAL_Driver/Src/stm32h5xx_hal_eth_ex.c" -mcpu=cortex-m33 -std=gnu11 -g3 -DDEBUG -DUSE_FULL_LL_DRIVER -DUSE_HAL_DRIVER -DSTM32H563xx -c -I../Core/Inc -IC:/Users/choua/STM32Cube/Repository/STM32Cube_FW_H5_V1.1.1/Drivers/STM32H5xx_HAL_Driver/Inc -IC:/Users/choua/STM32Cube/Repository/STM32Cube_FW_H5_V1.1.1/Drivers/STM32H5xx_HAL_Driver/Inc/Legacy -IC:/Users/choua/STM32Cube/Repository/STM32Cube_FW_H5_V1.1.1/Drivers/CMSIS/Device/ST/STM32H5xx/Include -IC:/Users/choua/STM32Cube/Repository/STM32Cube_FW_H5_V1.1.1/Drivers/CMSIS/Include -O0 -ffunction-sections -fdata-sections -Wall -fstack-usage -fcyclomatic-complexity -MMD -MP -MF"Drivers/STM32H5xx_HAL_Driver/stm32h5xx_hal_eth_ex.d" -MT"Drivers/STM32H5xx_HAL_Driver/stm32h5xx_hal_eth_ex.o" --specs=nano.specs -mfpu=fpv5-sp-d16 -mfloat-abi=hard -mthumb -o "Drivers/STM32H5xx_HAL_Driver/stm32h5xx_hal_eth_ex.o"
arm-none-eabi-gcc "C:/Users/choua/STM32Cube/Repository/STM32Cube_FW_H5_V1.1.1/Drivers/STM32H5xx_HAL_Driver/Src/stm32h5xx_hal_exti.c" -mcpu=cortex-m33 -std=gnu11 -g3 -DDEBUG -DUSE_FULL_LL_DRIVER -DUSE_HAL_DRIVER -DSTM32H563xx -c -I../Core/Inc -IC:/Users/choua/STM32Cube/Repository/STM32Cube_FW_H5_V1.1.1/Drivers/STM32H5xx_HAL_Driver/Inc -IC:/Users/choua/STM32Cube/Repository/STM32Cube_FW_H5_V1.1.1/Drivers/STM32H5xx_HAL_Driver/Inc/Legacy -IC:/Users/choua/STM32Cube/Repository/STM32Cube_FW_H5_V1.1.1/Drivers/CMSIS/Device/ST/STM32H5xx/Include -IC:/Users/choua/STM32Cube/Repository/STM32Cube_FW_H5_V1.1.1/Drivers/CMSIS/Include -O0 -ffunction-sections -fdata-sections -Wall -fstack-usage -fcyclomatic-complexity -MMD -MP -MF"Drivers/STM32H5xx_HAL_Driver/stm32h5xx_hal_exti.d" -MT"Drivers/STM32H5xx_HAL_Driver/stm32h5xx_hal_exti.o" --specs=nano.specs -mfpu=fpv5-sp-d16 -mfloat-abi=hard -mthumb -o "Drivers/STM32H5xx_HAL_Driver/stm32h5xx_hal_exti.o"
arm-none-eabi-gcc "C:/Users/choua/STM32Cube/Repository/STM32Cube_FW_H5_V1.1.1/Drivers/STM32H5xx_HAL_Driver/Src/stm32h5xx_hal_flash.c" -mcpu=cortex-m33 -std=gnu11 -g3 -DDEBUG -DUSE_FULL_LL_DRIVER -DUSE_HAL_DRIVER -DSTM32H563xx -c -I../Core/Inc -IC:/Users/choua/STM32Cube/Repository/STM32Cube_FW_H5_V1.1.1/Drivers/STM32H5xx_HAL_Driver/Inc -IC:/Users/choua/STM32Cube/Repository/STM32Cube_FW_H5_V1.1.1/Drivers/STM32H5xx_HAL_Driver/Inc/Legacy -IC:/Users/choua/STM32Cube/Repository/STM32Cube_FW_H5_V1.1.1/Drivers/CMSIS/Device/ST/STM32H5xx/Include -IC:/Users/choua/STM32Cube/Repository/STM32Cube_FW_H5_V1.1.1/Drivers/CMSIS/Include -O0 -ffunction-sections -fdata-sections -Wall -fstack-usage -fcyclomatic-complexity -MMD -MP -MF"Drivers/STM32H5xx_HAL_Driver/stm32h5xx_hal_flash.d" -MT"Drivers/STM32H5xx_HAL_Driver/stm32h5xx_hal_flash.o" --specs=nano.specs -mfpu=fpv5-sp-d16 -mfloat-abi=hard -mthumb -o "Drivers/STM32H5xx_HAL_Driver/stm32h5xx_hal_flash.o"
arm-none-eabi-gcc "C:/Users/choua/STM32Cube/Repository/STM32Cube_FW_H5_V1.1.1/Drivers/STM32H5xx_HAL_Driver/Src/stm32h5xx_hal_flash_ex.c" -mcpu=cortex-m33 -std=gnu11 -g3 -DDEBUG -DUSE_FULL_LL_DRIVER -DUSE_HAL_DRIVER -DSTM32H563xx -c -I../Core/Inc -IC:/Users/choua/STM32Cube/Repository/STM32Cube_FW_H5_V1.1.1/Drivers/STM32H5xx_HAL_Driver/Inc -IC:/Users/choua/STM32Cube/Repository/STM32Cube_FW_H5_V1.1.1/Drivers/STM32H5xx_HAL_Driver/Inc/Legacy -IC:/Users/choua/STM32Cube/Repository/STM32Cube_FW_H5_V1.1.1/Drivers/CMSIS/Device/ST/STM32H5xx/Include -IC:/Users/choua/STM32Cube/Repository/STM32Cube_FW_H5_V1.1.1/Drivers/CMSIS/Include -O0 -ffunction-sections -fdata-sections -Wall -fstack-usage -fcyclomatic-complexity -MMD -MP -MF"Drivers/STM32H5xx_HAL_Driver/stm32h5xx_hal_flash_ex.d" -MT"Drivers/STM32H5xx_HAL_Driver/stm32h5xx_hal_flash_ex.o" --specs=nano.specs -mfpu=fpv5-sp-d16 -mfloat-abi=hard -mthumb -o "Drivers/STM32H5xx_HAL_Driver/stm32h5xx_hal_flash_ex.o"
arm-none-eabi-gcc "C:/Users/choua/STM32Cube/Repository/STM32Cube_FW_H5_V1.1.1/Drivers/STM32H5xx_HAL_Driver/Src/stm32h5xx_hal_gpio.c" -mcpu=cortex-m33 -std=gnu11 -g3 -DDEBUG -DUSE_FULL_LL_DRIVER -DUSE_HAL_DRIVER -DSTM32H563xx -c -I../Core/Inc -IC:/Users/choua/STM32Cube/Repository/STM32Cube_FW_H5_V1.1.1/Drivers/STM32H5xx_HAL_Driver/Inc -IC:/Users/choua/STM32Cube/Repository/STM32Cube_FW_H5_V1.1.1/Drivers/STM32H5xx_HAL_Driver/Inc/Legacy -IC:/Users/choua/STM32Cube/Repository/STM32Cube_FW_H5_V1.1.1/Drivers/CMSIS/Device/ST/STM32H5xx/Include -IC:/Users/choua/STM32Cube/Repository/STM32Cube_FW_H5_V1.1.1/Drivers/CMSIS/Include -O0 -ffunction-sections -fdata-sections -Wall -fstack-usage -fcyclomatic-complexity -MMD -MP -MF"Drivers/STM32H5xx_HAL_Driver/stm32h5xx_hal_gpio.d" -MT"Drivers/STM32H5xx_HAL_Driver/stm32h5xx_hal_gpio.o" --specs=nano.specs -mfpu=fpv5-sp-d16 -mfloat-abi=hard -mthumb -o "Drivers/STM32H5xx_HAL_Driver/stm32h5xx_hal_gpio.o"
arm-none-eabi-gcc "C:/Users/choua/STM32Cube/Repository/STM32Cube_FW_H5_V1.1.1/Drivers/STM32H5xx_HAL_Driver/Src/stm32h5xx_hal_icache.c" -mcpu=cortex-m33 -std=gnu11 -g3 -DDEBUG -DUSE_FULL_LL_DRIVER -DUSE_HAL_DRIVER -DSTM32H563xx -c -I../Core/Inc -IC:/Users/choua/STM32Cube/Repository/STM32Cube_FW_H5_V1.1.1/Drivers/STM32H5xx_HAL_Driver/Inc -IC:/Users/choua/STM32Cube/Repository/STM32Cube_FW_H5_V1.1.1/Drivers/STM32H5xx_HAL_Driver/Inc/Legacy -IC:/Users/choua/STM32Cube/Repository/STM32Cube_FW_H5_V1.1.1/Drivers/CMSIS/Device/ST/STM32H5xx/Include -IC:/Users/choua/STM32Cube/Repository/STM32Cube_FW_H5_V1.1.1/Drivers/CMSIS/Include -O0 -ffunction-sections -fdata-sections -Wall -fstack-usage -fcyclomatic-complexity -MMD -MP -MF"Drivers/STM32H5xx_HAL_Driver/stm32h5xx_hal_icache.d" -MT"Drivers/STM32H5xx_HAL_Driver/stm32h5xx_hal_icache.o" --specs=nano.specs -mfpu=fpv5-sp-d16 -mfloat-abi=hard -mthumb -o "Drivers/STM32H5xx_HAL_Driver/stm32h5xx_hal_icache.o"
arm-none-eabi-gcc "C:/Users/choua/STM32Cube/Repository/STM32Cube_FW_H5_V1.1.1/Drivers/STM32H5xx_HAL_Driver/Src/stm32h5xx_hal_pcd.c" -mcpu=cortex-m33 -std=gnu11 -g3 -DDEBUG -DUSE_FULL_LL_DRIVER -DUSE_HAL_DRIVER -DSTM32H563xx -c -I../Core/Inc -IC:/Users/choua/STM32Cube/Repository/STM32Cube_FW_H5_V1.1.1/Drivers/STM32H5xx_HAL_Driver/Inc -IC:/Users/choua/STM32Cube/Repository/STM32Cube_FW_H5_V1.1.1/Drivers/STM32H5xx_HAL_Driver/Inc/Legacy -IC:/Users/choua/STM32Cube/Repository/STM32Cube_FW_H5_V1.1.1/Drivers/CMSIS/Device/ST/STM32H5xx/Include -IC:/Users/choua/STM32Cube/Repository/STM32Cube_FW_H5_V1.1.1/Drivers/CMSIS/Include -O0 -ffunction-sections -fdata-sections -Wall -fstack-usage -fcyclomatic-complexity -MMD -MP -MF"Drivers/STM32H5xx_HAL_Driver/stm32h5xx_hal_pcd.d" -MT"Drivers/STM32H5xx_HAL_Driver/stm32h5xx_hal_pcd.o" --specs=nano.specs -mfpu=fpv5-sp-d16 -mfloat-abi=hard -mthumb -o "Drivers/STM32H5xx_HAL_Driver/stm32h5xx_hal_pcd.o"
arm-none-eabi-gcc "C:/Users/choua/STM32Cube/Repository/STM32Cube_FW_H5_V1.1.1/Drivers/STM32H5xx_HAL_Driver/Src/stm32h5xx_hal_pcd_ex.c" -mcpu=cortex-m33 -std=gnu11 -g3 -DDEBUG -DUSE_FULL_LL_DRIVER -DUSE_HAL_DRIVER -DSTM32H563xx -c -I../Core/Inc -IC:/Users/choua/STM32Cube/Repository/STM32Cube_FW_H5_V1.1.1/Drivers/STM32H5xx_HAL_Driver/Inc -IC:/Users/choua/STM32Cube/Repository/STM32Cube_FW_H5_V1.1.1/Drivers/STM32H5xx_HAL_Driver/Inc/Legacy -IC:/Users/choua/STM32Cube/Repository/STM32Cube_FW_H5_V1.1.1/Drivers/CMSIS/Device/ST/STM32H5xx/Include -IC:/Users/choua/STM32Cube/Repository/STM32Cube_FW_H5_V1.1.1/Drivers/CMSIS/Include -O0 -ffunction-sections -fdata-sections -Wall -fstack-usage -fcyclomatic-complexity -MMD -MP -MF"Drivers/STM32H5xx_HAL_Driver/stm32h5xx_hal_pcd_ex.d" -MT"Drivers/STM32H5xx_HAL_Driver/stm32h5xx_hal_pcd_ex.o" --specs=nano.specs -mfpu=fpv5-sp-d16 -mfloat-abi=hard -mthumb -o "Drivers/STM32H5xx_HAL_Driver/stm32h5xx_hal_pcd_ex.o"
arm-none-eabi-gcc "C:/Users/choua/STM32Cube/Repository/STM32Cube_FW_H5_V1.1.1/Drivers/STM32H5xx_HAL_Driver/Src/stm32h5xx_hal_pwr.c" -mcpu=cortex-m33 -std=gnu11 -g3 -DDEBUG -DUSE_FULL_LL_DRIVER -DUSE_HAL_DRIVER -DSTM32H563xx -c -I../Core/Inc -IC:/Users/choua/STM32Cube/Repository/STM32Cube_FW_H5_V1.1.1/Drivers/STM32H5xx_HAL_Driver/Inc -IC:/Users/choua/STM32Cube/Repository/STM32Cube_FW_H5_V1.1.1/Drivers/STM32H5xx_HAL_Driver/Inc/Legacy -IC:/Users/choua/STM32Cube/Repository/STM32Cube_FW_H5_V1.1.1/Drivers/CMSIS/Device/ST/STM32H5xx/Include -IC:/Users/choua/STM32Cube/Repository/STM32Cube_FW_H5_V1.1.1/Drivers/CMSIS/Include -O0 -ffunction-sections -fdata-sections -Wall -fstack-usage -fcyclomatic-complexity -MMD -MP -MF"Drivers/STM32H5xx_HAL_Driver/stm32h5xx_hal_pwr.d" -MT"Drivers/STM32H5xx_HAL_Driver/stm32h5xx_hal_pwr.o" --specs=nano.specs -mfpu=fpv5-sp-d16 -mfloat-abi=hard -mthumb -o "Drivers/STM32H5xx_HAL_Driver/stm32h5xx_hal_pwr.o"
arm-none-eabi-gcc "C:/Users/choua/STM32Cube/Repository/STM32Cube_FW_H5_V1.1.1/Drivers/STM32H5xx_HAL_Driver/Src/stm32h5xx_hal_pwr_ex.c" -mcpu=cortex-m33 -std=gnu11 -g3 -DDEBUG -DUSE_FULL_LL_DRIVER -DUSE_HAL_DRIVER -DSTM32H563xx -c -I../Core/Inc -IC:/Users/choua/STM32Cube/Repository/STM32Cube_FW_H5_V1.1.1/Drivers/STM32H5xx_HAL_Driver/Inc -IC:/Users/choua/STM32Cube/Repository/STM32Cube_FW_H5_V1.1.1/Drivers/STM32H5xx_HAL_Driver/Inc/Legacy -IC:/Users/choua/STM32Cube/Repository/STM32Cube_FW_H5_V1.1.1/Drivers/CMSIS/Device/ST/STM32H5xx/Include -IC:/Users/choua/STM32Cube/Repository/STM32Cube_FW_H5_V1.1.1/Drivers/CMSIS/Include -O0 -ffunction-sections -fdata-sections -Wall -fstack-usage -fcyclomatic-complexity -MMD -MP -MF"Drivers/STM32H5xx_HAL_Driver/stm32h5xx_hal_pwr_ex.d" -MT"Drivers/STM32H5xx_HAL_Driver/stm32h5xx_hal_pwr_ex.o" --specs=nano.specs -mfpu=fpv5-sp-d16 -mfloat-abi=hard -mthumb -o "Drivers/STM32H5xx_HAL_Driver/stm32h5xx_hal_pwr_ex.o"
arm-none-eabi-gcc "C:/Users/choua/STM32Cube/Repository/STM32Cube_FW_H5_V1.1.1/Drivers/STM32H5xx_HAL_Driver/Src/stm32h5xx_hal_rcc.c" -mcpu=cortex-m33 -std=gnu11 -g3 -DDEBUG -DUSE_FULL_LL_DRIVER -DUSE_HAL_DRIVER -DSTM32H563xx -c -I../Core/Inc -IC:/Users/choua/STM32Cube/Repository/STM32Cube_FW_H5_V1.1.1/Drivers/STM32H5xx_HAL_Driver/Inc -IC:/Users/choua/STM32Cube/Repository/STM32Cube_FW_H5_V1.1.1/Drivers/STM32H5xx_HAL_Driver/Inc/Legacy -IC:/Users/choua/STM32Cube/Repository/STM32Cube_FW_H5_V1.1.1/Drivers/CMSIS/Device/ST/STM32H5xx/Include -IC:/Users/choua/STM32Cube/Repository/STM32Cube_FW_H5_V1.1.1/Drivers/CMSIS/Include -O0 -ffunction-sections -fdata-sections -Wall -fstack-usage -fcyclomatic-complexity -MMD -MP -MF"Drivers/STM32H5xx_HAL_Driver/stm32h5xx_hal_rcc.d" -MT"Drivers/STM32H5xx_HAL_Driver/stm32h5xx_hal_rcc.o" --specs=nano.specs -mfpu=fpv5-sp-d16 -mfloat-abi=hard -mthumb -o "Drivers/STM32H5xx_HAL_Driver/stm32h5xx_hal_rcc.o"
arm-none-eabi-gcc "C:/Users/choua/STM32Cube/Repository/STM32Cube_FW_H5_V1.1.1/Drivers/STM32H5xx_HAL_Driver/Src/stm32h5xx_hal_rcc_ex.c" -mcpu=cortex-m33 -std=gnu11 -g3 -DDEBUG -DUSE_FULL_LL_DRIVER -DUSE_HAL_DRIVER -DSTM32H563xx -c -I../Core/Inc -IC:/Users/choua/STM32Cube/Repository/STM32Cube_FW_H5_V1.1.1/Drivers/STM32H5xx_HAL_Driver/Inc -IC:/Users/choua/STM32Cube/Repository/STM32Cube_FW_H5_V1.1.1/Drivers/STM32H5xx_HAL_Driver/Inc/Legacy -IC:/Users/choua/STM32Cube/Repository/STM32Cube_FW_H5_V1.1.1/Drivers/CMSIS/Device/ST/STM32H5xx/Include -IC:/Users/choua/STM32Cube/Repository/STM32Cube_FW_H5_V1.1.1/Drivers/CMSIS/Include -O0 -ffunction-sections -fdata-sections -Wall -fstack-usage -fcyclomatic-complexity -MMD -MP -MF"Drivers/STM32H5xx_HAL_Driver/stm32h5xx_hal_rcc_ex.d" -MT"Drivers/STM32H5xx_HAL_Driver/stm32h5xx_hal_rcc_ex.o" --specs=nano.specs -mfpu=fpv5-sp-d16 -mfloat-abi=hard -mthumb -o "Drivers/STM32H5xx_HAL_Driver/stm32h5xx_hal_rcc_ex.o"
arm-none-eabi-gcc "C:/Users/choua/STM32Cube/Repository/STM32Cube_FW_H5_V1.1.1/Drivers/STM32H5xx_HAL_Driver/Src/stm32h5xx_hal_uart.c" -mcpu=cortex-m33 -std=gnu11 -g3 -DDEBUG -DUSE_FULL_LL_DRIVER -DUSE_HAL_DRIVER -DSTM32H563xx -c -I../Core/Inc -IC:/Users/choua/STM32Cube/Repository/STM32Cube_FW_H5_V1.1.1/Drivers/STM32H5xx_HAL_Driver/Inc -IC:/Users/choua/STM32Cube/Repository/STM32Cube_FW_H5_V1.1.1/Drivers/STM32H5xx_HAL_Driver/Inc/Legacy -IC:/Users/choua/STM32Cube/Repository/STM32Cube_FW_H5_V1.1.1/Drivers/CMSIS/Device/ST/STM32H5xx/Include -IC:/Users/choua/STM32Cube/Repository/STM32Cube_FW_H5_V1.1.1/Drivers/CMSIS/Include -O0 -ffunction-sections -fdata-sections -Wall -fstack-usage -fcyclomatic-complexity -MMD -MP -MF"Drivers/STM32H5xx_HAL_Driver/stm32h5xx_hal_uart.d" -MT"Drivers/STM32H5xx_HAL_Driver/stm32h5xx_hal_uart.o" --specs=nano.specs -mfpu=fpv5-sp-d16 -mfloat-abi=hard -mthumb -o "Drivers/STM32H5xx_HAL_Driver/stm32h5xx_hal_uart.o"
arm-none-eabi-gcc "C:/Users/choua/STM32Cube/Repository/STM32Cube_FW_H5_V1.1.1/Drivers/STM32H5xx_HAL_Driver/Src/stm32h5xx_hal_uart_ex.c" -mcpu=cortex-m33 -std=gnu11 -g3 -DDEBUG -DUSE_FULL_LL_DRIVER -DUSE_HAL_DRIVER -DSTM32H563xx -c -I../Core/Inc -IC:/Users/choua/STM32Cube/Repository/STM32Cube_FW_H5_V1.1.1/Drivers/STM32H5xx_HAL_Driver/Inc -IC:/Users/choua/STM32Cube/Repository/STM32Cube_FW_H5_V1.1.1/Drivers/STM32H5xx_HAL_Driver/Inc/Legacy -IC:/Users/choua/STM32Cube/Repository/STM32Cube_FW_H5_V1.1.1/Drivers/CMSIS/Device/ST/STM32H5xx/Include -IC:/Users/choua/STM32Cube/Repository/STM32Cube_FW_H5_V1.1.1/Drivers/CMSIS/Include -O0 -ffunction-sections -fdata-sections -Wall -fstack-usage -fcyclomatic-complexity -MMD -MP -MF"Drivers/STM32H5xx_HAL_Driver/stm32h5xx_hal_uart_ex.d" -MT"Drivers/STM32H5xx_HAL_Driver/stm32h5xx_hal_uart_ex.o" --specs=nano.specs -mfpu=fpv5-sp-d16 -mfloat-abi=hard -mthumb -o "Drivers/STM32H5xx_HAL_Driver/stm32h5xx_hal_uart_ex.o"
arm-none-eabi-gcc "C:/Users/choua/STM32Cube/Repository/STM32Cube_FW_H5_V1.1.1/Drivers/STM32H5xx_HAL_Driver/Src/stm32h5xx_ll_dma.c" -mcpu=cortex-m33 -std=gnu11 -g3 -DDEBUG -DUSE_FULL_LL_DRIVER -DUSE_HAL_DRIVER -DSTM32H563xx -c -I../Core/Inc -IC:/Users/choua/STM32Cube/Repository/STM32Cube_FW_H5_V1.1.1/Drivers/STM32H5xx_HAL_Driver/Inc -IC:/Users/choua/STM32Cube/Repository/STM32Cube_FW_H5_V1.1.1/Drivers/STM32H5xx_HAL_Driver/Inc/Legacy -IC:/Users/choua/STM32Cube/Repository/STM32Cube_FW_H5_V1.1.1/Drivers/CMSIS/Device/ST/STM32H5xx/Include -IC:/Users/choua/STM32Cube/Repository/STM32Cube_FW_H5_V1.1.1/Drivers/CMSIS/Include -O0 -ffunction-sections -fdata-sections -Wall -fstack-usage -fcyclomatic-complexity -MMD -MP -MF"Drivers/STM32H5xx_HAL_Driver/stm32h5xx_ll_dma.d" -MT"Drivers/STM32H5xx_HAL_Driver/stm32h5xx_ll_dma.o" --specs=nano.specs -mfpu=fpv5-sp-d16 -mfloat-abi=hard -mthumb -o "Drivers/STM32H5xx_HAL_Driver/stm32h5xx_ll_dma.o"
arm-none-eabi-gcc "C:/Users/choua/STM32Cube/Repository/STM32Cube_FW_H5_V1.1.1/Drivers/STM32H5xx_HAL_Driver/Src/stm32h5xx_ll_exti.c" -mcpu=cortex-m33 -std=gnu11 -g3 -DDEBUG -DUSE_FULL_LL_DRIVER -DUSE_HAL_DRIVER -DSTM32H563xx -c -I../Core/Inc -IC:/Users/choua/STM32Cube/Repository/STM32Cube_FW_H5_V1.1.1/Drivers/STM32H5xx_HAL_Driver/Inc -IC:/Users/choua/STM32Cube/Repository/STM32Cube_FW_H5_V1.1.1/Drivers/STM32H5xx_HAL_Driver/Inc/Legacy -IC:/Users/choua/STM32Cube/Repository/STM32Cube_FW_H5_V1.1.1/Drivers/CMSIS/Device/ST/STM32H5xx/Include -IC:/Users/choua/STM32Cube/Repository/STM32Cube_FW_H5_V1.1.1/Drivers/CMSIS/Include -O0 -ffunction-sections -fdata-sections -Wall -fstack-usage -fcyclomatic-complexity -MMD -MP -MF"Drivers/STM32H5xx_HAL_Driver/stm32h5xx_ll_exti.d" -MT"Drivers/STM32H5xx_HAL_Driver/stm32h5xx_ll_exti.o" --specs=nano.specs -mfpu=fpv5-sp-d16 -mfloat-abi=hard -mthumb -o "Drivers/STM32H5xx_HAL_Driver/stm32h5xx_ll_exti.o"
arm-none-eabi-gcc "C:/Users/choua/STM32Cube/Repository/STM32Cube_FW_H5_V1.1.1/Drivers/STM32H5xx_HAL_Driver/Src/stm32h5xx_ll_gpio.c" -mcpu=cortex-m33 -std=gnu11 -g3 -DDEBUG -DUSE_FULL_LL_DRIVER -DUSE_HAL_DRIVER -DSTM32H563xx -c -I../Core/Inc -IC:/Users/choua/STM32Cube/Repository/STM32Cube_FW_H5_V1.1.1/Drivers/STM32H5xx_HAL_Driver/Inc -IC:/Users/choua/STM32Cube/Repository/STM32Cube_FW_H5_V1.1.1/Drivers/STM32H5xx_HAL_Driver/Inc/Legacy -IC:/Users/choua/STM32Cube/Repository/STM32Cube_FW_H5_V1.1.1/Drivers/CMSIS/Device/ST/STM32H5xx/Include -IC:/Users/choua/STM32Cube/Repository/STM32Cube_FW_H5_V1.1.1/Drivers/CMSIS/Include -O0 -ffunction-sections -fdata-sections -Wall -fstack-usage -fcyclomatic-complexity -MMD -MP -MF"Drivers/STM32H5xx_HAL_Driver/stm32h5xx_ll_gpio.d" -MT"Drivers/STM32H5xx_HAL_Driver/stm32h5xx_ll_gpio.o" --specs=nano.specs -mfpu=fpv5-sp-d16 -mfloat-abi=hard -mthumb -o "Drivers/STM32H5xx_HAL_Driver/stm32h5xx_ll_gpio.o"
arm-none-eabi-gcc "C:/Users/choua/STM32Cube/Repository/STM32Cube_FW_H5_V1.1.1/Drivers/STM32H5xx_HAL_Driver/Src/stm32h5xx_ll_rcc.c" -mcpu=cortex-m33 -std=gnu11 -g3 -DDEBUG -DUSE_FULL_LL_DRIVER -DUSE_HAL_DRIVER -DSTM32H563xx -c -I../Core/Inc -IC:/Users/choua/STM32Cube/Repository/STM32Cube_FW_H5_V1.1.1/Drivers/STM32H5xx_HAL_Driver/Inc -IC:/Users/choua/STM32Cube/Repository/STM32Cube_FW_H5_V1.1.1/Drivers/STM32H5xx_HAL_Driver/Inc/Legacy -IC:/Users/choua/STM32Cube/Repository/STM32Cube_FW_H5_V1.1.1/Drivers/CMSIS/Device/ST/STM32H5xx/Include -IC:/Users/choua/STM32Cube/Repository/STM32Cube_FW_H5_V1.1.1/Drivers/CMSIS/Include -O0 -ffunction-sections -fdata-sections -Wall -fstack-usage -fcyclomatic-complexity -MMD -MP -MF"Drivers/STM32H5xx_HAL_Driver/stm32h5xx_ll_rcc.d" -MT"Drivers/STM32H5xx_HAL_Driver/stm32h5xx_ll_rcc.o" --specs=nano.specs -mfpu=fpv5-sp-d16 -mfloat-abi=hard -mthumb -o "Drivers/STM32H5xx_HAL_Driver/stm32h5xx_ll_rcc.o"
arm-none-eabi-gcc "C:/Users/choua/STM32Cube/Repository/STM32Cube_FW_H5_V1.1.1/Drivers/STM32H5xx_HAL_Driver/Src/stm32h5xx_ll_ucpd.c" -mcpu=cortex-m33 -std=gnu11 -g3 -DDEBUG -DUSE_FULL_LL_DRIVER -DUSE_HAL_DRIVER -DSTM32H563xx -c -I../Core/Inc -IC:/Users/choua/STM32Cube/Repository/STM32Cube_FW_H5_V1.1.1/Drivers/STM32H5xx_HAL_Driver/Inc -IC:/Users/choua/STM32Cube/Repository/STM32Cube_FW_H5_V1.1.1/Drivers/STM32H5xx_HAL_Driver/Inc/Legacy -IC:/Users/choua/STM32Cube/Repository/STM32Cube_FW_H5_V1.1.1/Drivers/CMSIS/Device/ST/STM32H5xx/Include -IC:/Users/choua/STM32Cube/Repository/STM32Cube_FW_H5_V1.1.1/Drivers/CMSIS/Include -O0 -ffunction-sections -fdata-sections -Wall -fstack-usage -fcyclomatic-complexity -MMD -MP -MF"Drivers/STM32H5xx_HAL_Driver/stm32h5xx_ll_ucpd.d" -MT"Drivers/STM32H5xx_HAL_Driver/stm32h5xx_ll_ucpd.o" --specs=nano.specs -mfpu=fpv5-sp-d16 -mfloat-abi=hard -mthumb -o "Drivers/STM32H5xx_HAL_Driver/stm32h5xx_ll_ucpd.o"
arm-none-eabi-gcc "C:/Users/choua/STM32Cube/Repository/STM32Cube_FW_H5_V1.1.1/Drivers/STM32H5xx_HAL_Driver/Src/stm32h5xx_ll_usb.c" -mcpu=cortex-m33 -std=gnu11 -g3 -DDEBUG -DUSE_FULL_LL_DRIVER -DUSE_HAL_DRIVER -DSTM32H563xx -c -I../Core/Inc -IC:/Users/choua/STM32Cube/Repository/STM32Cube_FW_H5_V1.1.1/Drivers/STM32H5xx_HAL_Driver/Inc -IC:/Users/choua/STM32Cube/Repository/STM32Cube_FW_H5_V1.1.1/Drivers/STM32H5xx_HAL_Driver/Inc/Legacy -IC:/Users/choua/STM32Cube/Repository/STM32Cube_FW_H5_V1.1.1/Drivers/CMSIS/Device/ST/STM32H5xx/Include -IC:/Users/choua/STM32Cube/Repository/STM32Cube_FW_H5_V1.1.1/Drivers/CMSIS/Include -O0 -ffunction-sections -fdata-sections -Wall -fstack-usage -fcyclomatic-complexity -MMD -MP -MF"Drivers/STM32H5xx_HAL_Driver/stm32h5xx_ll_usb.d" -MT"Drivers/STM32H5xx_HAL_Driver/stm32h5xx_ll_usb.o" --specs=nano.specs -mfpu=fpv5-sp-d16 -mfloat-abi=hard -mthumb -o "Drivers/STM32H5xx_HAL_Driver/stm32h5xx_ll_usb.o"
arm-none-eabi-gcc "C:/Users/choua/STM32Cube/Repository/STM32Cube_FW_H5_V1.1.1/Drivers/STM32H5xx_HAL_Driver/Src/stm32h5xx_ll_utils.c" -mcpu=cortex-m33 -std=gnu11 -g3 -DDEBUG -DUSE_FULL_LL_DRIVER -DUSE_HAL_DRIVER -DSTM32H563xx -c -I../Core/Inc -IC:/Users/choua/STM32Cube/Repository/STM32Cube_FW_H5_V1.1.1/Drivers/STM32H5xx_HAL_Driver/Inc -IC:/Users/choua/STM32Cube/Repository/STM32Cube_FW_H5_V1.1.1/Drivers/STM32H5xx_HAL_Driver/Inc/Legacy -IC:/Users/choua/STM32Cube/Repository/STM32Cube_FW_H5_V1.1.1/Drivers/CMSIS/Device/ST/STM32H5xx/Include -IC:/Users/choua/STM32Cube/Repository/STM32Cube_FW_H5_V1.1.1/Drivers/CMSIS/Include -O0 -ffunction-sections -fdata-sections -Wall -fstack-usage -fcyclomatic-complexity -MMD -MP -MF"Drivers/STM32H5xx_HAL_Driver/stm32h5xx_ll_utils.d" -MT"Drivers/STM32H5xx_HAL_Driver/stm32h5xx_ll_utils.o" --specs=nano.specs -mfpu=fpv5-sp-d16 -mfloat-abi=hard -mthumb -o "Drivers/STM32H5xx_HAL_Driver/stm32h5xx_ll_utils.o"
arm-none-eabi-gcc -mcpu=cortex-m33 -g3 -DDEBUG -c -x assembler-with-cpp -MMD -MP -MF"Core/Startup/startup_stm32h563zitx.d" -MT"Core/Startup/startup_stm32h563zitx.o" --specs=nano.specs -mfpu=fpv5-sp-d16 -mfloat-abi=hard -mthumb -o "Core/Startup/startup_stm32h563zitx.o" "../Core/Startup/startup_stm32h563zitx.s"
arm-none-eabi-gcc "../Core/Src/main.c" -mcpu=cortex-m33 -std=gnu11 -g3 -DDEBUG -DUSE_FULL_LL_DRIVER -DUSE_HAL_DRIVER -DSTM32H563xx -c -I../Core/Inc -IC:/Users/choua/STM32Cube/Repository/STM32Cube_FW_H5_V1.1.1/Drivers/STM32H5xx_HAL_Driver/Inc -IC:/Users/choua/STM32Cube/Repository/STM32Cube_FW_H5_V1.1.1/Drivers/STM32H5xx_HAL_Driver/Inc/Legacy -IC:/Users/choua/STM32Cube/Repository/STM32Cube_FW_H5_V1.1.1/Drivers/CMSIS/Device/ST/STM32H5xx/Include -IC:/Users/choua/STM32Cube/Repository/STM32Cube_FW_H5_V1.1.1/Drivers/CMSIS/Include -O0 -ffunction-sections -fdata-sections -Wall -fstack-usage -fcyclomatic-complexity -MMD -MP -MF"Core/Src/main.d" -MT"Core/Src/main.o" --specs=nano.specs -mfpu=fpv5-sp-d16 -mfloat-abi=hard -mthumb -o "Core/Src/main.o"
arm-none-eabi-gcc "../Core/Src/stm32h5xx_hal_msp.c" -mcpu=cortex-m33 -std=gnu11 -g3 -DDEBUG -DUSE_FULL_LL_DRIVER -DUSE_HAL_DRIVER -DSTM32H563xx -c -I../Core/Inc -IC:/Users/choua/STM32Cube/Repository/STM32Cube_FW_H5_V1.1.1/Drivers/STM32H5xx_HAL_Driver/Inc -IC:/Users/choua/STM32Cube/Repository/STM32Cube_FW_H5_V1.1.1/Drivers/STM32H5xx_HAL_Driver/Inc/Legacy -IC:/Users/choua/STM32Cube/Repository/STM32Cube_FW_H5_V1.1.1/Drivers/CMSIS/Device/ST/STM32H5xx/Include -IC:/Users/choua/STM32Cube/Repository/STM32Cube_FW_H5_V1.1.1/Drivers/CMSIS/Include -O0 -ffunction-sections -fdata-sections -Wall -fstack-usage -fcyclomatic-complexity -MMD -MP -MF"Core/Src/stm32h5xx_hal_msp.d" -MT"Core/Src/stm32h5xx_hal_msp.o" --specs=nano.specs -mfpu=fpv5-sp-d16 -mfloat-abi=hard -mthumb -o "Core/Src/stm32h5xx_hal_msp.o"
arm-none-eabi-gcc "../Core/Src/stm32h5xx_it.c" -mcpu=cortex-m33 -std=gnu11 -g3 -DDEBUG -DUSE_FULL_LL_DRIVER -DUSE_HAL_DRIVER -DSTM32H563xx -c -I../Core/Inc -IC:/Users/choua/STM32Cube/Repository/STM32Cube_FW_H5_V1.1.1/Drivers/STM32H5xx_HAL_Driver/Inc -IC:/Users/choua/STM32Cube/Repository/STM32Cube_FW_H5_V1.1.1/Drivers/STM32H5xx_HAL_Driver/Inc/Legacy -IC:/Users/choua/STM32Cube/Repository/STM32Cube_FW_H5_V1.1.1/Drivers/CMSIS/Device/ST/STM32H5xx/Include -IC:/Users/choua/STM32Cube/Repository/STM32Cube_FW_H5_V1.1.1/Drivers/CMSIS/Include -O0 -ffunction-sections -fdata-sections -Wall -fstack-usage -fcyclomatic-complexity -MMD -MP -MF"Core/Src/stm32h5xx_it.d" -MT"Core/Src/stm32h5xx_it.o" --specs=nano.specs -mfpu=fpv5-sp-d16 -mfloat-abi=hard -mthumb -o "Core/Src/stm32h5xx_it.o"
arm-none-eabi-gcc "../Core/Src/syscalls.c" -mcpu=cortex-m33 -std=gnu11 -g3 -DDEBUG -DUSE_FULL_LL_DRIVER -DUSE_HAL_DRIVER -DSTM32H563xx -c -I../Core/Inc -IC:/Users/choua/STM32Cube/Repository/STM32Cube_FW_H5_V1.1.1/Drivers/STM32H5xx_HAL_Driver/Inc -IC:/Users/choua/STM32Cube/Repository/STM32Cube_FW_H5_V1.1.1/Drivers/STM32H5xx_HAL_Driver/Inc/Legacy -IC:/Users/choua/STM32Cube/Repository/STM32Cube_FW_H5_V1.1.1/Drivers/CMSIS/Device/ST/STM32H5xx/Include -IC:/Users/choua/STM32Cube/Repository/STM32Cube_FW_H5_V1.1.1/Drivers/CMSIS/Include -O0 -ffunction-sections -fdata-sections -Wall -fstack-usage -fcyclomatic-complexity -MMD -MP -MF"Core/Src/syscalls.d" -MT"Core/Src/syscalls.o" --specs=nano.specs -mfpu=fpv5-sp-d16 -mfloat-abi=hard -mthumb -o "Core/Src/syscalls.o"
arm-none-eabi-gcc "../Core/Src/sysmem.c" -mcpu=cortex-m33 -std=gnu11 -g3 -DDEBUG -DUSE_FULL_LL_DRIVER -DUSE_HAL_DRIVER -DSTM32H563xx -c -I../Core/Inc -IC:/Users/choua/STM32Cube/Repository/STM32Cube_FW_H5_V1.1.1/Drivers/STM32H5xx_HAL_Driver/Inc -IC:/Users/choua/STM32Cube/Repository/STM32Cube_FW_H5_V1.1.1/Drivers/STM32H5xx_HAL_Driver/Inc/Legacy -IC:/Users/choua/STM32Cube/Repository/STM32Cube_FW_H5_V1.1.1/Drivers/CMSIS/Device/ST/STM32H5xx/Include -IC:/Users/choua/STM32Cube/Repository/STM32Cube_FW_H5_V1.1.1/Drivers/CMSIS/Include -O0 -ffunction-sections -fdata-sections -Wall -fstack-usage -fcyclomatic-complexity -MMD -MP -MF"Core/Src/sysmem.d" -MT"Core/Src/sysmem.o" --specs=nano.specs -mfpu=fpv5-sp-d16 -mfloat-abi=hard -mthumb -o "Core/Src/sysmem.o"
arm-none-eabi-gcc "../Core/Src/system_stm32h5xx.c" -mcpu=cortex-m33 -std=gnu11 -g3 -DDEBUG -DUSE_FULL_LL_DRIVER -DUSE_HAL_DRIVER -DSTM32H563xx -c -I../Core/Inc -IC:/Users/choua/STM32Cube/Repository/STM32Cube_FW_H5_V1.1.1/Drivers/STM32H5xx_HAL_Driver/Inc -IC:/Users/choua/STM32Cube/Repository/STM32Cube_FW_H5_V1.1.1/Drivers/STM32H5xx_HAL_Driver/Inc/Legacy -IC:/Users/choua/STM32Cube/Repository/STM32Cube_FW_H5_V1.1.1/Drivers/CMSIS/Device/ST/STM32H5xx/Include -IC:/Users/choua/STM32Cube/Repository/STM32Cube_FW_H5_V1.1.1/Drivers/CMSIS/Include -O0 -ffunction-sections -fdata-sections -Wall -fstack-usage -fcyclomatic-complexity -MMD -MP -MF"Core/Src/system_stm32h5xx.d" -MT"Core/Src/system_stm32h5xx.o" --specs=nano.specs -mfpu=fpv5-sp-d16 -mfloat-abi=hard -mthumb -o "Core/Src/system_stm32h5xx.o"
arm-none-eabi-gcc -o "new_h563zi.elf" @"objects.list"   -mcpu=cortex-m33 -T"C:\Users\choua\STM32CubeIDE\MakeCutter_ST\new_h563zi\STM32H563ZITX_FLASH.ld" --specs=nosys.specs -Wl,-Map="new_h563zi.map" -Wl,--gc-sections -static --specs=nano.specs -mfpu=fpv5-sp-d16 -mfloat-abi=hard -mthumb -Wl,--start-group -lc -lm -Wl,--end-group
Finished building target: new_h563zi.elf
 
arm-none-eabi-size  new_h563zi.elf 
arm-none-eabi-objdump -h -S new_h563zi.elf  > "new_h563zi.list"
   text	   data	    bss	    dec	    hex	filename
  40824	     20	   3028	  43872	   ab60	new_h563zi.elf
Finished building: default.size.stdout
 
Finished building: new_h563zi.list
 
21:48:38 **** Incremental Build of configuration Debug for project new_h563zi ****
make -j12 all 
arm-none-eabi-size  new_h563zi.elf 
   text	   data	    bss	    dec	    hex	filename
  40824	     20	   3028	  43872	   ab60	new_h563zi.elf
Finished building: default.size.stdout
 
