19:13:54 **** Incremental Build of configuration Debug for project pwm_test ****
make -j12 all 
arm-none-eabi-gcc "../Core/Src/main.c" -mcpu=cortex-m0plus -std=gnu11 -g3 -DDEBUG -DUSE_HAL_DRIVER -DSTM32C031xx -c -I../Core/Inc -I../Drivers/STM32C0xx_HAL_Driver/Inc -I../Drivers/STM32C0xx_HAL_Driver/Inc/Legacy -I../Drivers/CMSIS/Device/ST/STM32C0xx/Include -I../Drivers/CMSIS/Include -O0 -ffunction-sections -fdata-sections -Wall -fstack-usage -fcyclomatic-complexity -MMD -MP -MF"Core/Src/main.d" -MT"Core/Src/main.o" --specs=nano.specs -mfloat-abi=soft -mthumb -o "Core/Src/main.o"
arm-none-eabi-gcc -o "pwm_test.elf" @"objects.list"   -mcpu=cortex-m0plus -T"C:\Users\choua\STM32CubeIDE\MakeCutter_ST\pwm_test\STM32C031C6TX_FLASH.ld" --specs=nosys.specs -Wl,-Map="pwm_test.map" -Wl,--gc-sections -static --specs=nano.specs -mfloat-abi=soft -mthumb -Wl,--start-group -lc -lm -Wl,--end-group
Finished building target: pwm_test.elf
 
arm-none-eabi-size  pwm_test.elf 
arm-none-eabi-objdump -h -S pwm_test.elf  > "pwm_test.list"
   text	   data	    bss	    dec	    hex	filename
  13404	     20	   1884	  15308	   3bcc	pwm_test.elf
Finished building: default.size.stdout
 
Finished building: pwm_test.list
 

19:13:55 Build Finished. 0 errors, 0 warnings. (took 770ms)

