20:07:47 **** Incremental Build of configuration Debug for project servo_lib_test ****
make -j12 all 
arm-none-eabi-gcc "../Core/Src/servo.c" -mcpu=cortex-m0plus -std=gnu11 -g3 -DDEBUG -DUSE_HAL_DRIVER -DSTM32C031xx -c -I../Core/Inc -I../Drivers/STM32C0xx_HAL_Driver/Inc -I../Drivers/STM32C0xx_HAL_Driver/Inc/Legacy -I../Drivers/CMSIS/Device/ST/STM32C0xx/Include -I../Drivers/CMSIS/Include -O0 -ffunction-sections -fdata-sections -Wall -fstack-usage -fcyclomatic-complexity -MMD -MP -MF"Core/Src/servo.d" -MT"Core/Src/servo.o" --specs=nano.specs -mfloat-abi=soft -mthumb -o "Core/Src/servo.o"
arm-none-eabi-gcc -o "servo_lib_test.elf" @"objects.list"   -mcpu=cortex-m0plus -T"C:\Users\choua\STM32CubeIDE\MakeCutter_ST\servo_lib_test\STM32C031C6TX_FLASH.ld" --specs=nosys.specs -Wl,-Map="servo_lib_test.map" -Wl,--gc-sections -static --specs=nano.specs -mfloat-abi=soft -mthumb -Wl,--start-group -lc -lm -Wl,--end-group
Finished building target: servo_lib_test.elf
 
arm-none-eabi-size  servo_lib_test.elf 
arm-none-eabi-objdump -h -S servo_lib_test.elf  > "servo_lib_test.list"
   text	   data	    bss	    dec	    hex	filename
  13840	     24	   1912	  15776	   3da0	servo_lib_test.elf
Finished building: default.size.stdout
 
Finished building: servo_lib_test.list
 

20:07:48 Build Finished. 0 errors, 0 warnings. (took 757ms)

