C:/Users/choua/STM32Cube/Repository/STM32Cube_FW_H5_V1.1.1/Drivers/STM32H5xx_HAL_Driver/Src/stm32h5xx_hal_eth.c:307:19:HAL_ETH_Init	24	static
C:/Users/choua/STM32Cube/Repository/STM32Cube_FW_H5_V1.1.1/Drivers/STM32H5xx_HAL_Driver/Src/stm32h5xx_hal_eth.c:426:19:HAL_ETH_DeInit	16	static
C:/Users/choua/STM32Cube/Repository/STM32Cube_FW_H5_V1.1.1/Drivers/STM32H5xx_HAL_Driver/Src/stm32h5xx_hal_eth.c:459:13:HAL_ETH_MspInit	16	static
C:/Users/choua/STM32Cube/Repository/STM32Cube_FW_H5_V1.1.1/Drivers/STM32H5xx_HAL_Driver/Src/stm32h5xx_hal_eth.c:474:13:HAL_ETH_MspDeInit	16	static
C:/Users/choua/STM32Cube/Repository/STM32Cube_FW_H5_V1.1.1/Drivers/STM32H5xx_HAL_Driver/Src/stm32h5xx_hal_eth.c:709:19:HAL_ETH_Start	16	static
C:/Users/choua/STM32Cube/Repository/STM32Cube_FW_H5_V1.1.1/Drivers/STM32H5xx_HAL_Driver/Src/stm32h5xx_hal_eth.c:755:19:HAL_ETH_Start_IT	16	static
C:/Users/choua/STM32Cube/Repository/STM32Cube_FW_H5_V1.1.1/Drivers/STM32H5xx_HAL_Driver/Src/stm32h5xx_hal_eth.c:817:19:HAL_ETH_Stop	16	static
C:/Users/choua/STM32Cube/Repository/STM32Cube_FW_H5_V1.1.1/Drivers/STM32H5xx_HAL_Driver/Src/stm32h5xx_hal_eth.c:856:19:HAL_ETH_Stop_IT	24	static
C:/Users/choua/STM32Cube/Repository/STM32Cube_FW_H5_V1.1.1/Drivers/STM32H5xx_HAL_Driver/Src/stm32h5xx_hal_eth.c:917:19:HAL_ETH_Transmit	32	static,ignoring_inline_asm
C:/Users/choua/STM32Cube/Repository/STM32Cube_FW_H5_V1.1.1/Drivers/STM32H5xx_HAL_Driver/Src/stm32h5xx_hal_eth.c:992:19:HAL_ETH_Transmit_IT	16	static,ignoring_inline_asm
C:/Users/choua/STM32Cube/Repository/STM32Cube_FW_H5_V1.1.1/Drivers/STM32H5xx_HAL_Driver/Src/stm32h5xx_hal_eth.c:1038:19:HAL_ETH_ReadData	40	static
C:/Users/choua/STM32Cube/Repository/STM32Cube_FW_H5_V1.1.1/Drivers/STM32H5xx_HAL_Driver/Src/stm32h5xx_hal_eth.c:1150:13:ETH_UpdateDescriptor	40	static,ignoring_inline_asm
C:/Users/choua/STM32Cube/Repository/STM32Cube_FW_H5_V1.1.1/Drivers/STM32H5xx_HAL_Driver/Src/stm32h5xx_hal_eth.c:1225:19:HAL_ETH_RegisterRxAllocateCallback	16	static
C:/Users/choua/STM32Cube/Repository/STM32Cube_FW_H5_V1.1.1/Drivers/STM32H5xx_HAL_Driver/Src/stm32h5xx_hal_eth.c:1246:19:HAL_ETH_UnRegisterRxAllocateCallback	16	static
C:/Users/choua/STM32Cube/Repository/STM32Cube_FW_H5_V1.1.1/Drivers/STM32H5xx_HAL_Driver/Src/stm32h5xx_hal_eth.c:1259:13:HAL_ETH_RxAllocateCallback	16	static
C:/Users/choua/STM32Cube/Repository/STM32Cube_FW_H5_V1.1.1/Drivers/STM32H5xx_HAL_Driver/Src/stm32h5xx_hal_eth.c:1276:13:HAL_ETH_RxLinkCallback	24	static
C:/Users/choua/STM32Cube/Repository/STM32Cube_FW_H5_V1.1.1/Drivers/STM32H5xx_HAL_Driver/Src/stm32h5xx_hal_eth.c:1295:19:HAL_ETH_RegisterRxLinkCallback	16	static
C:/Users/choua/STM32Cube/Repository/STM32Cube_FW_H5_V1.1.1/Drivers/STM32H5xx_HAL_Driver/Src/stm32h5xx_hal_eth.c:1315:19:HAL_ETH_UnRegisterRxLinkCallback	16	static
C:/Users/choua/STM32Cube/Repository/STM32Cube_FW_H5_V1.1.1/Drivers/STM32H5xx_HAL_Driver/Src/stm32h5xx_hal_eth.c:1330:19:HAL_ETH_GetRxDataErrorCode	16	static
C:/Users/choua/STM32Cube/Repository/STM32Cube_FW_H5_V1.1.1/Drivers/STM32H5xx_HAL_Driver/Src/stm32h5xx_hal_eth.c:1345:19:HAL_ETH_RegisterTxFreeCallback	16	static
C:/Users/choua/STM32Cube/Repository/STM32Cube_FW_H5_V1.1.1/Drivers/STM32H5xx_HAL_Driver/Src/stm32h5xx_hal_eth.c:1365:19:HAL_ETH_UnRegisterTxFreeCallback	16	static
C:/Users/choua/STM32Cube/Repository/STM32Cube_FW_H5_V1.1.1/Drivers/STM32H5xx_HAL_Driver/Src/stm32h5xx_hal_eth.c:1378:13:HAL_ETH_TxFreeCallback	16	static
C:/Users/choua/STM32Cube/Repository/STM32Cube_FW_H5_V1.1.1/Drivers/STM32H5xx_HAL_Driver/Src/stm32h5xx_hal_eth.c:1393:19:HAL_ETH_ReleaseTxPacket	32	static
C:/Users/choua/STM32Cube/Repository/STM32Cube_FW_H5_V1.1.1/Drivers/STM32H5xx_HAL_Driver/Src/stm32h5xx_hal_eth.c:1832:6:HAL_ETH_IRQHandler	24	static
C:/Users/choua/STM32Cube/Repository/STM32Cube_FW_H5_V1.1.1/Drivers/STM32H5xx_HAL_Driver/Src/stm32h5xx_hal_eth.c:1988:13:HAL_ETH_TxCpltCallback	16	static
C:/Users/choua/STM32Cube/Repository/STM32Cube_FW_H5_V1.1.1/Drivers/STM32H5xx_HAL_Driver/Src/stm32h5xx_hal_eth.c:2003:13:HAL_ETH_RxCpltCallback	16	static
C:/Users/choua/STM32Cube/Repository/STM32Cube_FW_H5_V1.1.1/Drivers/STM32H5xx_HAL_Driver/Src/stm32h5xx_hal_eth.c:2018:13:HAL_ETH_ErrorCallback	16	static
C:/Users/choua/STM32Cube/Repository/STM32Cube_FW_H5_V1.1.1/Drivers/STM32H5xx_HAL_Driver/Src/stm32h5xx_hal_eth.c:2033:13:HAL_ETH_PMTCallback	16	static
C:/Users/choua/STM32Cube/Repository/STM32Cube_FW_H5_V1.1.1/Drivers/STM32H5xx_HAL_Driver/Src/stm32h5xx_hal_eth.c:2048:13:HAL_ETH_EEECallback	16	static
C:/Users/choua/STM32Cube/Repository/STM32Cube_FW_H5_V1.1.1/Drivers/STM32H5xx_HAL_Driver/Src/stm32h5xx_hal_eth.c:2063:13:HAL_ETH_WakeUpCallback	16	static
C:/Users/choua/STM32Cube/Repository/STM32Cube_FW_H5_V1.1.1/Drivers/STM32H5xx_HAL_Driver/Src/stm32h5xx_hal_eth.c:2081:19:HAL_ETH_ReadPHYRegister	32	static
C:/Users/choua/STM32Cube/Repository/STM32Cube_FW_H5_V1.1.1/Drivers/STM32H5xx_HAL_Driver/Src/stm32h5xx_hal_eth.c:2137:19:HAL_ETH_WritePHYRegister	32	static
C:/Users/choua/STM32Cube/Repository/STM32Cube_FW_H5_V1.1.1/Drivers/STM32H5xx_HAL_Driver/Src/stm32h5xx_hal_eth.c:2209:19:HAL_ETH_GetMACConfig	16	static
C:/Users/choua/STM32Cube/Repository/STM32Cube_FW_H5_V1.1.1/Drivers/STM32H5xx_HAL_Driver/Src/stm32h5xx_hal_eth.c:2281:19:HAL_ETH_GetDMAConfig	16	static
C:/Users/choua/STM32Cube/Repository/STM32Cube_FW_H5_V1.1.1/Drivers/STM32H5xx_HAL_Driver/Src/stm32h5xx_hal_eth.c:2316:19:HAL_ETH_SetMACConfig	16	static
C:/Users/choua/STM32Cube/Repository/STM32Cube_FW_H5_V1.1.1/Drivers/STM32H5xx_HAL_Driver/Src/stm32h5xx_hal_eth.c:2343:19:HAL_ETH_SetDMAConfig	16	static
C:/Users/choua/STM32Cube/Repository/STM32Cube_FW_H5_V1.1.1/Drivers/STM32H5xx_HAL_Driver/Src/stm32h5xx_hal_eth.c:2368:6:HAL_ETH_SetMDIOClockRange	24	static
C:/Users/choua/STM32Cube/Repository/STM32Cube_FW_H5_V1.1.1/Drivers/STM32H5xx_HAL_Driver/Src/stm32h5xx_hal_eth.c:2426:19:HAL_ETH_SetMACFilterConfig	24	static
C:/Users/choua/STM32Cube/Repository/STM32Cube_FW_H5_V1.1.1/Drivers/STM32H5xx_HAL_Driver/Src/stm32h5xx_hal_eth.c:2460:19:HAL_ETH_GetMACFilterConfig	16	static
C:/Users/choua/STM32Cube/Repository/STM32Cube_FW_H5_V1.1.1/Drivers/STM32H5xx_HAL_Driver/Src/stm32h5xx_hal_eth.c:2497:19:HAL_ETH_SetSourceMACAddrMatch	32	static
C:/Users/choua/STM32Cube/Repository/STM32Cube_FW_H5_V1.1.1/Drivers/STM32H5xx_HAL_Driver/Src/stm32h5xx_hal_eth.c:2533:19:HAL_ETH_SetHashTable	16	static
C:/Users/choua/STM32Cube/Repository/STM32Cube_FW_H5_V1.1.1/Drivers/STM32H5xx_HAL_Driver/Src/stm32h5xx_hal_eth.c:2555:6:HAL_ETH_SetRxVLANIdentifier	24	static
C:/Users/choua/STM32Cube/Repository/STM32Cube_FW_H5_V1.1.1/Drivers/STM32H5xx_HAL_Driver/Src/stm32h5xx_hal_eth.c:2577:6:HAL_ETH_EnterPowerDownMode	24	static
C:/Users/choua/STM32Cube/Repository/STM32Cube_FW_H5_V1.1.1/Drivers/STM32H5xx_HAL_Driver/Src/stm32h5xx_hal_eth.c:2599:6:HAL_ETH_ExitPowerDownMode	16	static
C:/Users/choua/STM32Cube/Repository/STM32Cube_FW_H5_V1.1.1/Drivers/STM32H5xx_HAL_Driver/Src/stm32h5xx_hal_eth.c:2623:19:HAL_ETH_SetWakeUpFilter	32	static
C:/Users/choua/STM32Cube/Repository/STM32Cube_FW_H5_V1.1.1/Drivers/STM32H5xx_HAL_Driver/Src/stm32h5xx_hal_eth.c:2672:22:HAL_ETH_GetState	16	static
C:/Users/choua/STM32Cube/Repository/STM32Cube_FW_H5_V1.1.1/Drivers/STM32H5xx_HAL_Driver/Src/stm32h5xx_hal_eth.c:2683:10:HAL_ETH_GetError	16	static
C:/Users/choua/STM32Cube/Repository/STM32Cube_FW_H5_V1.1.1/Drivers/STM32H5xx_HAL_Driver/Src/stm32h5xx_hal_eth.c:2694:10:HAL_ETH_GetDMAError	16	static
C:/Users/choua/STM32Cube/Repository/STM32Cube_FW_H5_V1.1.1/Drivers/STM32H5xx_HAL_Driver/Src/stm32h5xx_hal_eth.c:2705:10:HAL_ETH_GetMACError	16	static
C:/Users/choua/STM32Cube/Repository/STM32Cube_FW_H5_V1.1.1/Drivers/STM32H5xx_HAL_Driver/Src/stm32h5xx_hal_eth.c:2716:10:HAL_ETH_GetMACWakeUpSource	16	static
C:/Users/choua/STM32Cube/Repository/STM32Cube_FW_H5_V1.1.1/Drivers/STM32H5xx_HAL_Driver/Src/stm32h5xx_hal_eth.c:2734:13:ETH_SetMACConfig	24	static
C:/Users/choua/STM32Cube/Repository/STM32Cube_FW_H5_V1.1.1/Drivers/STM32H5xx_HAL_Driver/Src/stm32h5xx_hal_eth.c:2812:13:ETH_SetDMAConfig	24	static
C:/Users/choua/STM32Cube/Repository/STM32Cube_FW_H5_V1.1.1/Drivers/STM32H5xx_HAL_Driver/Src/stm32h5xx_hal_eth.c:2853:13:ETH_MACDMAConfig	152	static
C:/Users/choua/STM32Cube/Repository/STM32Cube_FW_H5_V1.1.1/Drivers/STM32H5xx_HAL_Driver/Src/stm32h5xx_hal_eth.c:2927:13:ETH_DMATxDescListInit	24	static
C:/Users/choua/STM32Cube/Repository/STM32Cube_FW_H5_V1.1.1/Drivers/STM32H5xx_HAL_Driver/Src/stm32h5xx_hal_eth.c:2965:13:ETH_DMARxDescListInit	24	static
C:/Users/choua/STM32Cube/Repository/STM32Cube_FW_H5_V1.1.1/Drivers/STM32H5xx_HAL_Driver/Src/stm32h5xx_hal_eth.c:3012:17:ETH_Prepare_Tx_Descriptors	56	static,ignoring_inline_asm
